case L=16 beta=14.1464 ...
  {"n": 512, "ess_per_n": 0.0019531273283064365, "log_weight_std": 40.114742279052734, "log_weight_range": 243.722412109375, "ess_per_n_fiber": 0.00195313710719347, "log_weight_std_fiber": 39.686588287353516, "log_weight_range_fiber": 234.724365234375, "fine_L": 16, "fine_beta": 14.1464, "coarse_L": 8, "coarse_beta": 3.9999887248909847, "seconds_hmc_base": 13.8, "seconds_generate": 347.5, "seconds_ode": 397.7}
case L=16 beta=55.0237 ...
  {"n": 512, "ess_per_n": 0.0019762057345360518, "log_weight_std": 40.90930938720703, "log_weight_range": 235.298828125, "ess_per_n_fiber": 0.002435223199427128, "log_weight_std_fiber": 40.55670928955078, "log_weight_range_fiber": 232.5927734375, "fine_L": 16, "fine_beta": 55.0237, "coarse_L": 8, "coarse_beta": 14.146404977472109, "seconds_hmc_base": 54.9, "seconds_generate": 310.6, "seconds_ode": 318.0}
case L=32 beta=55.0237 ...
  {"n": 512, "ess_per_n": 0.001953168772161007, "log_weight_std": 86.25210571289062, "log_weight_range": 493.046875, "ess_per_n_fiber": 0.001953133847564459, "log_weight_std_fiber": 85.44633483886719, "log_weight_range_fiber": 484.28125, "fine_L": 32, "fine_beta": 55.0237, "coarse_L": 16, "coarse_beta": 14.146404977472109, "seconds_hmc_base": 44.7, "seconds_generate": 274.8, "seconds_ode": 401.1}
case L=32 beta=218.58 ...
.venv\Scripts\python.exe : Traceback (most recent call last):
At line:1 char:355
+ ... FFERED="1"; .venv\Scripts\python.exe u1_2d\scripts\15_model_ess.py -- ...
+                 ~~~~~~~~~~~~~~~~~~~~~~~~~~~~~~~~~~~~~~~~~~~~~~~~~~~~~~~~~
    + CategoryInfo          : NotSpecified: (Traceback (most recent call last)::String) [], RemoteException
    + FullyQualifiedErrorId : NativeCommandError
 
  File "C:\Users\ompan\Desktop\Lattice QCD\inverse_rg_testing\u1_2d\scripts\15_model_ess.py", line 158, in <module>
    main()
    ~~~~^^
  File "C:\Users\ompan\Desktop\Lattice QCD\inverse_rg_testing\u1_2d\scripts\15_model_ess.py", line 124, in main
    diag = run_case(model, schedule, case, args, action_type, device)
  File "C:\Users\ompan\Desktop\Lattice QCD\inverse_rg_testing\u1_2d\scripts\15_model_ess.py", line 39, in run_case
    coarse, _ = run_hmc_ensemble(
                ~~~~~~~~~~~~~~~~^
        coarse_L, make_action(action_type, coarse_beta),
        ^^^^^^^^^^^^^^^^^^^^^^^^^^^^^^^^^^^^^^^^^^^^^^^^
    ...<2 lines>...
        topological_updates=True, hot_start=coarse_beta < 5,
        ^^^^^^^^^^^^^^^^^^^^^^^^^^^^^^^^^^^^^^^^^^^^^^^^^^^^
    )
    ^
  File "C:\Users\ompan\Desktop\Lattice QCD\inverse_rg_testing\u1_2d\lgt\hmc.py", line 182, in run_hmc_ensemble
    configs, stats = sampler.sample(
                     ~~~~~~~~~~~~~~^
        n_per_chain, burn_in=burn_in, thin=thin, record_history=record_history
        ^^^^^^^^^^^^^^^^^^^^^^^^^^^^^^^^^^^^^^^^^^^^^^^^^^^^^^^^^^^^^^^^^^^^^^
    )
    ^
  File "C:\Users\ompan\Desktop\Lattice QCD\inverse_rg_testing\u1_2d\lgt\hmc.py", line 138, in sample
    theta, accept = self.metropolis_step(theta)
                    ~~~~~~~~~~~~~~~~~~~~^^^^^^^
  File "C:\Users\ompan\Desktop\Lattice QCD\inverse_rg_testing\u1_2d\lgt\hmc.py", line 94, in metropolis_step
    theta_new, pi_new = self.omelyan(theta.clone(), pi)
                        ~~~~~~~~~~~~^^^^^^^^^^^^^^^^^^^
  File "C:\Users\ompan\Desktop\Lattice QCD\inverse_rg_testing\u1_2d\lgt\hmc.py", line 87, in omelyan
    pi = pi - 2.0 * lam * dt * self.force(theta)
                               ~~~~~~~~~~^^^^^^^
  File "C:\Users\ompan\Desktop\Lattice QCD\inverse_rg_testing\u1_2d\lgt\hmc.py", line 74, in force
    (grad,) = torch.autograd.grad(total, theta)
              ~~~~~~~~~~~~~~~~~~~^^^^^^^^^^^^^^
  File "C:\Users\ompan\Desktop\Lattice QCD\inverse_rg_testing\.venv\Lib\site-packages\torch\autograd\__init__.py", 
line 532, in grad
    result = _engine_run_backward(
        outputs,
    ...<5 lines>...
        accumulate_grad=False,
    )
  File "C:\Users\ompan\Desktop\Lattice QCD\inverse_rg_testing\.venv\Lib\site-packages\torch\autograd\graph.py", line 
869, in _engine_run_backward
    return Variable._execution_engine.run_backward(  # Calls into the C++ engine to run the backward pass
           ~~~~~~~~~~~~~~~~~~~~~~~~~~~~~~~~~~~~~~~^^^^^^^^^^^^^^^^^^^^^^^^^^^^^^^^^^^^^^^^^^^^^^^^^^^^^^^
        t_outputs, *args, **kwargs
        ^^^^^^^^^^^^^^^^^^^^^^^^^^
    )  # Calls into the C++ engine to run the backward pass
    ^
torch.AcceleratorError: CUDA error: out of memory
Search for `cudaErrorMemoryAllocation' in https://docs.nvidia.com/cuda/cuda-runtime-api/group__CUDART__TYPES.html for 
more information.
CUDA kernel errors might be asynchronously reported at some other API call, so the stacktrace below might be incorrect.
For debugging consider passing CUDA_LAUNCH_BLOCKING=1
Compile with `TORCH_USE_CUDA_DSA` to enable device-side assertions.

