device: cuda | NVIDIA GeForce RTX 5060 Laptop GPU | sm_120 | 8.0 GiB | torch 2.11.0+cu128/cu12.8 | tf32 off
6 cases, output -> out\u1_2d\generalization
[1/6] G_bc1.8: base L=16 beta=1.8 -> L=32 beta=5.40662 (crossover-window matched pair 1.8 -> 5.4066)
    HMC L=16 beta=1.8: 128 configs, acc 0.986, hot start, burn 200, 10s
    generated 128 configs L=32 beta=5.40662 in 37s
    HMC L=32 beta=5.40662: 192 configs, acc 0.970, hot start, burn 200, 13s
    case done in 78s
[2/6] G_bc2.1: base L=16 beta=2.1 -> L=32 beta=6.46896 (crossover-window matched pair 2.1 -> 6.4690)
    HMC L=16 beta=2.1: 128 configs, acc 0.973, hot start, burn 200, 9s
    generated 128 configs L=32 beta=6.46896 in 33s
    HMC L=32 beta=6.46896: 192 configs, acc 0.973, hot start, burn 200, 11s
    case done in 69s
[3/6] G_bc2.3: base L=16 beta=2.3 -> L=32 beta=7.22069 (crossover-window matched pair 2.3 -> 7.2207)
    HMC L=16 beta=2.3: 128 configs, acc 0.977, hot start, burn 200, 9s
    generated 128 configs L=32 beta=7.22069 in 35s
    HMC L=32 beta=7.22069: 192 configs, acc 0.972, hot start, burn 200, 14s
    case done in 73s
[4/6] G_bc2.5: base L=16 beta=2.5 -> L=32 beta=7.99845 (crossover-window matched pair 2.5 -> 7.9984)
    HMC L=16 beta=2.5: 128 configs, acc 0.972, hot start, burn 200, 9s
    generated 128 configs L=32 beta=7.99845 in 33s
    HMC L=32 beta=7.99845: 192 configs, acc 0.974, hot start, burn 200, 13s
    case done in 69s
[5/6] G_bc2.6: base L=16 beta=2.6 -> L=32 beta=8.39494 (crossover-window matched pair 2.6 -> 8.3949)
    HMC L=16 beta=2.6: 128 configs, acc 0.970, hot start, burn 200, 9s
    generated 128 configs L=32 beta=8.39494 in 32s
    HMC L=32 beta=8.39494: 192 configs, acc 0.974, cold start, burn 600, 34s
    case done in 90s
[6/6] G_bc2.9: base L=16 beta=2.9 -> L=32 beta=9.60608 (crossover-window matched pair 2.9 -> 9.6061)
    HMC L=16 beta=2.9: 128 configs, acc 0.980, hot start, burn 200, 9s
    generated 128 configs L=32 beta=9.60608 in 33s
    HMC L=32 beta=9.60608: 192 configs, acc 0.976, cold start, burn 600, 38s
    case done in 95s
summary: out\u1_2d\generalization\summary.json
tables:  out\u1_2d\generalization\summary_tables.md
