[2026-08-14 16:27:26] HPARAM_START: 9 arms, 3 concurrent
[2026-08-14 16:27:26] base_s0: START (baseline, seed 0)[2026-08-14 16:27:26] base_s1: START (baseline, seed 1)

[2026-08-14 16:27:26] base_s2: START (baseline, seed 2)
[2026-08-14 17:57:42] base_s1: DONE (90.3 min)
[2026-08-14 17:57:42] kernel5: START ({'kernel_size': 5}, seed 0)
[2026-08-14 17:57:44] base_s2: DONE (90.3 min)
[2026-08-14 17:57:44] sigmax3: START ({'sigma_max': 3.0}, seed 0)
[2026-08-14 17:58:46] base_s0: DONE (91.3 min)
[2026-08-14 17:58:46] sigmax12: START ({'sigma_max': 12.0}, seed 0)
[2026-08-14 17:59:05] sigmax3: FAILED rc=1 in 02_train.py (1.4 min)
[2026-08-14 17:59:05] topo03: START ({'topo_weight': 0.3}, seed 0)
[2026-08-14 18:16:03] HPARAM_START: 9 arms, 6 concurrent
[2026-08-14 18:16:03] base_s0: SKIP (already complete)
[2026-08-14 18:16:03] base_s1: SKIP (already complete)
[2026-08-14 18:16:03] base_s2: SKIP (already complete)
[2026-08-14 18:16:04] sigmax3: START ({'sigma_max': 3.0}, seed 0)
[2026-08-14 18:16:04] sigmax12: START ({'sigma_max': 12.0}, seed 0)
[2026-08-14 18:16:04] kernel5: START ({'kernel_size': 5}, seed 0)
[2026-08-14 18:16:04] topo03: START ({'topo_weight': 0.3}, seed 0)
[2026-08-14 18:16:04] sym10: START ({'sym_augment': 1.0}, seed 0)
[2026-08-14 18:16:04] batch32: START ({'batch_size': 32}, seed 0)
[2026-08-14 19:23:57] batch32: DONE (67.9 min)
[2026-08-14 20:06:55] sigmax3: DONE (110.9 min)
[2026-08-14 20:09:19] kernel5: DONE (113.3 min)
[2026-08-14 20:09:53] sym10: DONE (113.8 min)
[2026-08-14 20:09:59] sigmax12: DONE (113.9 min)
[2026-08-14 20:10:07] topo03: DONE (114.1 min)
[2026-08-14 20:10:07] wall clock 114.1 min
[2026-08-14 20:10:07] HPARAM_DONE

fiber log-weight std (lower is better)

| arm | change | 16:14.1 | 16:55.0 | 32:55.0 | geo mean |
|---|---|---|---|---|---|
| base_s0 | (baseline) | 40.6 | 38.7 | 53.5 | 43.8 |
| base_s1 | (baseline) | 44.1 | 40.3 | 59.0 | 47.1 |
| base_s2 | (baseline) | 53.6 | 47.9 | 80.5 | 59.1 |
| kernel5 | kernel_size=5 | 40.1 | 36.6 | 59.2 | 44.3 |
| sigmax3 | sigma_max=3.0 | 49.9 | 40.9 | 59.8 | 49.6 |
| sigmax12 | sigma_max=12.0 | 46.1 | 42.6 | 67.4 | 50.9 |
| topo03 | topo_weight=0.3 | 31.7 | 33.4 | 45.7 | 36.5 |
| sym10 | sym_augment=1.0 | 42.3 | 39.8 | 55.7 | 45.4 |
| batch32 | batch_size=32 | 47.1 | 42.4 | 61.1 | 49.6 |

baseline seed spread (the noise floor): 43.8-59.1 (ratio 1.35x)
knobs outside the baseline seed range: topo03
wrote out\u1_2d\hparam_sweep.json
