[2026-08-14 20:50:26] HPARAM_START: 13 arms, 6 concurrent
[2026-08-14 20:50:26] base_s0: SKIP (already complete)
[2026-08-14 20:50:26] base_s1: SKIP (already complete)
[2026-08-14 20:50:26] kernel5: SKIP (already complete)
[2026-08-14 20:50:26] base_s2: SKIP (already complete)
[2026-08-14 20:50:26] sigmax12: SKIP (already complete)[2026-08-14 20:50:26] sigmax3: SKIP (already complete)

[2026-08-14 20:50:26] batch32: SKIP (already complete)
[2026-08-14 20:50:26] topo03: SKIP (already complete)
[2026-08-14 20:50:26] sym10: SKIP (already complete)
[2026-08-14 20:50:26] topo03_s1: START ({'topo_weight': 0.3}, seed 1)
[2026-08-14 20:50:26] topo05: START ({'topo_weight': 0.5}, seed 0)
[2026-08-14 20:50:26] topo03_s2: START ({'topo_weight': 0.3}, seed 2)
[2026-08-14 20:50:26] topo05_s1: START ({'topo_weight': 0.5}, seed 1)
[2026-08-14 22:13:24] topo03_s1: DONE (83.0 min)
[2026-08-14 22:14:31] topo05: DONE (84.1 min)
[2026-08-14 22:14:58] topo03_s2: DONE (84.5 min)
[2026-08-14 22:15:02] topo05_s1: DONE (84.6 min)
[2026-08-14 22:15:02] wall clock 84.6 min
[2026-08-14 22:15:02] HPARAM_DONE

fiber log-weight std (lower is better)

| arm | change | 16:14.1 | 16:55.0 | 32:55.0 | geo mean |
|---|---|---|---|---|---|
| base_s0 | (baseline) | 40.6 | 38.7 | 53.5 | 43.8 |
| base_s1 | (baseline) | 44.1 | 40.3 | 59.0 | 47.1 |
| base_s2 | (baseline) | 53.6 | 47.9 | 80.5 | 59.1 |
| kernel5 | kernel_size=5 | 40.1 | 36.6 | 59.2 | 44.3 |
| sigmax3 | sigma_max=3.0 | 49.9 | 40.9 | 59.8 | 49.6 |
| sigmax12 | sigma_max=12.0 | 46.1 | 42.6 | 67.4 | 50.9 |
| topo03 | topo_weight=0.3 | 31.7 | 33.4 | 45.7 | 36.5 |
| sym10 | sym_augment=1.0 | 42.3 | 39.8 | 55.7 | 45.4 |
| batch32 | batch_size=32 | 47.1 | 42.4 | 61.1 | 49.6 |
| topo03_s1 | topo_weight=0.3 | 30.5 | 38.5 | 48.1 | 38.4 |
| topo03_s2 | topo_weight=0.3 | 39.5 | 38.3 | 52.8 | 43.1 |
| topo05 | topo_weight=0.5 | 28.1 | 35.2 | 52.3 | 37.3 |
| topo05_s1 | topo_weight=0.5 | 28.4 | 32.6 | 50.2 | 36.0 |

baseline seed spread (the noise floor): 43.8-59.1 (ratio 1.35x)
knobs outside the baseline seed range: topo03, topo03_s1, topo03_s2, topo05, topo05_s1
wrote out\u1_2d\hparam_sweep.json
