device: cuda | NVIDIA GeForce RTX 5060 Laptop GPU | sm_120 | 8.0 GiB | torch 2.11.0+cu128/cu12.8 | tf32 off
19 cases, output -> out\u1_2d\generalization_exact_sectors_b
[1/19] A_bc5: base L=16 beta=5 -> L=32 beta=18.2524 (matched pair 5 -> 18.2524)
    HMC L=16 beta=5: 128 configs, acc 0.978, hot start, burn 200, 10s
    generated 128 configs L=32 beta=18.2524 in 33s
    HMC L=32 beta=18.2524: 192 configs, acc 0.978, cold start, burn 600, 41s
    case done in 100s
[2/19] A_bc6: base L=16 beta=6 -> L=32 beta=22.3151 (matched pair 6 -> 22.3151)
    HMC L=16 beta=6: 128 configs, acc 0.978, hot start, burn 200, 8s
    generated 128 configs L=32 beta=22.3151 in 28s
    HMC L=32 beta=22.3151: 192 configs, acc 0.975, cold start, burn 2000, 136s
    case done in 187s
[3/19] A_bc8: base L=16 beta=8 -> L=32 beta=30.3772 (matched pair 8 -> 30.3772)
    HMC L=16 beta=8: 128 configs, acc 0.989, cold start, burn 600, 26s
    generated 128 configs L=32 beta=30.3772 in 27s
    HMC L=32 beta=30.3772: 192 configs, acc 0.983, cold start, burn 2000, 151s
    case done in 221s
[4/19] D_bc14.1464: base L=16 beta=14.1464 -> L=32 beta=55.0237 (matched pair 14.1464 -> 55.0237)
    HMC L=16 beta=14.1464: 128 configs, acc 0.992, cold start, burn 600, 33s
    generated 128 configs L=32 beta=55.0237 in 23s
    HMC L=32 beta=55.0237: 192 configs, acc 0.986, cold start, burn 2000, 217s
    case done in 288s
[5/19] D_bc20: base L=16 beta=20 -> L=32 beta=78.4578 (matched pair 20 -> 78.4578 (beyond training range))
    HMC L=16 beta=20: 128 configs, acc 0.989, cold start, burn 2000, 153s
    generated 128 configs L=32 beta=78.4578 in 29s
    HMC L=32 beta=78.4578: 192 configs, acc 0.983, cold start, burn 2000, 284s
    case done in 480s
[6/19] D_bc30: base L=16 beta=30 -> L=32 beta=118.473 (matched pair 30 -> 118.4726 (beyond training range))
    HMC L=16 beta=30: 128 configs, acc 0.988, cold start, burn 2000, 183s
    generated 128 configs L=32 beta=118.473 in 28s
    HMC L=32 beta=118.473: 192 configs, acc 0.981, cold start, burn 2000, 339s
    case done in 565s
[7/19] D_bc40: base L=16 beta=40 -> L=32 beta=158.48 (matched pair 40 -> 158.4797 (beyond training range))
    HMC L=16 beta=40: 128 configs, acc 0.988, cold start, burn 2000, 204s
    generated 128 configs L=32 beta=158.48 in 29s
    HMC L=32 beta=158.48: 192 configs, acc 0.968, cold start, burn 2000, 448s
    case done in 697s
[8/19] D_bc55.0237: base L=16 beta=55.0237 -> L=32 beta=218.58 (matched pair 55.0237 -> 218.5802 (beyond training range))
    HMC L=16 beta=55.0237: 128 configs, acc 0.986, cold start, burn 2000, 270s
    generated 128 configs L=32 beta=218.58 in 28s
    HMC L=32 beta=218.58: 192 configs, acc 0.983, cold start, burn 2000, 457s
    case done in 771s
[9/19] F_L32_bc100: base L=16 beta=100 -> L=32 beta=398.492 (extrapolation demo 100 -> 398.4921 at L=32)
    HMC L=16 beta=100: 64 configs, acc 0.997, cold start, burn 2000, 313s
    generated 64 configs L=32 beta=398.492 in 22s
    HMC L=32 beta=398.492: 96 configs, acc 0.975, cold start, burn 2000, 615s
    case done in 967s
[10/19] F_L32_bc218.58: base L=16 beta=218.58 -> L=32 beta=872.816 (extrapolation demo 218.58 -> 872.8164 at L=32)
    HMC L=16 beta=218.58: 64 configs, acc 0.984, cold start, burn 2000, 418s
    generated 64 configs L=32 beta=872.816 in 14s
    HMC L=32 beta=872.816: 96 configs, acc 0.965, cold start, burn 2000, 838s
    case done in 1280s
[11/19] F_L64_bc55.0237: base L=32 beta=55.0237 -> L=64 beta=218.58 (extrapolation demo 55.0237 -> 218.5802 at L=64)
    HMC L=32 beta=55.0237: 64 configs, acc 0.969, cold start, burn 2000, 215s
    generated 64 configs L=64 beta=218.58 in 27s
    HMC L=64 beta=218.58: 96 configs, acc 0.942, cold start, burn 2000, 384s
    case done in 649s
[12/19] B_bt6: base L=16 beta=4 -> L=32 beta=6 (mismatch: matched target is 14.1464)
    HMC L=16 beta=4: 128 configs, acc 0.978, hot start, burn 200, 8s
    generated 128 configs L=32 beta=6 in 30s
    HMC L=32 beta=6: 192 configs, acc 0.978, hot start, burn 200, 10s
    case done in 62s
[13/19] B_bt10: base L=16 beta=4 -> L=32 beta=10 (mismatch: matched target is 14.1464)
    generated 128 configs L=32 beta=10 in 29s
    HMC L=32 beta=10: 192 configs, acc 0.986, cold start, burn 600, 33s
    case done in 75s
[14/19] B_bt16: base L=16 beta=4 -> L=32 beta=16 (mismatch: matched target is 14.1464)
    generated 128 configs L=32 beta=16 in 1430s
    HMC L=32 beta=16: 192 configs, acc 0.978, cold start, burn 600, 30s
    case done in 1478s
[15/19] B_bt20: base L=16 beta=4 -> L=32 beta=20 (mismatch: matched target is 14.1464)
    generated 128 configs L=32 beta=20 in 18s
    HMC L=32 beta=20: 192 configs, acc 0.981, cold start, burn 2000, 144s
    case done in 174s
[16/19] B_bt30: base L=16 beta=4 -> L=32 beta=30 (mismatch: matched target is 14.1464)
    generated 128 configs L=32 beta=30 in 29s
    HMC L=32 beta=30: 192 configs, acc 0.984, cold start, burn 2000, 189s
    case done in 232s
[17/19] B_bt55.0237: base L=16 beta=4 -> L=32 beta=55.0237 (mismatch: matched target is 14.1464)
    generated 128 configs L=32 beta=55.0237 in 33s
    case done in 48s
[18/19] B_bc2_bt8: base L=16 beta=2 -> L=32 beta=8 (tree-level beta_f = 4 beta_c; matched target is 6.1052)
    HMC L=16 beta=2: 128 configs, acc 0.981, hot start, burn 200, 9s
    generated 128 configs L=32 beta=8 in 32s
    HMC L=32 beta=8: 192 configs, acc 0.977, cold start, burn 600, 35s
    case done in 92s
[19/19] C_L64: base L=32 beta=4 -> L=64 beta=14.1464 (size scan rung)
    HMC L=32 beta=4: 96 configs, acc 0.963, hot start, burn 200, 9s
    generated 96 configs L=64 beta=14.1464 in 35s
    HMC L=64 beta=14.1464: 96 configs, acc 0.956, cold start, burn 600, 39s
    case done in 119s
summary: out\u1_2d\generalization_exact_sectors_b\summary.json
tables:  out\u1_2d\generalization_exact_sectors_b\summary_tables.md
