device: cuda | NVIDIA GeForce RTX 5060 Laptop GPU | sm_120 | 8.0 GiB | torch 2.11.0+cu128/cu12.8 | tf32 off
simulating base rung L=8 beta=1.3472 ...
  acceptance 0.995
rung 0: L=16 beta=4.0 plaq=0.8640 (pre-retherm 0.8553) <Q^2>=2.062  [45s]
rung 1: L=32 beta=14.1464 plaq=0.9641 (pre-retherm 0.9634) <Q^2>=2.062  [68s]
rung 2: L=64 beta=55.0237 plaq=0.9909 (pre-retherm 0.9907) <Q^2>=2.062  [388s]
saved artifacts\projsweep\s050_seed12\generated\ladder_rung0_wilson_L16_beta4.pt
saved artifacts\projsweep\s050_seed12\generated\ladder_rung0_raw_wilson_L16_beta4.pt
saved artifacts\projsweep\s050_seed12\generated\ladder_rung1_wilson_L32_beta14.1464.pt
saved artifacts\projsweep\s050_seed12\generated\ladder_rung1_raw_wilson_L32_beta14.1464.pt
saved artifacts\projsweep\s050_seed12\generated\ladder_rung2_wilson_L64_beta55.0237.pt
saved artifacts\projsweep\s050_seed12\generated\ladder_rung2_raw_wilson_L64_beta55.0237.pt
device: cuda | NVIDIA GeForce RTX 5060 Laptop GPU | sm_120 | 8.0 GiB | torch 2.11.0+cu128/cu12.8 | tf32 off
loaded artifacts\projsweep\s050_seed12\generated\ladder_rung0_raw_wilson_L16_beta4.pt
loaded artifacts\projsweep\s050_seed12\generated\ladder_rung0_wilson_L16_beta4.pt
loaded artifacts\projsweep\s050_seed12\generated\ladder_rung1_raw_wilson_L32_beta14.1464.pt
loaded artifacts\projsweep\s050_seed12\generated\ladder_rung1_wilson_L32_beta14.1464.pt
loaded artifacts\projsweep\s050_seed12\generated\ladder_rung2_raw_wilson_L64_beta55.0237.pt
loaded artifacts\projsweep\s050_seed12\generated\ladder_rung2_wilson_L64_beta55.0237.pt
simulating reference HMC at L=16 beta=4.0 (no Q-hops) ...
  acceptance 0.979, 10s
simulating reference HMC at L=32 beta=14.1464 (no Q-hops) ...
  acceptance 0.986, 15s
simulating reference HMC at L=64 beta=55.0237 (no Q-hops) ...
  acceptance 0.955, 30s
freezing demo: direct HMC time series at L=64 beta=55.0237 ...
  freezing-chain acceptance 0.947
  tau_int(Q) HMC = 300.0 +- nan
report: out\u1_2d\proj_sigma_ab\s050_seed12\report.md
{'rung': 0, 'L': 16, 'beta': 4.0, 'plaq_deviation': 0.00045894543322710923, 'plaq_z': 0.4866417149234904, 'z': {'plaquette': 0.4866417149234904, 'wilson_2x2': 0.6617123510332876, 'wilson_4x4': 1.1095908684507942}}
{'rung': 1, 'L': 32, 'beta': 14.1464, 'plaq_deviation': 9.272807153526408e-05, 'plaq_z': 0.6934016460207639, 'z': {'plaquette': 0.6934016460207639, 'wilson_2x2': 0.9773420724041485, 'wilson_4x4': 0.5279264184461727}}
{'rung': 2, 'L': 64, 'beta': 55.0237, 'plaq_deviation': -5.939691379741596e-06, 'plaq_z': -0.3975385199873897, 'z': {'plaquette': -0.3975385199873897, 'wilson_2x2': 0.9733132732338631, 'wilson_4x4': 1.4361536145338372}}
