======== launch Fri 08/14/2026 14:55:33.10 ======== 
[2026-08-14 14:55:33] PROJSEED_START: 3x3 arms, 3 concurrent
[2026-08-14 14:55:33] s020_seed11: START
[2026-08-14 14:55:33] s031_seed11: START
[2026-08-14 14:55:33] s050_seed11: START
[2026-08-14 15:05:30] s050_seed11: DONE (10.0 min)
[2026-08-14 15:05:30] s020_seed12: START
[2026-08-14 15:05:45] s020_seed11: DONE (10.2 min)
[2026-08-14 15:05:45] s031_seed12: START
[2026-08-14 15:05:45] s031_seed11: DONE (10.2 min)
[2026-08-14 15:05:45] s050_seed12: START
[2026-08-14 15:16:41] s050_seed12: DONE (10.9 min)
[2026-08-14 15:16:41] s020_seed13: START
[2026-08-14 15:16:41] s031_seed12: DONE (10.9 min)
[2026-08-14 15:16:41] s031_seed13: START
[2026-08-14 15:16:41] s020_seed12: DONE (11.2 min)
[2026-08-14 15:16:41] s050_seed13: START
[2026-08-14 15:27:05] s020_seed13: DONE (10.4 min)
[2026-08-14 15:27:06] s050_seed13: DONE (10.4 min)
[2026-08-14 15:27:25] s031_seed13: DONE (10.7 min)
[2026-08-14 15:27:25] wall clock 31.9 min
[2026-08-14 15:27:25] PROJSEED_DONE
======== exit 0 at Fri 08/14/2026 15:27:25.75 ======== 
