device: cuda | NVIDIA GeForce RTX 5060 Laptop GPU | sm_120 | 8.0 GiB | torch 2.11.0+cu128/cu12.8 | tf32 off
loaded base ensemble artifacts\projsweep\s050_seed11\generated\wilson_L8_beta1.3472.pt
rung 0: L=16 beta=4.0 plaq=0.8634 (pre-retherm 0.8543) <Q^2>=1.865  [40s]
rung 1: L=32 beta=14.1464 plaq=0.9640 (pre-retherm 0.9634) <Q^2>=1.865  [69s]
rung 2: L=64 beta=55.0237 plaq=0.9909 (pre-retherm 0.9907) <Q^2>=1.865  [340s]
saved artifacts\projsweep\s050_seed11\generated\ladder_rung0_wilson_L16_beta4.pt
saved artifacts\projsweep\s050_seed11\generated\ladder_rung0_raw_wilson_L16_beta4.pt
saved artifacts\projsweep\s050_seed11\generated\ladder_rung1_wilson_L32_beta14.1464.pt
saved artifacts\projsweep\s050_seed11\generated\ladder_rung1_raw_wilson_L32_beta14.1464.pt
saved artifacts\projsweep\s050_seed11\generated\ladder_rung2_wilson_L64_beta55.0237.pt
saved artifacts\projsweep\s050_seed11\generated\ladder_rung2_raw_wilson_L64_beta55.0237.pt
device: cuda | NVIDIA GeForce RTX 5060 Laptop GPU | sm_120 | 8.0 GiB | torch 2.11.0+cu128/cu12.8 | tf32 off
loaded artifacts\projsweep\s050_seed11\generated\ladder_rung0_raw_wilson_L16_beta4.pt
loaded artifacts\projsweep\s050_seed11\generated\ladder_rung0_wilson_L16_beta4.pt
loaded artifacts\projsweep\s050_seed11\generated\ladder_rung1_raw_wilson_L32_beta14.1464.pt
loaded artifacts\projsweep\s050_seed11\generated\ladder_rung1_wilson_L32_beta14.1464.pt
loaded artifacts\projsweep\s050_seed11\generated\ladder_rung2_raw_wilson_L64_beta55.0237.pt
loaded artifacts\projsweep\s050_seed11\generated\ladder_rung2_wilson_L64_beta55.0237.pt
simulating reference HMC at L=16 beta=4.0 (no Q-hops) ...
  acceptance 0.977, 13s
simulating reference HMC at L=32 beta=14.1464 (no Q-hops) ...
  acceptance 0.984, 16s
simulating reference HMC at L=64 beta=55.0237 (no Q-hops) ...
  acceptance 0.956, 31s
freezing demo: direct HMC time series at L=64 beta=55.0237 ...
  freezing-chain acceptance 0.963
  tau_int(Q) HMC = 300.0 +- nan
report: out\u1_2d\proj_sigma_ab\s050_seed11\report.md
{'rung': 0, 'L': 16, 'beta': 4.0, 'plaq_deviation': -0.00011336967356223582, 'plaq_z': -0.12088142006889625, 'z': {'plaquette': -0.12088142006889625, 'wilson_2x2': -0.960228425388811, 'wilson_4x4': 0.16299798901867207}}
{'rung': 1, 'L': 32, 'beta': 14.1464, 'plaq_deviation': -1.4855518316592153e-05, 'plaq_z': -0.10454926499854397, 'z': {'plaquette': -0.10454926499854397, 'wilson_2x2': -1.5566435714510434, 'wilson_4x4': -1.726184116592167}}
{'rung': 2, 'L': 64, 'beta': 55.0237, 'plaq_deviation': 3.7544452994309196e-06, 'plaq_z': 0.2637223038804383, 'z': {'plaquette': 0.2637223038804383, 'wilson_2x2': 0.861524923731818, 'wilson_4x4': -0.20312888813834312}}
