device: cuda | NVIDIA GeForce RTX 5060 Laptop GPU | sm_120 | 8.0 GiB | torch 2.11.0+cu128/cu12.8 | tf32 off
simulating base rung L=8 beta=1.3472 ...
  acceptance 0.995
rung 0: L=16 beta=4.0 plaq=0.8640 (pre-retherm 0.8553) <Q^2>=2.099  [44s]
rung 1: L=32 beta=14.1464 plaq=0.9641 (pre-retherm 0.9634) <Q^2>=2.099  [66s]
rung 2: L=64 beta=55.0237 plaq=0.9909 (pre-retherm 0.9907) <Q^2>=2.099  [407s]
saved artifacts\projsweep\s020_seed12\generated\ladder_rung0_wilson_L16_beta4.pt
saved artifacts\projsweep\s020_seed12\generated\ladder_rung0_raw_wilson_L16_beta4.pt
saved artifacts\projsweep\s020_seed12\generated\ladder_rung1_wilson_L32_beta14.1464.pt
saved artifacts\projsweep\s020_seed12\generated\ladder_rung1_raw_wilson_L32_beta14.1464.pt
saved artifacts\projsweep\s020_seed12\generated\ladder_rung2_wilson_L64_beta55.0237.pt
saved artifacts\projsweep\s020_seed12\generated\ladder_rung2_raw_wilson_L64_beta55.0237.pt
device: cuda | NVIDIA GeForce RTX 5060 Laptop GPU | sm_120 | 8.0 GiB | torch 2.11.0+cu128/cu12.8 | tf32 off
loaded artifacts\projsweep\s020_seed12\generated\ladder_rung0_raw_wilson_L16_beta4.pt
loaded artifacts\projsweep\s020_seed12\generated\ladder_rung0_wilson_L16_beta4.pt
loaded artifacts\projsweep\s020_seed12\generated\ladder_rung1_raw_wilson_L32_beta14.1464.pt
loaded artifacts\projsweep\s020_seed12\generated\ladder_rung1_wilson_L32_beta14.1464.pt
loaded artifacts\projsweep\s020_seed12\generated\ladder_rung2_raw_wilson_L64_beta55.0237.pt
loaded artifacts\projsweep\s020_seed12\generated\ladder_rung2_wilson_L64_beta55.0237.pt
simulating reference HMC at L=16 beta=4.0 (no Q-hops) ...
  acceptance 0.979, 11s
simulating reference HMC at L=32 beta=14.1464 (no Q-hops) ...
  acceptance 0.986, 15s
simulating reference HMC at L=64 beta=55.0237 (no Q-hops) ...
  acceptance 0.955, 30s
freezing demo: direct HMC time series at L=64 beta=55.0237 ...
  freezing-chain acceptance 0.947
  tau_int(Q) HMC = 300.0 +- nan
report: out\u1_2d\proj_sigma_ab\s020_seed12\report.md
{'rung': 0, 'L': 16, 'beta': 4.0, 'plaq_deviation': 0.00044976507616822925, 'plaq_z': 0.47959870338199234, 'z': {'plaquette': 0.47959870338199234, 'wilson_2x2': 0.6457915854394062, 'wilson_4x4': 1.1561707846837732}}
{'rung': 1, 'L': 32, 'beta': 14.1464, 'plaq_deviation': 9.206993691590615e-05, 'plaq_z': 0.687213477200531, 'z': {'plaquette': 0.687213477200531, 'wilson_2x2': 0.9632082213244666, 'wilson_4x4': 0.499815865575208}}
{'rung': 2, 'L': 64, 'beta': 55.0237, 'plaq_deviation': -5.9645266483610015e-06, 'plaq_z': -0.3991881973570643, 'z': {'plaquette': -0.3991881973570643, 'wilson_2x2': 0.9532207323468619, 'wilson_4x4': 1.4056883652383922}}
