 
======== launch Fri 08/14/2026  9:42:56.79 ======== 
[2026-08-14 09:42:56] PHASE8_START
[2026-08-14 09:42:56] GPU lane: 8 jobs across 3 workers -> ['FREEZING', 'FLOOR_16', 'FLOOR_32', 'CERT_EASY', 'ODE_EASY', 'ODE_PROBES8', 'SECTORS_B', 'SECTORS_SEED2']
[2026-08-14 09:42:56] CPU lane: 4 jobs across 6 workers -> ['AIS_FINAL7_CPU', 'AIS_RICH11_CPU', 'PQ_TAIL_ADAPTIVE', 'BURNIN_L64']
[2026-08-14 09:42:56] GPU FREEZING: START
[2026-08-14 09:42:56] GPU FLOOR_16: START
[2026-08-14 09:42:56] GPU FLOOR_32: START
[2026-08-14 09:42:56] CPU AIS_FINAL7_CPU: START
[2026-08-14 09:42:56] CPU AIS_RICH11_CPU: START
[2026-08-14 09:42:56] CPU PQ_TAIL_ADAPTIVE: START
[2026-08-14 09:42:56] CPU BURNIN_L64: START
[2026-08-14 09:43:02] GPU FLOOR_16: FAILED rc=1 (0.1 min) -- see phase8_FLOOR_16.log
[2026-08-14 09:43:02] GPU CERT_EASY: START
[2026-08-14 09:43:02] GPU FREEZING: FAILED rc=1 (0.1 min) -- see phase8_FREEZING.log
[2026-08-14 09:43:02] GPU ODE_EASY: START
[2026-08-14 09:43:02] GPU FLOOR_32: FAILED rc=1 (0.1 min) -- see phase8_FLOOR_32.log
[2026-08-14 09:43:02] GPU ODE_PROBES8: START
[2026-08-14 09:43:05] CPU BURNIN_L64: DONE (0.1 min)
[2026-08-14 09:48:27] CPU PQ_TAIL_ADAPTIVE: DONE (5.5 min)
[2026-08-14 09:49:21] GPU ODE_EASY: DONE (6.3 min)
[2026-08-14 09:49:21] GPU SECTORS_B: START
[2026-08-14 09:49:34] GPU SECTORS_B: DONE (0.2 min)
[2026-08-14 09:49:34] GPU SECTORS_SEED2: START
[2026-08-14 09:49:44] GPU SECTORS_SEED2: DONE (0.2 min)
[2026-08-14 09:54:28] GPU CERT_EASY: DONE (11.4 min)
[2026-08-14 10:01:37] GPU ODE_PROBES8: DONE (18.6 min)
[2026-08-14 12:42:13] CPU AIS_FINAL7_CPU: DONE (179.3 min)
[2026-08-14 12:43:57] CPU AIS_RICH11_CPU: DONE (181.0 min)
[2026-08-14 12:43:57] PHASE8 wall clock: 181.0 min
[2026-08-14 12:43:57] PHASE8_DONE_WITH_ERRORS: ['FREEZING', 'FLOOR_16', 'FLOOR_32']
======== exit code 0 at Fri 08/14/2026 12:43:57.38 ======== 
