 
======== launch Sat 08/08/2026 22:17:14.73 ======== 
[2026-08-08 22:17:15] PHASE7_START
[2026-08-08 22:17:15] launching 4 arms concurrently: ['MATCHRES_WILSON', 'MATCHRES_VILLAIN', 'AIS_FINAL7', 'AIS_RICH11']
case L=16 beta=14.1464 ...case L=16 beta=14.1464 ...

case wilson L=16 beta=14.1464 ...
case villain L=16 beta=14.1464 ...
  {"log_weight_std_fiber": 12.175990104675293, "per_site_std": 0.02378123067319393, "seconds": 200.5, "r2_c": 0.044518937983108686, "r2_x": 0.6833011800486968}
case wilson L=16 beta=55.0237 ...
  {"log_weight_std_fiber": 13.169254302978516, "per_site_std": 0.025721199810504913, "seconds": 202.2, "r2_c": 0.023350272320718846, "r2_x": 0.6271803469673526}
case villain L=16 beta=55.0237 ...
  {"before_std": 23.7, "after_std_heldout": 612.18, "ess_heldout": 0.021, "r2": 0.905, "acc": 0.55, "sec": [210.8, 39.6]}
case L=16 beta=55.0237 ...
  {"before_std": 23.7, "after_std_heldout": 1217.9, "ess_heldout": 0.021, "r2": 0.948, "acc": 0.58, "sec": [210.5, 52.7]}
case L=16 beta=55.0237 ...
  {"log_weight_std_fiber": 18.61289405822754, "per_site_std": 0.03635330870747566, "seconds": 256.9, "r2_c": 0.10455804527577262, "r2_x": 0.5836244343176453}
case wilson L=32 beta=55.0237 ...
  {"log_weight_std_fiber": 18.73333740234375, "per_site_std": 0.03658854961395264, "seconds": 268.0, "r2_c": 0.015529547096693075, "r2_x": 0.6015884264616114}
case villain L=32 beta=55.0237 ...
  {"before_std": 16.4, "after_std_heldout": 43.63, "ess_heldout": 0.021, "r2": 0.526, "acc": 0.98, "sec": [273.4, 82.0]}
case L=32 beta=55.0237 ...
  {"before_std": 16.4, "after_std_heldout": 15.85, "ess_heldout": 0.021, "r2": 0.533, "acc": 0.98, "sec": [272.1, 102.9]}
case L=32 beta=55.0237 ...
  {"log_weight_std_fiber": 35.39262771606445, "per_site_std": 0.017281556501984596, "seconds": 255.9, "r2_c": 0.08452084137892368, "r2_x": 0.5481304394878636}
wrote C:\Users\ompan\Desktop\Lattice QCD\inverse_rg_testing\out\u1_2d\matching_residual\wilson\report.md
[2026-08-08 22:29:25] STAGE_MATCHRES_WILSON_DONE (12.2 min wall)
  {"log_weight_std_fiber": 38.3936882019043, "per_site_std": 0.018746918067336082, "seconds": 265.0, "r2_c": 0.10643813140409042, "r2_x": 0.6441635030436069}
wrote C:\Users\ompan\Desktop\Lattice QCD\inverse_rg_testing\out\u1_2d\matching_residual\villain\report.md
[2026-08-08 22:29:45] STAGE_MATCHRES_VILLAIN_DONE (12.5 min wall)
  {"before_std": 43.9, "after_std_heldout": 2540.21, "ess_heldout": 0.021, "r2": 0.781, "acc": 0.76, "sec": [235.7, 62.0]}
case L=32 beta=218.58 ...
  {"before_std": 43.9, "after_std_heldout": 2968.97, "ess_heldout": 0.021, "r2": 0.783, "acc": 0.76, "sec": [230.1, 78.2]}
case L=32 beta=218.58 ...
  {"before_std": 121.1, "after_std_heldout": 525.89, "ess_heldout": 0.021, "r2": 0.926, "acc": 0.96, "sec": [370.3, 115.8]}
wrote C:\Users\ompan\Desktop\Lattice QCD\inverse_rg_testing\out\u1_2d\ais_transport\report.md
[2026-08-08 22:40:41] STAGE_AIS_FINAL7_DONE (23.4 min wall)
  {"before_std": 121.1, "after_std_heldout": 687.42, "ess_heldout": 0.021, "r2": 0.928, "acc": 0.93, "sec": [369.2, 137.5]}
wrote C:\Users\ompan\Desktop\Lattice QCD\inverse_rg_testing\out\u1_2d\ais_transport_rich\report.md
[2026-08-08 22:41:43] STAGE_AIS_RICH11_DONE (24.5 min wall)
[2026-08-08 22:41:43] PHASE7_DONE
======== exit code 0 at Sat 08/08/2026 22:41:43.88 ======== 
