================ su2 pipeline launch Sun 08/02/2026 21:37:08.42 ================ 
[2026-08-02 21:37:08] STAGE_SMOKE_START: C:\Users\ompan\OneDrive\Desktop\Lattice QCD Research\dev\InverseRG\.venv\Scripts\python.exe C:\Users\ompan\OneDrive\Desktop\Lattice QCD Research\dev\InverseRG\su2_2d\scripts\00_smoke.py
HMC L=8 beta=2.0: 17s, acceptance 0.87
  plaquette +0.4408 ± 0.0046 (naive sem, autocorrelation-blind)   exact +0.4331
  W(2x2)    +0.0341                exact +0.0352

score-approximation gap (relative L2 error of proxy vs exact target):
  sigma  0.1:   0.08 %
  sigma  0.3:   0.76 %
  sigma  0.6:   3.17 %
  sigma  1.0:   9.81 %
  sigma  1.5:  28.27 %
[2026-08-02 21:37:27] STAGE_SMOKE_DONE (0.3 min)
[2026-08-02 21:37:27] STAGE_DATA_START: C:\Users\ompan\OneDrive\Desktop\Lattice QCD Research\dev\InverseRG\.venv\Scripts\python.exe C:\Users\ompan\OneDrive\Desktop\Lattice QCD Research\dev\InverseRG\su2_2d\scripts\01_generate_data.py --config su2_2d/configs/su2.yaml
L=8 beta=2.0: 256 configs, acc 0.90, plaq +0.4280 (exact +0.4331), 21s -> out\su2_2d\data\wilson_L8_beta2.pt
L=8 beta=4.0: 256 configs, acc 0.88, plaq +0.6574 (exact +0.6580), 30s -> out\su2_2d\data\wilson_L8_beta4.pt
L=16 beta=8.0: 256 configs, acc 0.54, plaq +0.8663 (exact +0.8192), 92s -> out\su2_2d\data\wilson_L16_beta8.pt
L=16 beta=16.0: 256 configs, acc 0.41, plaq +0.9486 (exact +0.9078), 134s -> out\su2_2d\data\wilson_L16_beta16.pt
[2026-08-02 21:42:06] STAGE_DATA_DONE (4.7 min)
[2026-08-02 21:42:06] STAGE_TRAIN_START: C:\Users\ompan\OneDrive\Desktop\Lattice QCD Research\dev\InverseRG\.venv\Scripts\python.exe C:\Users\ompan\OneDrive\Desktop\Lattice QCD Research\dev\InverseRG\su2_2d\scripts\02_train.py --config su2_2d/configs/su2.yaml
training on L=8: 512 configs, betas [2.0, 4.0]
Traceback (most recent call last):
  File "C:\Users\ompan\OneDrive\Desktop\Lattice QCD Research\dev\InverseRG\su2_2d\scripts\02_train.py", line 53, in <module>
    main()
    ~~~~^^
  File "C:\Users\ompan\OneDrive\Desktop\Lattice QCD Research\dev\InverseRG\su2_2d\scripts\02_train.py", line 47, in main
    train(data, beta_vec, config["train"], checkpoint_path=ckpt,
    ~~~~~^^^^^^^^^^^^^^^^^^^^^^^^^^^^^^^^^^^^^^^^^^^^^^^^^^^^^^^
          seed=config["seed"])
          ^^^^^^^^^^^^^^^^^^^^
  File "C:\Users\ompan\OneDrive\Desktop\Lattice QCD Research\dev\InverseRG\su2_2d\model\train.py", line 76, in train
    val = dsm_loss(ema, dataset[val_idx], betas[val_idx], schedule,
                   generator=torch.Generator().manual_seed(12345),
                   conditional=config.get("conditional", True))
  File "C:\Users\ompan\OneDrive\Desktop\Lattice QCD Research\dev\InverseRG\su2_2d\model\train.py", line 41, in dsm_loss
    target = exact_score_target(u_t, u0, s)
  File "C:\Users\ompan\OneDrive\Desktop\Lattice QCD Research\dev\InverseRG\su2_2d\model\noise.py", line 36, in exact_score_target
    return exact_conditional_score(u_t, u_0, sigma)
  File "C:\Users\ompan\OneDrive\Desktop\Lattice QCD Research\dev\InverseRG\su2_2d\lgt\heat_kernel.py", line 77, in exact_conditional_score
    (dlogk,) = torch.autograd.grad(log_kernel(t, s).sum(), t)
               ~~~~~~~~~~~~~~~~~~~^^^^^^^^^^^^^^^^^^^^^^^^^^^
  File "C:\Users\ompan\OneDrive\Desktop\Lattice QCD Research\dev\InverseRG\.venv\Lib\site-packages\torch\autograd\__init__.py", line 530, in grad
    result = _engine_run_backward(
        outputs,
    ...<5 lines>...
        accumulate_grad=False,
    )
  File "C:\Users\ompan\OneDrive\Desktop\Lattice QCD Research\dev\InverseRG\.venv\Lib\site-packages\torch\autograd\graph.py", line 882, in _engine_run_backward
    return Variable._execution_engine.run_backward(  # Calls into the C++ engine to run the backward pass
           ~~~~~~~~~~~~~~~~~~~~~~~~~~~~~~~~~~~~~~~^^^^^^^^^^^^^^^^^^^^^^^^^^^^^^^^^^^^^^^^^^^^^^^^^^^^^^^
        t_outputs, *args, **kwargs
        ^^^^^^^^^^^^^^^^^^^^^^^^^^
    )  # Calls into the C++ engine to run the backward pass
    ^
RuntimeError: element 0 of tensors does not require grad and does not have a grad_fn
[2026-08-02 21:42:19] STAGE_TRAIN_FAILED rc=1 (0.2 min)
[2026-08-02 21:42:19] CHAIN_FAILED
