================ su2 pipeline launch Sun 08/02/2026 21:37:08.42 ================ 
[2026-08-02 21:37:08] STAGE_SMOKE_START: C:\Users\ompan\OneDrive\Desktop\Lattice QCD Research\dev\InverseRG\.venv\Scripts\python.exe C:\Users\ompan\OneDrive\Desktop\Lattice QCD Research\dev\InverseRG\su2_2d\scripts\00_smoke.py
HMC L=8 beta=2.0: 17s, acceptance 0.87
  plaquette +0.4408 ± 0.0046 (naive sem, autocorrelation-blind)   exact +0.4331
  W(2x2)    +0.0341                exact +0.0352

score-approximation gap (relative L2 error of proxy vs exact target):
  sigma  0.1:   0.08 %
  sigma  0.3:   0.76 %
  sigma  0.6:   3.17 %
  sigma  1.0:   9.81 %
  sigma  1.5:  28.27 %
[2026-08-02 21:37:27] STAGE_SMOKE_DONE (0.3 min)
[2026-08-02 21:37:27] STAGE_DATA_START: C:\Users\ompan\OneDrive\Desktop\Lattice QCD Research\dev\InverseRG\.venv\Scripts\python.exe C:\Users\ompan\OneDrive\Desktop\Lattice QCD Research\dev\InverseRG\su2_2d\scripts\01_generate_data.py --config su2_2d/configs/su2.yaml
L=8 beta=2.0: 256 configs, acc 0.90, plaq +0.4280 (exact +0.4331), 21s -> out\su2_2d\data\wilson_L8_beta2.pt
L=8 beta=4.0: 256 configs, acc 0.88, plaq +0.6574 (exact +0.6580), 30s -> out\su2_2d\data\wilson_L8_beta4.pt
L=16 beta=8.0: 256 configs, acc 0.54, plaq +0.8663 (exact +0.8192), 92s -> out\su2_2d\data\wilson_L16_beta8.pt
L=16 beta=16.0: 256 configs, acc 0.41, plaq +0.9486 (exact +0.9078), 134s -> out\su2_2d\data\wilson_L16_beta16.pt
[2026-08-02 21:42:06] STAGE_DATA_DONE (4.7 min)
[2026-08-02 21:42:06] STAGE_TRAIN_START: C:\Users\ompan\OneDrive\Desktop\Lattice QCD Research\dev\InverseRG\.venv\Scripts\python.exe C:\Users\ompan\OneDrive\Desktop\Lattice QCD Research\dev\InverseRG\su2_2d\scripts\02_train.py --config su2_2d/configs/su2.yaml
training on L=8: 512 configs, betas [2.0, 4.0]
Traceback (most recent call last):
  File "C:\Users\ompan\OneDrive\Desktop\Lattice QCD Research\dev\InverseRG\su2_2d\scripts\02_train.py", line 53, in <module>
    main()
    ~~~~^^
  File "C:\Users\ompan\OneDrive\Desktop\Lattice QCD Research\dev\InverseRG\su2_2d\scripts\02_train.py", line 47, in main
    train(data, beta_vec, config["train"], checkpoint_path=ckpt,
    ~~~~~^^^^^^^^^^^^^^^^^^^^^^^^^^^^^^^^^^^^^^^^^^^^^^^^^^^^^^^
          seed=config["seed"])
          ^^^^^^^^^^^^^^^^^^^^
  File "C:\Users\ompan\OneDrive\Desktop\Lattice QCD Research\dev\InverseRG\su2_2d\model\train.py", line 76, in train
    val = dsm_loss(ema, dataset[val_idx], betas[val_idx], schedule,
                   generator=torch.Generator().manual_seed(12345),
                   conditional=config.get("conditional", True))
  File "C:\Users\ompan\OneDrive\Desktop\Lattice QCD Research\dev\InverseRG\su2_2d\model\train.py", line 41, in dsm_loss
    target = exact_score_target(u_t, u0, s)
  File "C:\Users\ompan\OneDrive\Desktop\Lattice QCD Research\dev\InverseRG\su2_2d\model\noise.py", line 36, in exact_score_target
    return exact_conditional_score(u_t, u_0, sigma)
  File "C:\Users\ompan\OneDrive\Desktop\Lattice QCD Research\dev\InverseRG\su2_2d\lgt\heat_kernel.py", line 77, in exact_conditional_score
    (dlogk,) = torch.autograd.grad(log_kernel(t, s).sum(), t)
               ~~~~~~~~~~~~~~~~~~~^^^^^^^^^^^^^^^^^^^^^^^^^^^
  File "C:\Users\ompan\OneDrive\Desktop\Lattice QCD Research\dev\InverseRG\.venv\Lib\site-packages\torch\autograd\__init__.py", line 530, in grad
    result = _engine_run_backward(
        outputs,
    ...<5 lines>...
        accumulate_grad=False,
    )
  File "C:\Users\ompan\OneDrive\Desktop\Lattice QCD Research\dev\InverseRG\.venv\Lib\site-packages\torch\autograd\graph.py", line 882, in _engine_run_backward
    return Variable._execution_engine.run_backward(  # Calls into the C++ engine to run the backward pass
           ~~~~~~~~~~~~~~~~~~~~~~~~~~~~~~~~~~~~~~~^^^^^^^^^^^^^^^^^^^^^^^^^^^^^^^^^^^^^^^^^^^^^^^^^^^^^^^
        t_outputs, *args, **kwargs
        ^^^^^^^^^^^^^^^^^^^^^^^^^^
    )  # Calls into the C++ engine to run the backward pass
    ^
RuntimeError: element 0 of tensors does not require grad and does not have a grad_fn
[2026-08-02 21:42:19] STAGE_TRAIN_FAILED rc=1 (0.2 min)
[2026-08-02 21:42:19] CHAIN_FAILED
================ su2 pipeline launch Mon 08/03/2026  7:31:33.10 ================ 
[2026-08-03 07:31:33] STAGE_SMOKE: sentinel present, skipping
[2026-08-03 07:31:33] STAGE_DATA: sentinel present, skipping
[2026-08-03 07:31:33] STAGE_TRAIN_START: C:\Users\ompan\OneDrive\Desktop\Lattice QCD Research\dev\InverseRG\.venv\Scripts\python.exe C:\Users\ompan\OneDrive\Desktop\Lattice QCD Research\dev\InverseRG\su2_2d\scripts\02_train.py --config su2_2d/configs/su2.yaml
group L=8: 512 configs, betas [2.0, 4.0]
group L=16: 512 configs, betas [8.0, 16.0]
C:\Users\ompan\OneDrive\Desktop\Lattice QCD Research\dev\InverseRG\su2_2d\model\train.py:100: UserWarning: Converting a tensor with requires_grad=True to a scalar may lead to unexpected behavior.
Consider using tensor.detach() first. (Triggered internally at C:\actions-runner\_work\pytorch\pytorch\torch\csrc\autograd\generated\python_variable_methods.cpp:839.)
  print(f"step {step}: loss {float(loss):.5f}  val(EMA) {val:.5f}  [{detail}]",
step 20: loss 0.81766  val(EMA) 37.61999  [L8:4.1897 L16:71.0503]
step 40: loss 0.77327  val(EMA) 36.92074  [L8:4.0682 L16:69.7733]
step 60: loss 0.68318  val(EMA) 36.20787  [L8:3.9524 L16:68.4634]
step 80: loss 0.73676  val(EMA) 35.49434  [L8:3.8405 L16:67.1481]
step 100: loss 0.79699  val(EMA) 34.78832  [L8:3.7329 L16:65.8438]
step 120: loss 0.84543  val(EMA) 34.08391  [L8:3.6284 L16:64.5395]
step 140: loss 0.85222  val(EMA) 33.38620  [L8:3.5280 L16:63.2444]
step 160: loss 0.72285  val(EMA) 32.69824  [L8:3.4319 L16:61.9646]
step 180: loss 0.88806  val(EMA) 32.01719  [L8:3.3393 L16:60.6951]
step 200: loss 0.72470  val(EMA) 31.34136  [L8:3.2500 L16:59.4327]
step 220: loss 0.68313  val(EMA) 30.67416  [L8:3.1640 L16:58.1844]
step 240: loss 0.60311  val(EMA) 30.01583  [L8:3.0813 L16:56.9503]
step 260: loss 0.83737  val(EMA) 29.36497  [L8:3.0014 L16:55.7285]
step 280: loss 0.63076  val(EMA) 28.72442  [L8:2.9247 L16:54.5242]
step 300: loss 0.76278  val(EMA) 28.08806  [L8:2.8501 L16:53.3261]
step 320: loss 0.89610  val(EMA) 27.48514  [L8:2.7800 L16:52.1902]
step 340: loss 1.29552  val(EMA) 26.83441  [L8:2.7077 L16:50.9611]
step 360: loss 0.81739  val(EMA) 26.15124  [L8:2.6291 L16:49.6733]
step 380: loss 0.82088  val(EMA) 25.45321  [L8:2.5487 L16:48.3578]
step 400: loss 0.74082  val(EMA) 24.77736  [L8:2.4742 L16:47.0805]
step 420: loss 0.70878  val(EMA) 24.11418  [L8:2.4014 L16:45.8270]
step 440: loss 0.77974  val(EMA) 23.46211  [L8:2.3313 L16:44.5929]
step 460: loss 0.84322  val(EMA) 22.82045  [L8:2.2641 L16:43.3769]
step 480: loss 0.76625  val(EMA) 22.19261  [L8:2.1996 L16:42.1856]
step 500: loss 0.69838  val(EMA) 21.57720  [L8:2.1368 L16:41.0175]
step 520: loss 0.78137  val(EMA) 20.97371  [L8:2.0763 L16:39.8711]
step 540: loss 0.89513  val(EMA) 20.38307  [L8:2.0182 L16:38.7480]
step 560: loss 0.77147  val(EMA) 19.80435  [L8:1.9617 L16:37.6470]
step 580: loss 0.74776  val(EMA) 19.23867  [L8:1.9074 L16:36.5699]
step 600: loss 0.71897  val(EMA) 18.68655  [L8:1.8548 L16:35.5183]
step 620: loss 0.67629  val(EMA) 18.14696  [L8:1.8040 L16:34.4899]
step 640: loss 0.72826  val(EMA) 17.61881  [L8:1.7546 L16:33.4830]
step 660: loss 0.70622  val(EMA) 17.10283  [L8:1.7074 L16:32.4982]
step 680: loss 0.76436  val(EMA) 16.59928  [L8:1.6615 L16:31.5371]
step 700: loss 0.69369  val(EMA) 16.10790  [L8:1.6168 L16:30.5990]
step 720: loss 0.58819  val(EMA) 15.62952  [L8:1.5735 L16:29.6856]
step 740: loss 0.86584  val(EMA) 15.16543  [L8:1.5321 L16:28.7988]
step 760: loss 0.78304  val(EMA) 14.71051  [L8:1.4917 L16:27.9293]
step 780: loss 0.70316  val(EMA) 14.26620  [L8:1.4527 L16:27.0797]
step 800: loss 0.72430  val(EMA) 13.83300  [L8:1.4149 L16:26.2511]
step 820: loss 0.89499  val(EMA) 13.40983  [L8:1.3783 L16:25.4414]
step 840: loss 0.77581  val(EMA) 12.99798  [L8:1.3433 L16:24.6527]
step 860: loss 0.66352  val(EMA) 12.60168  [L8:1.3092 L16:23.8941]
step 880: loss 0.78789  val(EMA) 12.21321  [L8:1.2758 L16:23.1506]
step 900: loss 0.87260  val(EMA) 11.83506  [L8:1.2439 L16:22.4262]
step 920: loss 0.68589  val(EMA) 11.46783  [L8:1.2127 L16:21.7230]
step 940: loss 0.78102  val(EMA) 11.10587  [L8:1.1831 L16:21.0287]
step 960: loss 0.84516  val(EMA) 10.75397  [L8:1.1535 L16:20.3545]
step 980: loss 0.57511  val(EMA) 10.41010  [L8:1.1250 L16:19.6952]
step 1000: loss 0.85213  val(EMA) 10.07764  [L8:1.0975 L16:19.0578]
step 1020: loss 0.69424  val(EMA) 9.75466  [L8:1.0711 L16:18.4383]
step 1040: loss 0.86217  val(EMA) 9.44048  [L8:1.0457 L16:17.8353]
step 1060: loss 0.67166  val(EMA) 9.13678  [L8:1.0212 L16:17.2524]
step 1080: loss 0.61140  val(EMA) 8.84117  [L8:0.9975 L16:16.6849]
step 1100: loss 0.60673  val(EMA) 8.55365  [L8:0.9744 L16:16.1329]
step 1120: loss 0.65046  val(EMA) 8.27772  [L8:0.9525 L16:15.6030]
step 1140: loss 0.69784  val(EMA) 8.00866  [L8:0.9312 L16:15.0862]
step 1160: loss 0.70262  val(EMA) 7.74714  [L8:0.9103 L16:14.5840]
step 1180: loss 0.74314  val(EMA) 7.49412  [L8:0.8907 L16:14.0976]
step 1200: loss 0.67898  val(EMA) 7.24913  [L8:0.8716 L16:13.6267]
step 1220: loss 0.87811  val(EMA) 7.01153  [L8:0.8535 L16:13.1696]
step 1240: loss 0.69153  val(EMA) 6.78222  [L8:0.8359 L16:12.7286]
step 1260: loss 0.62285  val(EMA) 6.55947  [L8:0.8189 L16:12.3000]
step 1280: loss 0.71925  val(EMA) 6.34362  [L8:0.8026 L16:11.8846]
step 1300: loss 0.65307  val(EMA) 6.13425  [L8:0.7867 L16:11.4818]
step 1320: loss 0.63568  val(EMA) 5.93194  [L8:0.7713 L16:11.0925]
step 1340: loss 0.76018  val(EMA) 5.73570  [L8:0.7566 L16:10.7148]
step 1360: loss 0.82767  val(EMA) 5.54693  [L8:0.7427 L16:10.3512]
step 1380: loss 1.08774  val(EMA) 5.34482  [L8:0.7285 L16:9.9612]
step 1400: loss 1.02655  val(EMA) 5.22207  [L8:0.7168 L16:9.7273]
step 1420: loss 1.01870  val(EMA) 5.05116  [L8:0.6979 L16:9.4045]
step 1440: loss 0.72527  val(EMA) 4.91018  [L8:0.6839 L16:9.1364]
step 1460: loss 0.83647  val(EMA) 4.77742  [L8:0.6739 L16:8.8809]
step 1480: loss 0.77402  val(EMA) 4.62877  [L8:0.6638 L16:8.5937]
step 1500: loss 0.69268  val(EMA) 4.47762  [L8:0.6515 L16:8.3037]
step 1520: loss 0.64095  val(EMA) 4.33177  [L8:0.6405 L16:8.0231]
step 1540: loss 0.76197  val(EMA) 4.19254  [L8:0.6303 L16:7.7547]
step 1560: loss 0.74387  val(EMA) 4.05823  [L8:0.6209 L16:7.4956]
step 1580: loss 0.83442  val(EMA) 3.92907  [L8:0.6117 L16:7.2464]
step 1600: loss 0.71676  val(EMA) 3.80529  [L8:0.6033 L16:7.0073]
step 1620: loss 0.85452  val(EMA) 3.68504  [L8:0.5951 L16:6.7750]
step 1640: loss 0.68529  val(EMA) 3.56942  [L8:0.5875 L16:6.5514]
step 1660: loss 0.74307  val(EMA) 3.45716  [L8:0.5801 L16:6.3342]
step 1680: loss 0.68992  val(EMA) 3.34874  [L8:0.5731 L16:6.1244]
step 1700: loss 0.78086  val(EMA) 3.24405  [L8:0.5664 L16:5.9217]
step 1720: loss 0.74557  val(EMA) 3.14275  [L8:0.5598 L16:5.7257]
step 1740: loss 0.80372  val(EMA) 3.04484  [L8:0.5536 L16:5.5361]
step 1760: loss 0.79638  val(EMA) 2.95009  [L8:0.5475 L16:5.3527]
step 1780: loss 0.81816  val(EMA) 2.85821  [L8:0.5418 L16:5.1747]
step 1800: loss 0.70119  val(EMA) 2.76992  [L8:0.5363 L16:5.0035]
step 1820: loss 0.61244  val(EMA) 2.68418  [L8:0.5311 L16:4.8372]
step 1840: loss 0.67310  val(EMA) 2.60219  [L8:0.5263 L16:4.6781]
step 1860: loss 0.75535  val(EMA) 2.52209  [L8:0.5216 L16:4.5226]
step 1880: loss 0.89594  val(EMA) 2.44625  [L8:0.5170 L16:4.3755]
step 1900: loss 0.88984  val(EMA) 2.37264  [L8:0.5122 L16:4.2331]
step 1920: loss 0.65979  val(EMA) 2.30160  [L8:0.5079 L16:4.0953]
step 1940: loss 0.73623  val(EMA) 2.23262  [L8:0.5036 L16:3.9616]
step 1960: loss 0.64681  val(EMA) 2.16608  [L8:0.4996 L16:3.8325]
step 1980: loss 0.73703  val(EMA) 2.10133  [L8:0.4957 L16:3.7070]
step 2000: loss 0.76931  val(EMA) 2.03912  [L8:0.4920 L16:3.5863]
checkpoint: out/su2_2d/checkpoints/score_net.pt
[2026-08-03 07:56:23] STAGE_TRAIN_DONE (24.8 min)
[2026-08-03 07:56:23] STAGE_LIFT_START: C:\Users\ompan\OneDrive\Desktop\Lattice QCD Research\dev\InverseRG\.venv\Scripts\python.exe C:\Users\ompan\OneDrive\Desktop\Lattice QCD Research\dev\InverseRG\su2_2d\scripts\03_sample_validate.py --config su2_2d/configs/su2.yaml
{
  "fine_L": 16,
  "fine_beta": 16.0,
  "coarse_L": 8,
  "coarse_beta": 4.0,
  "n": 128,
  "seconds_generate": 40.4,
  "generated": {
    "plaquette": [
      0.9262223243713379,
      0.00038168689934536815
    ],
    "wilson_2x2": [
      0.6685645580291748,
      0.002361962338909507
    ]
  },
  "reference_hmc": {
    "plaquette": [
      0.9309520125389099,
      0.0035746607463806868
    ],
    "wilson_2x2": [
      0.7605099081993103,
      0.012424137443304062
    ]
  },
  "exact": {
    "plaquette": 0.9078148458807505,
    "wilson_2x2": 0.6791866215050657
  },
  "z_plaquette": 48.22664472413943,
  "z_wilson_2x2": -4.497134988526105
}
[2026-08-03 07:59:29] STAGE_LIFT_DONE (3.1 min)
[2026-08-03 07:59:29] CHAIN_DONE
