================ overnight launch Fri 07/31/2026 23:53:02.83 ================ 
[2026-07-31 23:53:03] OVERNIGHT_START
[2026-07-31 23:53:03] STAGE_H2H_HIGHSTATS_START: C:\Users\ompan\OneDrive\Desktop\Lattice QCD Research\dev\InverseRG\.venv\Scripts\python.exe diffusion_v2/scripts/14_diffusion_vs_instanton_hmc.py --config diffusion_v2/configs/v2.yaml --betas 55.0237,118.5,218.58 --n-gen 512 --burn-in 2000 --out-dir C:\Users\ompan\OneDrive\Desktop\Lattice QCD Research\dev\InverseRG\out\diffusion_v2\v2\diffusion_vs_instanton\highstats
case L=32 beta=55.0237
  instanton HMC: 32 chains, burn 2000, prod 640
  diffusion: base L=16 beta=14.1464, 512 configs
  done in 4732s
case L=32 beta=118.5
  instanton HMC: 32 chains, burn 2000, prod 640
  diffusion: base L=16 beta=30.0068, 512 configs
  done in 5966s
case L=32 beta=218.58
  instanton HMC: 32 chains, burn 2000, prod 640
  diffusion: base L=16 beta=55.0236, 512 configs
  done in 6227s
report: C:\Users\ompan\OneDrive\Desktop\Lattice QCD Research\dev\InverseRG\out\diffusion_v2\v2\diffusion_vs_instanton\highstats\report.md
[2026-08-01 04:35:15] STAGE_H2H_HIGHSTATS_DONE (282.2 min)
[2026-08-01 04:35:15] STAGE_BURNIN_SCAN_START: C:\Users\ompan\OneDrive\Desktop\Lattice QCD Research\dev\InverseRG\.venv\Scripts\python.exe diffusion_v2/scripts/16_h2h_burnin_scan.py --config diffusion_v2/configs/v2.yaml
beta=55.0237 burn-in=2000 ...
  max wilson |z|=3.3, Q^2 z=-1.6, 437s
beta=55.0237 burn-in=8000 ...
  max wilson |z|=1.1, Q^2 z=-2.5, 1778s
beta=218.58 burn-in=2000 ...
  max wilson |z|=7.8, Q^2 z=-0.2, 820s
beta=218.58 burn-in=8000 ...
  max wilson |z|=7.2, Q^2 z=+0.3, 2741s
report: out\diffusion_v2\v2\diffusion_vs_instanton\burnin_scan\report.md
[2026-08-01 06:11:41] STAGE_BURNIN_SCAN_DONE (96.4 min)
[2026-08-01 06:11:41] STAGE_ESS_NOGUIDE_START: C:\Users\ompan\OneDrive\Desktop\Lattice QCD Research\dev\InverseRG\.venv\Scripts\python.exe diffusion_v2/scripts/15_model_ess.py --config diffusion_v2/configs/v2.yaml --cases 16:14.1464 16:55.0237 32:55.0237 32:218.58 --n-configs 64 --consistency-weight 0.0 --out C:\Users\ompan\OneDrive\Desktop\Lattice QCD Research\dev\InverseRG\out\diffusion_v2\v2\model_ess_noguide
case L=16 beta=14.1464 ...
  {"n": 64, "ess_per_n": 0.017878690734505653, "log_weight_std": 29.44985008239746, "log_weight_range": 147.779052734375, "ess_per_n_fiber": 0.018783893436193466, "log_weight_std_fiber": 28.841859817504883, "log_weight_range_fiber": 146.093505859375, "fine_L": 16, "fine_beta": 14.1464, "coarse_L": 8, "coarse_beta": 3.9999887248909847, "seconds_hmc_base": 7.5, "seconds_generate": 179.7, "seconds_ode": 179.3}
case L=16 beta=55.0237 ...
  {"n": 64, "ess_per_n": 0.015704065561294556, "log_weight_std": 46.59708786010742, "log_weight_range": 233.3955078125, "ess_per_n_fiber": 0.020915672183036804, "log_weight_std_fiber": 46.754364013671875, "log_weight_range_fiber": 232.2861328125, "fine_L": 16, "fine_beta": 55.0237, "coarse_L": 8, "coarse_beta": 14.146404977472109, "seconds_hmc_base": 24.8, "seconds_generate": 165.2, "seconds_ode": 148.0}
case L=32 beta=55.0237 ...
  {"n": 64, "ess_per_n": 0.015625, "log_weight_std": 82.24496459960938, "log_weight_range": 530.80078125, "ess_per_n_fiber": 0.015625, "log_weight_std_fiber": 83.58076477050781, "log_weight_range_fiber": 542.25390625, "fine_L": 32, "fine_beta": 55.0237, "coarse_L": 16, "coarse_beta": 14.146404977472109, "seconds_hmc_base": 25.6, "seconds_generate": 915.1, "seconds_ode": 645.0}
case L=32 beta=218.58 ...
  {"n": 64, "ess_per_n": 0.015625, "log_weight_std": 67.67399597167969, "log_weight_range": 366.96875, "ess_per_n_fiber": 0.015625, "log_weight_std_fiber": 66.57807159423828, "log_weight_range_fiber": 359.59375, "fine_L": 32, "fine_beta": 218.58, "coarse_L": 16, "coarse_beta": 55.02364659738549, "seconds_hmc_base": 192.2, "seconds_generate": 611.7, "seconds_ode": 622.0}
wrote C:\Users\ompan\OneDrive\Desktop\Lattice QCD Research\dev\InverseRG\out\diffusion_v2\v2\model_ess_noguide\report.md
[2026-08-01 07:13:45] STAGE_ESS_NOGUIDE_DONE (62.1 min)
[2026-08-01 07:13:45] OVERNIGHT_DONE
