L= 32 plain mb=    2.79  CE=   5.555  95% CI [0.000, 5.742]  zero-branch  24%  unusable   0%  src=cold start
L= 32 plain mb=  266.35  CE=    0.14  95% CI [0.064, 0.231]  zero-branch   0%  unusable   0%  src=cold start
L= 32 plain mb=   31.89  CE=   0.163  95% CI [0.107, 0.222]  zero-branch   0%  unusable   0%  src=cold start
L= 32 plain mb=    3.52  CE=   1.718  95% CI [0.000, 5.815]  zero-branch   9%  unusable   0%  src=cold start
L= 32 plain mb=  405.80  CE=   0.077  95% CI [0.037, 0.166]  zero-branch   0%  unusable   0%  src=cold start
L= 32 plain mb=   45.90  CE=   0.074  95% CI [0.036, 0.194]  zero-branch   0%  unusable   0%  src=cold start
L= 32 plain mb=    6.18  CE=   0.374  95% CI [0.000, 0.661]  zero-branch   3%  unusable   0%  src=cold start
L= 32 plain mb=   66.06  CE=   0.042  95% CI [0.029, 0.059]  zero-branch   0%  unusable   0%  src=cold start
L= 32 plain mb=  103.73  CE=   0.069  95% CI [0.014, 0.792]  zero-branch   1%  unusable   0%  src=cold start
L= 32 plain mb=   11.01  CE=     0.0  95% CI [0.000, 5.093]  zero-branch  53%  unusable   0%  src=cold start
L= 32 plain mb=  134.35  CE=   0.023  95% CI [0.000, 0.131]  zero-branch  28%  unusable   0%  src=cold start
L= 32 plain mb=   14.52  CE=   5.708  95% CI [0.000, 5.980]  zero-branch  25%  unusable   0%  src=cold start
L= 32 plain mb=  197.72  CE=   0.031  95% CI [0.018, 0.044]  zero-branch   0%  unusable   0%  src=cold start
L= 32 plain mb=   22.19  CE=     0.3  95% CI [0.221, 0.388]  zero-branch   0%  unusable   0%  src=cold start
L= 64 plain mb=  273.72  CE=    0.16  95% CI [0.065, 0.406]  zero-branch   0%  unusable   0%  src=cold start
L= 64 plain mb=  415.02  CE=   0.076  95% CI [0.048, 0.120]  zero-branch   0%  unusable   0%  src=cold start
L= 64 plain mb=   43.51  CE=   0.114  95% CI [0.081, 0.174]  zero-branch   0%  unusable   0%  src=cold start
L= 64 plain mb=    6.35  CE=   0.394  95% CI [0.235, 0.623]  zero-branch   0%  unusable   0%  src=cold start
L= 64 plain mb=   77.60  CE=   0.286  95% CI [0.132, 0.491]  zero-branch   0%  unusable   0%  src=cold start
L= 64 plain mb=   10.38  CE=   0.223  95% CI [0.157, 0.311]  zero-branch   0%  unusable   0%  src=cold start
L= 64 plain mb=  159.21  CE=    0.01  95% CI [0.000, 0.016]  zero-branch   4%  unusable   0%  src=cold start
L= 64 plain mb=   23.45  CE=   0.082  95% CI [0.059, 0.119]  zero-branch   0%  unusable   0%  src=cold start
L= 64 topo  mb=  273.72  CE=   0.081  95% CI [0.037, 0.118]  zero-branch   0%  unusable   0%  src=cold start
L= 64 topo  mb=  415.02  CE=   0.101  95% CI [0.066, 0.184]  zero-branch   0%  unusable   0%  src=cold start
L= 64 topo  mb=   43.51  CE=   0.096  95% CI [0.065, 0.162]  zero-branch   0%  unusable   0%  src=cold start
L= 64 topo  mb=    6.35  CE=   0.182  95% CI [0.063, 0.599]  zero-branch   0%  unusable   0%  src=cold start
L= 64 topo  mb=   77.60  CE=   0.311  95% CI [0.071, 0.575]  zero-branch   0%  unusable   0%  src=cold start
L= 64 topo  mb=   10.38  CE=    0.17  95% CI [0.101, 0.236]  zero-branch   0%  unusable   0%  src=cold start
L= 64 topo  mb=  159.21  CE=   0.015  95% CI [0.010, 0.022]  zero-branch   0%  unusable   0%  src=cold start
L= 64 topo  mb=   23.45  CE=   0.059  95% CI [0.050, 0.087]  zero-branch   0%  unusable   0%  src=cold start
L= 32 topo  mb=    2.79  CE=   0.593  95% CI [0.000, 4.608]  zero-branch   4%  unusable   0%  src=cold start
L= 32 topo  mb=  266.35  CE=   0.063  95% CI [0.038, 0.119]  zero-branch   0%  unusable   0%  src=cold start
L= 32 topo  mb=   31.89  CE=   0.098  95% CI [0.052, 0.185]  zero-branch   0%  unusable   0%  src=cold start
L= 32 topo  mb=    3.52  CE=   0.709  95% CI [0.000, 4.317]  zero-branch  10%  unusable   0%  src=cold start
L= 32 topo  mb=  405.80  CE=   0.023  95% CI [0.000, 0.058]  zero-branch   4%  unusable   0%  src=cold start
L= 32 topo  mb=   45.90  CE=    0.12  95% CI [0.035, 0.256]  zero-branch   0%  unusable   0%  src=cold start
L= 32 topo  mb=    6.18  CE=   0.548  95% CI [0.000, 1.122]  zero-branch   4%  unusable   0%  src=cold start
L= 32 topo  mb=   66.06  CE=   0.038  95% CI [0.021, 0.097]  zero-branch   0%  unusable   0%  src=cold start
L= 32 topo  mb=  103.73  CE=    0.05  95% CI [0.000, 0.816]  zero-branch  10%  unusable   0%  src=cold start
L= 32 topo  mb=   11.01  CE=   0.121  95% CI [0.000, 4.225]  zero-branch  18%  unusable   0%  src=cold start
L= 32 topo  mb=  134.35  CE=   0.017  95% CI [0.000, 0.148]  zero-branch  30%  unusable   0%  src=cold start
L= 32 topo  mb=   14.52  CE=   0.031  95% CI [0.000, 0.181]  zero-branch  20%  unusable   0%  src=cold start
L= 32 topo  mb=  197.72  CE=   0.023  95% CI [0.009, 0.041]  zero-branch   0%  unusable   0%  src=cold start
L= 32 topo  mb=   22.19  CE=   0.137  95% CI [0.071, 0.354]  zero-branch   0%  unusable   0%  src=cold start

wrote out\u2_2d\cost_efficiency_errorbars_wide.json
