L= 32 plain mb=    2.79  CE=   0.432  95% CI [0.000, 5.742]  zero-branch  29%  unusable   0%  src=cold start
L= 32 plain mb=  266.35  CE=     0.0  95% CI [0.000, 0.000]  zero-branch 100%  unusable   0%  src=cold start
L= 32 plain mb=   31.89  CE=   0.176  95% CI [0.077, 0.286]  zero-branch   0%  unusable   0%  src=cold start
L= 32 plain mb=    3.52  CE=   0.831  95% CI [0.016, 5.217]  zero-branch   2%  unusable   0%  src=cold start
L= 32 plain mb=  405.80  CE=     0.0  95% CI [0.000, 0.000]  zero-branch 100%  unusable   0%  src=cold start
L= 32 plain mb=   45.90  CE=   0.346  95% CI [0.042, 0.543]  zero-branch   0%  unusable   0%  src=cold start
L= 32 plain mb=    6.18  CE=   0.347  95% CI [0.127, 0.747]  zero-branch   0%  unusable   0%  src=cold start
L= 32 plain mb=   66.06  CE=   0.079  95% CI [0.043, 0.163]  zero-branch   0%  unusable   0%  src=cold start
L= 32 plain mb=  103.73  CE=    0.05  95% CI [0.000, 0.150]  zero-branch   6%  unusable   0%  src=cold start
L= 32 plain mb=   11.01  CE=   5.139  95% CI [0.000, 6.070]  zero-branch  18%  unusable   0%  src=cold start
L= 32 plain mb=  134.35  CE=   0.009  95% CI [0.005, 0.014]  zero-branch   0%  unusable   0%  src=cold start
L= 32 plain mb=   14.52  CE=   0.057  95% CI [0.015, 1.228]  zero-branch   0%  unusable   0%  src=cold start
L= 32 plain mb=  197.72  CE=     0.0  95% CI [0.000, 0.000]  zero-branch 100%  unusable   0%  src=cold start
L= 32 plain mb=   22.19  CE=   0.258  95% CI [0.213, 0.330]  zero-branch   0%  unusable   0%  src=cold start
L= 64 plain mb=  273.72  CE=     0.0  95% CI [0.000, 0.000]  zero-branch 100%  unusable   0%  src=cold start
L= 64 plain mb=  415.02  CE=     0.0  95% CI [0.000, 0.000]  zero-branch 100%  unusable   0%  src=cold start
L= 64 plain mb=   43.51  CE=     0.0  95% CI [0.000, 0.003]  zero-branch  97%  unusable   0%  src=cold start
L= 64 plain mb=    6.35  CE=   0.999  95% CI [0.000, 1.958]  zero-branch  20%  unusable   0%  src=cold start
L= 64 plain mb=   77.60  CE=     0.0  95% CI [0.000, 0.004]  zero-branch  80%  unusable   0%  src=cold start
L= 64 plain mb=   10.38  CE=   0.187  95% CI [0.152, 0.261]  zero-branch   0%  unusable   0%  src=cold start
L= 64 plain mb=  159.21  CE=     0.0  95% CI [0.000, 0.000]  zero-branch 100%  unusable   0%  src=cold start
L= 64 plain mb=   23.45  CE=   0.114  95% CI [0.083, 0.162]  zero-branch   0%  unusable   0%  src=cold start
L= 64 topo  mb=  273.72  CE=     0.0  95% CI [0.000, 0.000]  zero-branch 100%  unusable   0%  src=cold start
L= 64 topo  mb=  415.02  CE=     0.0  95% CI [0.000, 0.000]  zero-branch 100%  unusable   0%  src=cold start
L= 64 topo  mb=   43.51  CE=     0.0  95% CI [0.000, 0.003]  zero-branch  83%  unusable   0%  src=cold start
L= 64 topo  mb=    6.35  CE=   0.051  95% CI [0.014, 0.377]  zero-branch   0%  unusable   0%  src=cold start
L= 64 topo  mb=   77.60  CE=   0.002  95% CI [0.000, 0.004]  zero-branch  48%  unusable   0%  src=cold start
L= 64 topo  mb=   10.38  CE=   0.119  95% CI [0.091, 0.165]  zero-branch   0%  unusable   0%  src=cold start
L= 64 topo  mb=  159.21  CE=     0.0  95% CI [0.000, 0.000]  zero-branch 100%  unusable   0%  src=cold start
L= 64 topo  mb=   23.45  CE=   0.093  95% CI [0.076, 0.126]  zero-branch   0%  unusable   0%  src=cold start
L= 32 topo  mb=    2.79  CE=   5.195  95% CI [0.000, 5.730]  zero-branch  29%  unusable   0%  src=cold start
L= 32 topo  mb=  266.35  CE=     0.0  95% CI [0.000, 0.000]  zero-branch 100%  unusable   0%  src=cold start
L= 32 topo  mb=   31.89  CE=     0.1  95% CI [0.050, 0.185]  zero-branch   0%  unusable   0%  src=cold start
L= 32 topo  mb=    3.52  CE=   0.927  95% CI [0.000, 1.480]  zero-branch   8%  unusable   0%  src=cold start
L= 32 topo  mb=  405.80  CE=     0.0  95% CI [0.000, 0.000]  zero-branch 100%  unusable   0%  src=cold start
L= 32 topo  mb=   45.90  CE=   0.023  95% CI [0.000, 0.857]  zero-branch   3%  unusable   0%  src=cold start
L= 32 topo  mb=    6.18  CE=   0.305  95% CI [0.192, 0.527]  zero-branch   0%  unusable   0%  src=cold start
L= 32 topo  mb=   66.06  CE=   0.086  95% CI [0.046, 0.223]  zero-branch   0%  unusable   0%  src=cold start
L= 32 topo  mb=  103.73  CE=   0.239  95% CI [0.012, 0.512]  zero-branch   1%  unusable   0%  src=cold start
L= 32 topo  mb=   11.01  CE=     0.0  95% CI [0.000, 4.296]  zero-branch  59%  unusable   0%  src=cold start
L= 32 topo  mb=  134.35  CE=   0.006  95% CI [0.003, 0.009]  zero-branch   0%  unusable   0%  src=cold start
L= 32 topo  mb=   14.52  CE=   0.804  95% CI [0.000, 1.410]  zero-branch   4%  unusable   0%  src=cold start
L= 32 topo  mb=  197.72  CE=     0.0  95% CI [0.000, 0.000]  zero-branch 100%  unusable   0%  src=cold start
L= 32 topo  mb=   22.19  CE=   0.219  95% CI [0.173, 0.299]  zero-branch   0%  unusable   0%  src=cold start

wrote out\u2_2d\cost_efficiency_errorbars_default.json
