L= 32 plain mb=    2.79  CE=   0.521  95% CI [0.000, 0.788]  zero-branch   8%  unusable   0%  src=cold start
L= 32 plain mb=  266.35  CE=     0.0  95% CI [0.000, 0.000]  zero-branch 100%  unusable   0%  src=cold start
L= 32 plain mb=   31.89  CE=   0.014  95% CI [0.000, 3.146]  zero-branch  32%  unusable   0%  src=cold start
L= 32 plain mb=    3.52  CE=     0.0  95% CI [0.000, 5.872]  zero-branch  48%  unusable   0%  src=cold start
L= 32 plain mb=  405.80  CE=     0.0  95% CI [0.000, 0.000]  zero-branch 100%  unusable   0%  src=cold start
L= 32 plain mb=   45.90  CE=   0.215  95% CI [0.000, 0.614]  zero-branch  10%  unusable   0%  src=cold start
L= 32 plain mb=    6.18  CE=   0.014  95% CI [0.000, 5.770]  zero-branch  21%  unusable   0%  src=cold start
L= 32 plain mb=   66.06  CE=   0.022  95% CI [0.000, 0.308]  zero-branch   6%  unusable   0%  src=cold start
L= 32 plain mb=  103.73  CE=   0.012  95% CI [0.007, 0.019]  zero-branch   0%  unusable   0%  src=cold start
L= 32 plain mb=   11.01  CE=     0.0  95% CI [0.000, 5.937]  zero-branch  40%  unusable   0%  src=cold start
L= 32 plain mb=  134.35  CE=     0.0  95% CI [0.000, 0.000]  zero-branch 100%  unusable   0%  src=cold start
L= 32 plain mb=   14.52  CE=   0.036  95% CI [0.000, 0.671]  zero-branch   5%  unusable   0%  src=cold start
L= 32 plain mb=  197.72  CE=     0.0  95% CI [0.000, 0.000]  zero-branch 100%  unusable   0%  src=cold start
L= 32 plain mb=   22.19  CE=     0.0  95% CI [0.000, 5.792]  zero-branch  52%  unusable   0%  src=cold start
L= 64 plain mb=  273.72  CE=     0.0  95% CI [0.000, 0.000]  zero-branch 100%  unusable   0%  src=cold start
L= 64 plain mb=  415.02  CE=     0.0  95% CI [0.000, 0.000]  zero-branch 100%  unusable   0%  src=cold start
L= 64 plain mb=   43.51  CE=   0.175  95% CI [0.000, 0.685]  zero-branch  16%  unusable   0%  src=cold start
L= 64 plain mb=    6.35  CE=     0.0  95% CI [0.000, 8.476]  zero-branch  34%  unusable   0%  src=cold start
L= 64 plain mb=   77.60  CE=     0.0  95% CI [0.000, 0.004]  zero-branch  96%  unusable   0%  src=cold start
L= 64 plain mb=   10.38  CE=     0.0  95% CI [0.000, 8.408]  zero-branch  44%  unusable   0%  src=cold start
L= 64 plain mb=  159.21  CE=     0.0  95% CI [0.000, 0.000]  zero-branch 100%  unusable   0%  src=cold start
L= 64 plain mb=   23.45  CE=     0.0  95% CI [0.000, 2.500]  zero-branch  42%  unusable   0%  src=cold start
L= 64 topo  mb=  273.72  CE=     0.0  95% CI [0.000, 0.000]  zero-branch 100%  unusable   0%  src=cold start
L= 64 topo  mb=  415.02  CE=     0.0  95% CI [0.000, 0.000]  zero-branch 100%  unusable   0%  src=cold start
L= 64 topo  mb=   43.51  CE=   0.227  95% CI [0.000, 0.420]  zero-branch   8%  unusable   0%  src=cold start
L= 64 topo  mb=    6.35  CE=   0.085  95% CI [0.000, 0.202]  zero-branch  16%  unusable   0%  src=cold start
L= 64 topo  mb=   77.60  CE=     0.0  95% CI [0.000, 0.003]  zero-branch  96%  unusable   0%  src=cold start
L= 64 topo  mb=   10.38  CE=   0.032  95% CI [0.000, 5.161]  zero-branch  19%  unusable   0%  src=cold start
L= 64 topo  mb=  159.21  CE=     0.0  95% CI [0.000, 0.000]  zero-branch 100%  unusable   0%  src=cold start
L= 64 topo  mb=   23.45  CE=     0.0  95% CI [0.000, 0.443]  zero-branch  64%  unusable   0%  src=cold start
L= 32 topo  mb=    2.79  CE=   0.427  95% CI [0.000, 4.517]  zero-branch  12%  unusable   0%  src=cold start
L= 32 topo  mb=  266.35  CE=     0.0  95% CI [0.000, 0.000]  zero-branch 100%  unusable   0%  src=cold start
L= 32 topo  mb=   31.89  CE=   0.188  95% CI [0.000, 4.246]  zero-branch  37%  unusable   0%  src=cold start
L= 32 topo  mb=    3.52  CE=   0.009  95% CI [0.000, 4.262]  zero-branch  16%  unusable   0%  src=cold start
L= 32 topo  mb=  405.80  CE=     0.0  95% CI [0.000, 0.000]  zero-branch 100%  unusable   0%  src=cold start
L= 32 topo  mb=   45.90  CE=   0.016  95% CI [0.000, 1.240]  zero-branch  38%  unusable   0%  src=cold start
L= 32 topo  mb=    6.18  CE=    0.01  95% CI [0.000, 4.562]  zero-branch  30%  unusable   0%  src=cold start
L= 32 topo  mb=   66.06  CE=   0.179  95% CI [0.024, 0.286]  zero-branch   0%  unusable   0%  src=cold start
L= 32 topo  mb=  103.73  CE=    0.01  95% CI [0.007, 0.015]  zero-branch   0%  unusable   0%  src=cold start
L= 32 topo  mb=   11.01  CE=   3.886  95% CI [0.000, 4.261]  zero-branch  26%  unusable   0%  src=cold start
L= 32 topo  mb=  134.35  CE=     0.0  95% CI [0.000, 0.000]  zero-branch 100%  unusable   0%  src=cold start
L= 32 topo  mb=   14.52  CE=   0.019  95% CI [0.000, 3.614]  zero-branch  12%  unusable   0%  src=cold start
L= 32 topo  mb=  197.72  CE=     0.0  95% CI [0.000, 0.000]  zero-branch 100%  unusable   0%  src=cold start
L= 32 topo  mb=   22.19  CE=     0.0  95% CI [0.000, 4.014]  zero-branch  46%  unusable   0%  src=cold start

wrote out\u2_2d\cost_efficiency_errorbars_cov60.json
