2026-09-06 15:50:10 OVER-CAP ours=4/3 foreign=1 mem=5107/8151MiB util=98% | 11416:28_crossover_scan.py; 33404:08_hmc_seed_benchmark.py; 39048:28_crossover_scan.py; 19688:03_run_ladder.py; 9244:unknown
2026-09-06 15:50:30 ok       ours=3/3 foreign=1 mem=1544/8151MiB util=97% | 11416:28_crossover_scan.py; 33404:08_hmc_seed_benchmark.py; 39048:28_crossover_scan.py; 9244:unknown
2026-09-06 15:51:30 ok       ours=3/3 foreign=2 mem=5107/8151MiB util=98% | 11416:28_crossover_scan.py; 33404:08_hmc_seed_benchmark.py; 39048:28_crossover_scan.py; 9244:unknown; 10232:03_run_ladder.py
2026-09-06 15:52:27 OVER-CAP ours=4/3 foreign=1 mem=5107/8151MiB util=98% | 11416:28_crossover_scan.py; 33404:08_hmc_seed_benchmark.py; 39048:28_crossover_scan.py; 10232:03_run_ladder.py; 9244:unknown
2026-09-06 15:53:56 ok       ours=3/3 foreign=1 mem=1544/8151MiB util=97% | 11416:28_crossover_scan.py; 33404:08_hmc_seed_benchmark.py; 39048:28_crossover_scan.py; 9244:unknown
2026-09-06 15:54:10 ok       ours=3/3 foreign=1 mem=1544/8151MiB util=97% | 11416:28_crossover_scan.py; 33404:08_hmc_seed_benchmark.py; 39048:28_crossover_scan.py; 9244:unknown
2026-09-06 15:56:12 ok       ours=3/3 foreign=1 mem=1544/8151MiB util=97% | 11416:28_crossover_scan.py; 33404:08_hmc_seed_benchmark.py; 39048:28_crossover_scan.py; 9244:unknown
2026-09-06 15:58:13 ok       ours=3/3 foreign=1 mem=1544/8151MiB util=97% | 11416:28_crossover_scan.py; 33404:08_hmc_seed_benchmark.py; 39048:28_crossover_scan.py; 9244:unknown
2026-09-06 16:00:15 ok       ours=3/3 foreign=1 mem=1914/8151MiB util=99% | 33404:08_hmc_seed_benchmark.py; 39048:28_crossover_scan.py; 35976:28_crossover_scan.py; 9244:unknown
2026-09-06 16:02:17 ok       ours=3/3 foreign=1 mem=1968/8151MiB util=99% | 33404:08_hmc_seed_benchmark.py; 39048:28_crossover_scan.py; 35976:28_crossover_scan.py; 9244:unknown
2026-09-06 16:04:19 ok       ours=3/3 foreign=1 mem=1968/8151MiB util=98% | 33404:08_hmc_seed_benchmark.py; 39048:28_crossover_scan.py; 35976:28_crossover_scan.py; 9244:unknown
2026-09-06 16:06:21 ok       ours=3/3 foreign=1 mem=1968/8151MiB util=98% | 33404:08_hmc_seed_benchmark.py; 39048:28_crossover_scan.py; 35976:28_crossover_scan.py; 9244:unknown
2026-09-06 16:08:22 ok       ours=3/3 foreign=1 mem=1968/8151MiB util=99% | 33404:08_hmc_seed_benchmark.py; 39048:28_crossover_scan.py; 35976:28_crossover_scan.py; 9244:unknown
2026-09-06 16:10:24 ok       ours=3/3 foreign=1 mem=1968/8151MiB util=99% | 33404:08_hmc_seed_benchmark.py; 39048:28_crossover_scan.py; 35976:28_crossover_scan.py; 9244:unknown
2026-09-06 16:12:26 ok       ours=3/3 foreign=1 mem=1968/8151MiB util=99% | 33404:08_hmc_seed_benchmark.py; 39048:28_crossover_scan.py; 35976:28_crossover_scan.py; 9244:unknown
2026-09-06 16:14:27 ok       ours=3/3 foreign=1 mem=1968/8151MiB util=99% | 33404:08_hmc_seed_benchmark.py; 39048:28_crossover_scan.py; 35976:28_crossover_scan.py; 9244:unknown
2026-09-06 16:16:29 ok       ours=3/3 foreign=1 mem=1968/8151MiB util=99% | 33404:08_hmc_seed_benchmark.py; 39048:28_crossover_scan.py; 35976:28_crossover_scan.py; 9244:unknown
2026-09-06 16:18:31 ok       ours=3/3 foreign=1 mem=1968/8151MiB util=99% | 33404:08_hmc_seed_benchmark.py; 39048:28_crossover_scan.py; 35976:28_crossover_scan.py; 9244:unknown
2026-09-06 16:20:32 ok       ours=3/3 foreign=1 mem=1968/8151MiB util=99% | 33404:08_hmc_seed_benchmark.py; 39048:28_crossover_scan.py; 35976:28_crossover_scan.py; 9244:unknown
2026-09-06 16:22:34 ok       ours=3/3 foreign=1 mem=1968/8151MiB util=98% | 33404:08_hmc_seed_benchmark.py; 39048:28_crossover_scan.py; 35976:28_crossover_scan.py; 9244:unknown
2026-09-06 16:24:36 ok       ours=3/3 foreign=1 mem=2746/8151MiB util=99% | 33404:08_hmc_seed_benchmark.py; 39048:28_crossover_scan.py; 35976:28_crossover_scan.py; 9244:unknown
2026-09-06 16:26:37 ok       ours=3/3 foreign=1 mem=1968/8151MiB util=99% | 33404:08_hmc_seed_benchmark.py; 39048:28_crossover_scan.py; 35976:28_crossover_scan.py; 9244:unknown
2026-09-06 16:28:39 ok       ours=3/3 foreign=1 mem=1968/8151MiB util=99% | 33404:08_hmc_seed_benchmark.py; 39048:28_crossover_scan.py; 35976:28_crossover_scan.py; 9244:unknown
2026-09-06 16:30:41 ok       ours=3/3 foreign=1 mem=1968/8151MiB util=99% | 33404:08_hmc_seed_benchmark.py; 39048:28_crossover_scan.py; 35976:28_crossover_scan.py; 9244:unknown
2026-09-06 16:32:42 ok       ours=3/3 foreign=1 mem=1968/8151MiB util=98% | 33404:08_hmc_seed_benchmark.py; 39048:28_crossover_scan.py; 35976:28_crossover_scan.py; 9244:unknown
2026-09-06 16:34:44 ok       ours=3/3 foreign=1 mem=1968/8151MiB util=99% | 33404:08_hmc_seed_benchmark.py; 39048:28_crossover_scan.py; 35976:28_crossover_scan.py; 9244:unknown
2026-09-06 16:36:46 ok       ours=3/3 foreign=1 mem=1968/8151MiB util=99% | 33404:08_hmc_seed_benchmark.py; 39048:28_crossover_scan.py; 35976:28_crossover_scan.py; 9244:unknown
2026-09-06 16:38:47 ok       ours=3/3 foreign=1 mem=1968/8151MiB util=99% | 33404:08_hmc_seed_benchmark.py; 39048:28_crossover_scan.py; 35976:28_crossover_scan.py; 9244:unknown
2026-09-06 16:40:49 ok       ours=3/3 foreign=1 mem=1968/8151MiB util=99% | 33404:08_hmc_seed_benchmark.py; 39048:28_crossover_scan.py; 35976:28_crossover_scan.py; 9244:unknown
2026-09-06 16:42:51 ok       ours=3/3 foreign=1 mem=1968/8151MiB util=98% | 33404:08_hmc_seed_benchmark.py; 39048:28_crossover_scan.py; 35976:28_crossover_scan.py; 9244:unknown
2026-09-06 16:44:52 ok       ours=3/3 foreign=1 mem=1968/8151MiB util=99% | 33404:08_hmc_seed_benchmark.py; 39048:28_crossover_scan.py; 35976:28_crossover_scan.py; 9244:unknown
2026-09-06 16:46:54 ok       ours=3/3 foreign=1 mem=1968/8151MiB util=98% | 33404:08_hmc_seed_benchmark.py; 39048:28_crossover_scan.py; 35976:28_crossover_scan.py; 9244:unknown
2026-09-06 16:48:56 ok       ours=2/3 foreign=1 mem=1605/8151MiB util=99% | 39048:28_crossover_scan.py; 35976:28_crossover_scan.py; 9244:unknown
2026-09-06 16:50:58 ok       ours=3/3 foreign=1 mem=5168/8151MiB util=100% | 39048:28_crossover_scan.py; 35976:28_crossover_scan.py; 22552:03_run_ladder.py; 9244:unknown
2026-09-06 16:53:00 ok       ours=3/3 foreign=1 mem=5168/8151MiB util=100% | 39048:28_crossover_scan.py; 35976:28_crossover_scan.py; 22552:03_run_ladder.py; 9244:unknown
2026-09-06 16:55:02 ok       ours=3/3 foreign=1 mem=5946/8151MiB util=100% | 39048:28_crossover_scan.py; 35976:28_crossover_scan.py; 22552:03_run_ladder.py; 9244:unknown
2026-09-06 16:57:04 ok       ours=3/3 foreign=1 mem=5168/8151MiB util=99% | 39048:28_crossover_scan.py; 35976:28_crossover_scan.py; 22552:03_run_ladder.py; 9244:unknown
2026-09-06 16:59:06 ok       ours=3/3 foreign=1 mem=5168/8151MiB util=100% | 39048:28_crossover_scan.py; 35976:28_crossover_scan.py; 22552:03_run_ladder.py; 9244:unknown
2026-09-06 17:01:08 ok       ours=3/3 foreign=1 mem=5168/8151MiB util=100% | 39048:28_crossover_scan.py; 35976:28_crossover_scan.py; 22552:03_run_ladder.py; 9244:unknown
2026-09-06 17:03:10 ok       ours=3/3 foreign=1 mem=5168/8151MiB util=100% | 39048:28_crossover_scan.py; 35976:28_crossover_scan.py; 22552:03_run_ladder.py; 9244:unknown
2026-09-06 17:05:12 ok       ours=3/3 foreign=1 mem=5168/8151MiB util=99% | 39048:28_crossover_scan.py; 35976:28_crossover_scan.py; 22552:03_run_ladder.py; 9244:unknown
2026-09-06 17:07:13 ok       ours=3/3 foreign=1 mem=5168/8151MiB util=99% | 39048:28_crossover_scan.py; 35976:28_crossover_scan.py; 22552:03_run_ladder.py; 9244:unknown
2026-09-06 17:09:16 ok       ours=3/3 foreign=1 mem=5168/8151MiB util=100% | 39048:28_crossover_scan.py; 35976:28_crossover_scan.py; 22552:03_run_ladder.py; 9244:unknown
2026-09-06 17:11:17 ok       ours=3/3 foreign=1 mem=5168/8151MiB util=100% | 39048:28_crossover_scan.py; 35976:28_crossover_scan.py; 22552:03_run_ladder.py; 9244:unknown
2026-09-06 17:13:20 ok       ours=3/3 foreign=1 mem=5168/8151MiB util=100% | 39048:28_crossover_scan.py; 35976:28_crossover_scan.py; 22552:03_run_ladder.py; 9244:unknown
2026-09-06 17:15:22 ok       ours=3/3 foreign=1 mem=5168/8151MiB util=100% | 39048:28_crossover_scan.py; 35976:28_crossover_scan.py; 22552:03_run_ladder.py; 9244:unknown
2026-09-06 17:17:24 ok       ours=3/3 foreign=1 mem=5168/8151MiB util=99% | 39048:28_crossover_scan.py; 35976:28_crossover_scan.py; 22552:03_run_ladder.py; 9244:unknown
2026-09-06 17:19:25 ok       ours=3/3 foreign=1 mem=5168/8151MiB util=99% | 39048:28_crossover_scan.py; 35976:28_crossover_scan.py; 22552:03_run_ladder.py; 9244:unknown
2026-09-06 17:21:27 ok       ours=3/3 foreign=1 mem=5168/8151MiB util=100% | 39048:28_crossover_scan.py; 35976:28_crossover_scan.py; 22552:03_run_ladder.py; 9244:unknown
2026-09-06 17:23:29 ok       ours=3/3 foreign=1 mem=5168/8151MiB util=100% | 39048:28_crossover_scan.py; 35976:28_crossover_scan.py; 22552:03_run_ladder.py; 9244:unknown
2026-09-06 17:25:31 ok       ours=3/3 foreign=1 mem=5168/8151MiB util=99% | 39048:28_crossover_scan.py; 35976:28_crossover_scan.py; 22552:03_run_ladder.py; 9244:unknown
2026-09-06 17:27:33 ok       ours=3/3 foreign=1 mem=5168/8151MiB util=100% | 39048:28_crossover_scan.py; 35976:28_crossover_scan.py; 22552:03_run_ladder.py; 9244:unknown
2026-09-06 17:29:35 ok       ours=3/3 foreign=1 mem=5168/8151MiB util=100% | 39048:28_crossover_scan.py; 35976:28_crossover_scan.py; 22552:03_run_ladder.py; 9244:unknown
2026-09-06 17:31:37 ok       ours=3/3 foreign=1 mem=5168/8151MiB util=100% | 39048:28_crossover_scan.py; 35976:28_crossover_scan.py; 22552:03_run_ladder.py; 9244:unknown
2026-09-06 17:33:39 ok       ours=3/3 foreign=1 mem=5168/8151MiB util=99% | 39048:28_crossover_scan.py; 35976:28_crossover_scan.py; 22552:03_run_ladder.py; 9244:unknown
2026-09-06 17:35:41 ok       ours=3/3 foreign=1 mem=5168/8151MiB util=100% | 39048:28_crossover_scan.py; 35976:28_crossover_scan.py; 22552:03_run_ladder.py; 9244:unknown
2026-09-06 17:37:43 ok       ours=3/3 foreign=1 mem=5168/8151MiB util=100% | 39048:28_crossover_scan.py; 35976:28_crossover_scan.py; 22552:03_run_ladder.py; 9244:unknown
2026-09-06 17:39:45 ok       ours=3/3 foreign=1 mem=5946/8151MiB util=100% | 39048:28_crossover_scan.py; 35976:28_crossover_scan.py; 22552:03_run_ladder.py; 9244:unknown
2026-09-06 17:41:47 ok       ours=3/3 foreign=1 mem=5168/8151MiB util=100% | 39048:28_crossover_scan.py; 35976:28_crossover_scan.py; 22552:03_run_ladder.py; 9244:unknown
2026-09-06 17:43:49 ok       ours=3/3 foreign=1 mem=5168/8151MiB util=99% | 39048:28_crossover_scan.py; 35976:28_crossover_scan.py; 22552:03_run_ladder.py; 9244:unknown
2026-09-06 17:45:51 ok       ours=3/3 foreign=1 mem=5168/8151MiB util=100% | 39048:28_crossover_scan.py; 35976:28_crossover_scan.py; 22552:03_run_ladder.py; 9244:unknown
2026-09-06 17:47:53 ok       ours=3/3 foreign=1 mem=5168/8151MiB util=100% | 39048:28_crossover_scan.py; 35976:28_crossover_scan.py; 22552:03_run_ladder.py; 9244:unknown
2026-09-06 17:49:55 ok       ours=3/3 foreign=1 mem=5168/8151MiB util=100% | 39048:28_crossover_scan.py; 35976:28_crossover_scan.py; 22552:03_run_ladder.py; 9244:unknown
2026-09-06 17:51:57 ok       ours=3/3 foreign=1 mem=5168/8151MiB util=100% | 39048:28_crossover_scan.py; 35976:28_crossover_scan.py; 22552:03_run_ladder.py; 9244:unknown
2026-09-06 17:53:59 ok       ours=3/3 foreign=1 mem=5168/8151MiB util=100% | 39048:28_crossover_scan.py; 35976:28_crossover_scan.py; 22552:03_run_ladder.py; 9244:unknown
2026-09-06 17:56:01 ok       ours=3/3 foreign=1 mem=5168/8151MiB util=99% | 39048:28_crossover_scan.py; 35976:28_crossover_scan.py; 22552:03_run_ladder.py; 9244:unknown
2026-09-06 17:58:03 ok       ours=3/3 foreign=1 mem=5168/8151MiB util=100% | 39048:28_crossover_scan.py; 35976:28_crossover_scan.py; 22552:03_run_ladder.py; 9244:unknown
2026-09-06 18:00:05 ok       ours=3/3 foreign=1 mem=5168/8151MiB util=100% | 39048:28_crossover_scan.py; 35976:28_crossover_scan.py; 22552:03_run_ladder.py; 9244:unknown
2026-09-06 18:02:07 ok       ours=3/3 foreign=1 mem=5168/8151MiB util=100% | 39048:28_crossover_scan.py; 35976:28_crossover_scan.py; 22552:03_run_ladder.py; 9244:unknown
2026-09-06 18:04:09 ok       ours=3/3 foreign=1 mem=5168/8151MiB util=100% | 39048:28_crossover_scan.py; 35976:28_crossover_scan.py; 22552:03_run_ladder.py; 9244:unknown
2026-09-06 18:06:11 ok       ours=3/3 foreign=1 mem=5168/8151MiB util=100% | 39048:28_crossover_scan.py; 35976:28_crossover_scan.py; 22552:03_run_ladder.py; 9244:unknown
2026-09-06 18:08:13 ok       ours=3/3 foreign=1 mem=5168/8151MiB util=100% | 39048:28_crossover_scan.py; 35976:28_crossover_scan.py; 22552:03_run_ladder.py; 9244:unknown
2026-09-06 18:10:15 ok       ours=3/3 foreign=1 mem=5168/8151MiB util=99% | 39048:28_crossover_scan.py; 35976:28_crossover_scan.py; 22552:03_run_ladder.py; 9244:unknown
2026-09-06 18:12:17 ok       ours=3/3 foreign=1 mem=5168/8151MiB util=100% | 39048:28_crossover_scan.py; 35976:28_crossover_scan.py; 22552:03_run_ladder.py; 9244:unknown
2026-09-06 18:14:19 ok       ours=3/3 foreign=1 mem=5168/8151MiB util=99% | 39048:28_crossover_scan.py; 35976:28_crossover_scan.py; 22552:03_run_ladder.py; 9244:unknown
2026-09-06 18:16:21 ok       ours=3/3 foreign=1 mem=5168/8151MiB util=100% | 39048:28_crossover_scan.py; 35976:28_crossover_scan.py; 22552:03_run_ladder.py; 9244:unknown
2026-09-06 18:18:23 ok       ours=3/3 foreign=1 mem=5168/8151MiB util=100% | 39048:28_crossover_scan.py; 35976:28_crossover_scan.py; 22552:03_run_ladder.py; 9244:unknown
2026-09-06 18:20:25 ok       ours=3/3 foreign=1 mem=5168/8151MiB util=99% | 39048:28_crossover_scan.py; 35976:28_crossover_scan.py; 22552:03_run_ladder.py; 9244:unknown
2026-09-06 18:22:27 ok       ours=3/3 foreign=1 mem=5168/8151MiB util=100% | 39048:28_crossover_scan.py; 35976:28_crossover_scan.py; 22552:03_run_ladder.py; 9244:unknown
2026-09-06 18:24:29 ok       ours=3/3 foreign=1 mem=5168/8151MiB util=100% | 39048:28_crossover_scan.py; 35976:28_crossover_scan.py; 22552:03_run_ladder.py; 9244:unknown
2026-09-06 18:26:31 ok       ours=3/3 foreign=1 mem=5168/8151MiB util=99% | 39048:28_crossover_scan.py; 35976:28_crossover_scan.py; 22552:03_run_ladder.py; 9244:unknown
2026-09-06 18:28:33 ok       ours=3/3 foreign=1 mem=5946/8151MiB util=100% | 39048:28_crossover_scan.py; 35976:28_crossover_scan.py; 22552:03_run_ladder.py; 9244:unknown
2026-09-06 18:30:35 ok       ours=3/3 foreign=1 mem=3950/8151MiB util=100% | 39048:28_crossover_scan.py; 35976:28_crossover_scan.py; 22552:03_run_ladder.py; 9244:unknown
2026-09-06 18:32:38 ok       ours=3/3 foreign=1 mem=4006/8151MiB util=99% | 39048:28_crossover_scan.py; 35976:28_crossover_scan.py; 22552:03_run_ladder.py; 9244:unknown
2026-09-06 18:34:40 ok       ours=3/3 foreign=1 mem=3998/8151MiB util=100% | 39048:28_crossover_scan.py; 35976:28_crossover_scan.py; 22552:03_run_ladder.py; 9244:unknown
2026-09-06 18:36:42 ok       ours=3/3 foreign=1 mem=3998/8151MiB util=100% | 39048:28_crossover_scan.py; 35976:28_crossover_scan.py; 22552:03_run_ladder.py; 9244:unknown
2026-09-06 18:38:44 ok       ours=3/3 foreign=1 mem=3998/8151MiB util=100% | 39048:28_crossover_scan.py; 35976:28_crossover_scan.py; 22552:03_run_ladder.py; 9244:unknown
2026-09-06 18:40:46 ok       ours=3/3 foreign=1 mem=3998/8151MiB util=100% | 39048:28_crossover_scan.py; 35976:28_crossover_scan.py; 22552:03_run_ladder.py; 9244:unknown
2026-09-06 18:42:48 ok       ours=3/3 foreign=1 mem=4384/8151MiB util=99% | 39048:28_crossover_scan.py; 35976:28_crossover_scan.py; 22552:03_run_ladder.py; 9244:unknown
2026-09-06 18:44:51 ok       ours=3/3 foreign=1 mem=4384/8151MiB util=100% | 39048:28_crossover_scan.py; 35976:28_crossover_scan.py; 22552:03_run_ladder.py; 9244:unknown
2026-09-06 18:46:53 ok       ours=3/3 foreign=1 mem=4384/8151MiB util=100% | 39048:28_crossover_scan.py; 35976:28_crossover_scan.py; 22552:03_run_ladder.py; 9244:unknown
2026-09-06 18:48:54 ok       ours=3/3 foreign=1 mem=2086/8151MiB util=99% | 39048:28_crossover_scan.py; 35976:28_crossover_scan.py; 31048:08_hmc_seed_benchmark.py; 9244:unknown
2026-09-06 18:50:55 ok       ours=3/3 foreign=1 mem=2086/8151MiB util=99% | 39048:28_crossover_scan.py; 35976:28_crossover_scan.py; 31048:08_hmc_seed_benchmark.py; 9244:unknown
2026-09-06 18:52:57 ok       ours=3/3 foreign=1 mem=2086/8151MiB util=99% | 39048:28_crossover_scan.py; 35976:28_crossover_scan.py; 31048:08_hmc_seed_benchmark.py; 9244:unknown
2026-09-06 18:54:59 ok       ours=3/3 foreign=1 mem=2086/8151MiB util=99% | 39048:28_crossover_scan.py; 35976:28_crossover_scan.py; 31048:08_hmc_seed_benchmark.py; 9244:unknown
2026-09-06 18:57:01 ok       ours=3/3 foreign=1 mem=2086/8151MiB util=99% | 39048:28_crossover_scan.py; 35976:28_crossover_scan.py; 31048:08_hmc_seed_benchmark.py; 9244:unknown
2026-09-06 18:59:03 ok       ours=3/3 foreign=1 mem=2086/8151MiB util=99% | 39048:28_crossover_scan.py; 35976:28_crossover_scan.py; 31048:08_hmc_seed_benchmark.py; 9244:unknown
2026-09-06 19:01:04 ok       ours=3/3 foreign=1 mem=2086/8151MiB util=99% | 39048:28_crossover_scan.py; 35976:28_crossover_scan.py; 31048:08_hmc_seed_benchmark.py; 9244:unknown
2026-09-06 19:03:06 ok       ours=3/3 foreign=1 mem=2086/8151MiB util=99% | 39048:28_crossover_scan.py; 35976:28_crossover_scan.py; 31048:08_hmc_seed_benchmark.py; 9244:unknown
2026-09-06 19:05:08 ok       ours=3/3 foreign=1 mem=2086/8151MiB util=99% | 39048:28_crossover_scan.py; 35976:28_crossover_scan.py; 31048:08_hmc_seed_benchmark.py; 9244:unknown
2026-09-06 19:07:09 ok       ours=3/3 foreign=1 mem=2086/8151MiB util=99% | 39048:28_crossover_scan.py; 35976:28_crossover_scan.py; 31048:08_hmc_seed_benchmark.py; 9244:unknown
2026-09-06 19:09:11 ok       ours=3/3 foreign=1 mem=2086/8151MiB util=99% | 39048:28_crossover_scan.py; 35976:28_crossover_scan.py; 31048:08_hmc_seed_benchmark.py; 9244:unknown
2026-09-06 19:11:13 ok       ours=3/3 foreign=1 mem=2086/8151MiB util=99% | 39048:28_crossover_scan.py; 35976:28_crossover_scan.py; 31048:08_hmc_seed_benchmark.py; 9244:unknown
2026-09-06 19:13:14 ok       ours=3/3 foreign=1 mem=2086/8151MiB util=99% | 39048:28_crossover_scan.py; 35976:28_crossover_scan.py; 31048:08_hmc_seed_benchmark.py; 9244:unknown
2026-09-06 19:15:16 ok       ours=3/3 foreign=1 mem=2086/8151MiB util=99% | 39048:28_crossover_scan.py; 35976:28_crossover_scan.py; 31048:08_hmc_seed_benchmark.py; 9244:unknown
2026-09-06 19:17:17 ok       ours=3/3 foreign=1 mem=2086/8151MiB util=99% | 39048:28_crossover_scan.py; 35976:28_crossover_scan.py; 31048:08_hmc_seed_benchmark.py; 9244:unknown
2026-09-06 19:19:19 ok       ours=3/3 foreign=1 mem=2086/8151MiB util=99% | 39048:28_crossover_scan.py; 35976:28_crossover_scan.py; 31048:08_hmc_seed_benchmark.py; 9244:unknown
2026-09-06 19:21:21 ok       ours=3/3 foreign=1 mem=2086/8151MiB util=99% | 39048:28_crossover_scan.py; 35976:28_crossover_scan.py; 31048:08_hmc_seed_benchmark.py; 9244:unknown
2026-09-06 19:23:22 ok       ours=3/3 foreign=1 mem=2086/8151MiB util=99% | 39048:28_crossover_scan.py; 35976:28_crossover_scan.py; 31048:08_hmc_seed_benchmark.py; 9244:unknown
2026-09-06 19:25:24 ok       ours=3/3 foreign=1 mem=2086/8151MiB util=99% | 39048:28_crossover_scan.py; 35976:28_crossover_scan.py; 31048:08_hmc_seed_benchmark.py; 9244:unknown
2026-09-06 19:27:26 ok       ours=3/3 foreign=1 mem=2086/8151MiB util=99% | 39048:28_crossover_scan.py; 35976:28_crossover_scan.py; 31048:08_hmc_seed_benchmark.py; 9244:unknown
2026-09-06 19:29:27 ok       ours=3/3 foreign=1 mem=2086/8151MiB util=99% | 39048:28_crossover_scan.py; 35976:28_crossover_scan.py; 31048:08_hmc_seed_benchmark.py; 9244:unknown
2026-09-06 19:31:29 ok       ours=3/3 foreign=1 mem=2864/8151MiB util=99% | 39048:28_crossover_scan.py; 35976:28_crossover_scan.py; 31048:08_hmc_seed_benchmark.py; 9244:unknown
2026-09-06 19:33:31 ok       ours=3/3 foreign=1 mem=2086/8151MiB util=99% | 39048:28_crossover_scan.py; 35976:28_crossover_scan.py; 31048:08_hmc_seed_benchmark.py; 9244:unknown
2026-09-06 19:35:32 ok       ours=3/3 foreign=1 mem=2086/8151MiB util=99% | 39048:28_crossover_scan.py; 35976:28_crossover_scan.py; 31048:08_hmc_seed_benchmark.py; 9244:unknown
2026-09-06 19:37:34 ok       ours=3/3 foreign=1 mem=2086/8151MiB util=99% | 39048:28_crossover_scan.py; 35976:28_crossover_scan.py; 31048:08_hmc_seed_benchmark.py; 9244:unknown
2026-09-06 19:39:36 ok       ours=3/3 foreign=1 mem=2086/8151MiB util=99% | 39048:28_crossover_scan.py; 35976:28_crossover_scan.py; 31048:08_hmc_seed_benchmark.py; 9244:unknown
2026-09-06 19:41:38 ok       ours=3/3 foreign=1 mem=2086/8151MiB util=99% | 39048:28_crossover_scan.py; 35976:28_crossover_scan.py; 31048:08_hmc_seed_benchmark.py; 9244:unknown
2026-09-06 19:43:39 ok       ours=3/3 foreign=1 mem=2086/8151MiB util=99% | 39048:28_crossover_scan.py; 35976:28_crossover_scan.py; 31048:08_hmc_seed_benchmark.py; 9244:unknown
2026-09-06 19:45:41 ok       ours=3/3 foreign=1 mem=2086/8151MiB util=99% | 39048:28_crossover_scan.py; 35976:28_crossover_scan.py; 31048:08_hmc_seed_benchmark.py; 9244:unknown
2026-09-06 19:47:43 ok       ours=3/3 foreign=1 mem=2086/8151MiB util=99% | 39048:28_crossover_scan.py; 35976:28_crossover_scan.py; 31048:08_hmc_seed_benchmark.py; 9244:unknown
2026-09-06 19:49:45 ok       ours=3/3 foreign=1 mem=2086/8151MiB util=99% | 39048:28_crossover_scan.py; 35976:28_crossover_scan.py; 31048:08_hmc_seed_benchmark.py; 9244:unknown
2026-09-06 19:51:46 ok       ours=3/3 foreign=1 mem=2086/8151MiB util=99% | 39048:28_crossover_scan.py; 35976:28_crossover_scan.py; 31048:08_hmc_seed_benchmark.py; 9244:unknown
2026-09-06 19:53:48 ok       ours=3/3 foreign=1 mem=2086/8151MiB util=99% | 39048:28_crossover_scan.py; 35976:28_crossover_scan.py; 31048:08_hmc_seed_benchmark.py; 9244:unknown
2026-09-06 19:55:50 ok       ours=3/3 foreign=1 mem=2086/8151MiB util=99% | 39048:28_crossover_scan.py; 35976:28_crossover_scan.py; 31048:08_hmc_seed_benchmark.py; 9244:unknown
2026-09-06 19:57:52 ok       ours=3/3 foreign=1 mem=2086/8151MiB util=99% | 39048:28_crossover_scan.py; 35976:28_crossover_scan.py; 31048:08_hmc_seed_benchmark.py; 9244:unknown
2026-09-06 19:59:53 ok       ours=3/3 foreign=1 mem=2086/8151MiB util=99% | 39048:28_crossover_scan.py; 35976:28_crossover_scan.py; 31048:08_hmc_seed_benchmark.py; 9244:unknown
2026-09-06 20:01:55 ok       ours=3/3 foreign=1 mem=2086/8151MiB util=99% | 39048:28_crossover_scan.py; 35976:28_crossover_scan.py; 31048:08_hmc_seed_benchmark.py; 9244:unknown
2026-09-06 20:03:57 ok       ours=3/3 foreign=1 mem=2086/8151MiB util=99% | 39048:28_crossover_scan.py; 35976:28_crossover_scan.py; 31048:08_hmc_seed_benchmark.py; 9244:unknown
2026-09-06 20:05:58 ok       ours=3/3 foreign=1 mem=2086/8151MiB util=99% | 39048:28_crossover_scan.py; 35976:28_crossover_scan.py; 31048:08_hmc_seed_benchmark.py; 9244:unknown
2026-09-06 20:08:00 ok       ours=3/3 foreign=1 mem=2086/8151MiB util=99% | 39048:28_crossover_scan.py; 35976:28_crossover_scan.py; 31048:08_hmc_seed_benchmark.py; 9244:unknown
2026-09-06 20:10:02 ok       ours=3/3 foreign=1 mem=2086/8151MiB util=99% | 39048:28_crossover_scan.py; 35976:28_crossover_scan.py; 31048:08_hmc_seed_benchmark.py; 9244:unknown
2026-09-06 20:12:04 ok       ours=3/3 foreign=1 mem=2086/8151MiB util=99% | 39048:28_crossover_scan.py; 35976:28_crossover_scan.py; 31048:08_hmc_seed_benchmark.py; 9244:unknown
2026-09-06 20:14:05 ok       ours=3/3 foreign=1 mem=2086/8151MiB util=99% | 39048:28_crossover_scan.py; 35976:28_crossover_scan.py; 31048:08_hmc_seed_benchmark.py; 9244:unknown
2026-09-06 20:16:07 ok       ours=3/3 foreign=1 mem=2086/8151MiB util=99% | 39048:28_crossover_scan.py; 35976:28_crossover_scan.py; 31048:08_hmc_seed_benchmark.py; 9244:unknown
2026-09-06 20:18:09 ok       ours=3/3 foreign=1 mem=2086/8151MiB util=99% | 39048:28_crossover_scan.py; 35976:28_crossover_scan.py; 31048:08_hmc_seed_benchmark.py; 9244:unknown
2026-09-06 20:20:11 ok       ours=3/3 foreign=1 mem=2086/8151MiB util=99% | 39048:28_crossover_scan.py; 35976:28_crossover_scan.py; 31048:08_hmc_seed_benchmark.py; 9244:unknown
2026-09-06 20:22:12 ok       ours=3/3 foreign=1 mem=2086/8151MiB util=99% | 39048:28_crossover_scan.py; 35976:28_crossover_scan.py; 31048:08_hmc_seed_benchmark.py; 9244:unknown
2026-09-06 20:24:14 ok       ours=3/3 foreign=1 mem=2086/8151MiB util=99% | 39048:28_crossover_scan.py; 35976:28_crossover_scan.py; 31048:08_hmc_seed_benchmark.py; 9244:unknown
2026-09-06 20:26:16 ok       ours=3/3 foreign=1 mem=2086/8151MiB util=99% | 39048:28_crossover_scan.py; 35976:28_crossover_scan.py; 31048:08_hmc_seed_benchmark.py; 9244:unknown
2026-09-06 20:28:18 ok       ours=3/3 foreign=1 mem=2086/8151MiB util=99% | 39048:28_crossover_scan.py; 35976:28_crossover_scan.py; 31048:08_hmc_seed_benchmark.py; 9244:unknown
2026-09-06 20:30:20 ok       ours=3/3 foreign=1 mem=2086/8151MiB util=99% | 39048:28_crossover_scan.py; 35976:28_crossover_scan.py; 31048:08_hmc_seed_benchmark.py; 9244:unknown
2026-09-06 20:32:21 ok       ours=3/3 foreign=1 mem=2086/8151MiB util=99% | 39048:28_crossover_scan.py; 35976:28_crossover_scan.py; 31048:08_hmc_seed_benchmark.py; 9244:unknown
2026-09-06 20:34:23 ok       ours=3/3 foreign=1 mem=2086/8151MiB util=99% | 39048:28_crossover_scan.py; 35976:28_crossover_scan.py; 31048:08_hmc_seed_benchmark.py; 9244:unknown
2026-09-06 20:36:25 ok       ours=3/3 foreign=1 mem=2086/8151MiB util=99% | 39048:28_crossover_scan.py; 35976:28_crossover_scan.py; 31048:08_hmc_seed_benchmark.py; 9244:unknown
2026-09-06 20:38:27 ok       ours=3/3 foreign=1 mem=2086/8151MiB util=99% | 39048:28_crossover_scan.py; 35976:28_crossover_scan.py; 31048:08_hmc_seed_benchmark.py; 9244:unknown
2026-09-06 20:40:29 ok       ours=3/3 foreign=1 mem=2086/8151MiB util=99% | 39048:28_crossover_scan.py; 35976:28_crossover_scan.py; 31048:08_hmc_seed_benchmark.py; 9244:unknown
2026-09-06 20:42:30 ok       ours=3/3 foreign=1 mem=2086/8151MiB util=99% | 39048:28_crossover_scan.py; 35976:28_crossover_scan.py; 31048:08_hmc_seed_benchmark.py; 9244:unknown
2026-09-06 20:44:32 ok       ours=3/3 foreign=1 mem=2086/8151MiB util=99% | 39048:28_crossover_scan.py; 35976:28_crossover_scan.py; 31048:08_hmc_seed_benchmark.py; 9244:unknown
2026-09-06 20:46:34 ok       ours=2/3 foreign=1 mem=1233/8151MiB util=99% | 35976:28_crossover_scan.py; 31048:08_hmc_seed_benchmark.py; 9244:unknown
2026-09-06 20:48:35 ok       ours=2/3 foreign=1 mem=1265/8151MiB util=99% | 35976:28_crossover_scan.py; 31048:08_hmc_seed_benchmark.py; 9244:unknown
2026-09-06 20:50:37 ok       ours=2/3 foreign=1 mem=1265/8151MiB util=99% | 35976:28_crossover_scan.py; 31048:08_hmc_seed_benchmark.py; 9244:unknown
2026-09-06 20:52:39 ok       ours=2/3 foreign=1 mem=1265/8151MiB util=99% | 35976:28_crossover_scan.py; 31048:08_hmc_seed_benchmark.py; 9244:unknown
2026-09-06 20:54:41 ok       ours=2/3 foreign=1 mem=1265/8151MiB util=99% | 35976:28_crossover_scan.py; 31048:08_hmc_seed_benchmark.py; 9244:unknown
2026-09-06 20:56:43 ok       ours=2/3 foreign=1 mem=1265/8151MiB util=99% | 35976:28_crossover_scan.py; 31048:08_hmc_seed_benchmark.py; 9244:unknown
2026-09-06 20:58:45 ok       ours=2/3 foreign=1 mem=1265/8151MiB util=99% | 35976:28_crossover_scan.py; 31048:08_hmc_seed_benchmark.py; 9244:unknown
2026-09-06 21:00:47 ok       ours=2/3 foreign=1 mem=1265/8151MiB util=99% | 35976:28_crossover_scan.py; 31048:08_hmc_seed_benchmark.py; 9244:unknown
2026-09-06 21:02:48 ok       ours=2/3 foreign=1 mem=1265/8151MiB util=99% | 35976:28_crossover_scan.py; 31048:08_hmc_seed_benchmark.py; 9244:unknown
2026-09-06 21:04:50 ok       ours=2/3 foreign=1 mem=1265/8151MiB util=99% | 35976:28_crossover_scan.py; 31048:08_hmc_seed_benchmark.py; 9244:unknown
2026-09-06 21:06:52 ok       ours=2/3 foreign=1 mem=1265/8151MiB util=99% | 35976:28_crossover_scan.py; 31048:08_hmc_seed_benchmark.py; 9244:unknown
2026-09-06 21:08:54 ok       ours=2/3 foreign=1 mem=1265/8151MiB util=99% | 35976:28_crossover_scan.py; 31048:08_hmc_seed_benchmark.py; 9244:unknown
2026-09-06 21:10:55 ok       ours=2/3 foreign=1 mem=1265/8151MiB util=99% | 35976:28_crossover_scan.py; 31048:08_hmc_seed_benchmark.py; 9244:unknown
2026-09-06 21:12:57 ok       ours=2/3 foreign=1 mem=1265/8151MiB util=99% | 35976:28_crossover_scan.py; 31048:08_hmc_seed_benchmark.py; 9244:unknown
2026-09-06 21:14:59 ok       ours=2/3 foreign=1 mem=1265/8151MiB util=99% | 35976:28_crossover_scan.py; 31048:08_hmc_seed_benchmark.py; 9244:unknown
2026-09-06 21:17:01 ok       ours=2/3 foreign=1 mem=1265/8151MiB util=99% | 35976:28_crossover_scan.py; 31048:08_hmc_seed_benchmark.py; 9244:unknown
2026-09-06 21:19:03 ok       ours=2/3 foreign=1 mem=1265/8151MiB util=99% | 35976:28_crossover_scan.py; 31048:08_hmc_seed_benchmark.py; 9244:unknown
2026-09-06 21:21:05 ok       ours=2/3 foreign=1 mem=1265/8151MiB util=99% | 35976:28_crossover_scan.py; 31048:08_hmc_seed_benchmark.py; 9244:unknown
2026-09-06 21:23:06 ok       ours=2/3 foreign=1 mem=1265/8151MiB util=99% | 35976:28_crossover_scan.py; 31048:08_hmc_seed_benchmark.py; 9244:unknown
2026-09-06 21:25:08 ok       ours=2/3 foreign=1 mem=1265/8151MiB util=99% | 35976:28_crossover_scan.py; 31048:08_hmc_seed_benchmark.py; 9244:unknown
2026-09-06 21:27:10 ok       ours=2/3 foreign=1 mem=1265/8151MiB util=99% | 35976:28_crossover_scan.py; 31048:08_hmc_seed_benchmark.py; 9244:unknown
2026-09-06 21:29:12 ok       ours=2/3 foreign=1 mem=1265/8151MiB util=99% | 35976:28_crossover_scan.py; 31048:08_hmc_seed_benchmark.py; 9244:unknown
2026-09-06 21:31:13 ok       ours=2/3 foreign=1 mem=1265/8151MiB util=99% | 35976:28_crossover_scan.py; 31048:08_hmc_seed_benchmark.py; 9244:unknown
2026-09-06 21:33:15 ok       ours=2/3 foreign=1 mem=1265/8151MiB util=99% | 35976:28_crossover_scan.py; 31048:08_hmc_seed_benchmark.py; 9244:unknown
2026-09-06 21:34:58 ok       ours=3/3 foreign=1 mem=1814/8151MiB util=99% | 35976:28_crossover_scan.py; 31048:08_hmc_seed_benchmark.py; 40576:08_hmc_seed_benchmark.py; 9244:unknown
2026-09-06 21:35:16 ok       ours=3/3 foreign=1 mem=1814/8151MiB util=99% | 35976:28_crossover_scan.py; 31048:08_hmc_seed_benchmark.py; 40576:08_hmc_seed_benchmark.py; 9244:unknown
2026-09-06 21:37:18 ok       ours=3/3 foreign=1 mem=1814/8151MiB util=99% | 35976:28_crossover_scan.py; 31048:08_hmc_seed_benchmark.py; 40576:08_hmc_seed_benchmark.py; 9244:unknown
2026-09-06 21:39:19 ok       ours=3/3 foreign=1 mem=1814/8151MiB util=99% | 35976:28_crossover_scan.py; 31048:08_hmc_seed_benchmark.py; 40576:08_hmc_seed_benchmark.py; 9244:unknown
2026-09-06 21:41:21 ok       ours=3/3 foreign=1 mem=1814/8151MiB util=99% | 35976:28_crossover_scan.py; 31048:08_hmc_seed_benchmark.py; 40576:08_hmc_seed_benchmark.py; 9244:unknown
2026-09-06 21:43:25 ok       ours=3/3 foreign=1 mem=1814/8151MiB util=99% | 35976:28_crossover_scan.py; 31048:08_hmc_seed_benchmark.py; 40576:08_hmc_seed_benchmark.py; 9244:unknown
2026-09-06 21:45:26 ok       ours=3/3 foreign=1 mem=1814/8151MiB util=99% | 35976:28_crossover_scan.py; 31048:08_hmc_seed_benchmark.py; 40576:08_hmc_seed_benchmark.py; 9244:unknown
2026-09-06 21:47:28 ok       ours=3/3 foreign=1 mem=1814/8151MiB util=99% | 35976:28_crossover_scan.py; 31048:08_hmc_seed_benchmark.py; 40576:08_hmc_seed_benchmark.py; 9244:unknown
2026-09-06 21:49:30 ok       ours=3/3 foreign=1 mem=1814/8151MiB util=99% | 35976:28_crossover_scan.py; 31048:08_hmc_seed_benchmark.py; 40576:08_hmc_seed_benchmark.py; 9244:unknown
2026-09-06 21:51:31 ok       ours=3/3 foreign=1 mem=1814/8151MiB util=99% | 35976:28_crossover_scan.py; 31048:08_hmc_seed_benchmark.py; 40576:08_hmc_seed_benchmark.py; 9244:unknown
2026-09-06 21:53:33 ok       ours=3/3 foreign=1 mem=1814/8151MiB util=99% | 35976:28_crossover_scan.py; 31048:08_hmc_seed_benchmark.py; 40576:08_hmc_seed_benchmark.py; 9244:unknown
2026-09-06 21:55:35 ok       ours=3/3 foreign=1 mem=1814/8151MiB util=99% | 35976:28_crossover_scan.py; 31048:08_hmc_seed_benchmark.py; 40576:08_hmc_seed_benchmark.py; 9244:unknown
2026-09-06 21:57:36 ok       ours=3/3 foreign=1 mem=1814/8151MiB util=99% | 35976:28_crossover_scan.py; 31048:08_hmc_seed_benchmark.py; 40576:08_hmc_seed_benchmark.py; 9244:unknown
2026-09-06 21:59:38 ok       ours=3/3 foreign=1 mem=1814/8151MiB util=99% | 35976:28_crossover_scan.py; 31048:08_hmc_seed_benchmark.py; 40576:08_hmc_seed_benchmark.py; 9244:unknown
2026-09-06 22:01:40 ok       ours=3/3 foreign=1 mem=1814/8151MiB util=99% | 35976:28_crossover_scan.py; 31048:08_hmc_seed_benchmark.py; 40576:08_hmc_seed_benchmark.py; 9244:unknown
2026-09-06 22:03:41 ok       ours=3/3 foreign=1 mem=1814/8151MiB util=99% | 35976:28_crossover_scan.py; 31048:08_hmc_seed_benchmark.py; 40576:08_hmc_seed_benchmark.py; 9244:unknown
2026-09-06 22:05:43 ok       ours=3/3 foreign=1 mem=1814/8151MiB util=99% | 35976:28_crossover_scan.py; 31048:08_hmc_seed_benchmark.py; 40576:08_hmc_seed_benchmark.py; 9244:unknown
2026-09-06 22:07:45 ok       ours=3/3 foreign=1 mem=1814/8151MiB util=99% | 35976:28_crossover_scan.py; 31048:08_hmc_seed_benchmark.py; 40576:08_hmc_seed_benchmark.py; 9244:unknown
2026-09-06 22:09:47 ok       ours=3/3 foreign=1 mem=1814/8151MiB util=99% | 35976:28_crossover_scan.py; 31048:08_hmc_seed_benchmark.py; 40576:08_hmc_seed_benchmark.py; 9244:unknown
2026-09-06 22:11:48 ok       ours=3/3 foreign=1 mem=1814/8151MiB util=99% | 35976:28_crossover_scan.py; 31048:08_hmc_seed_benchmark.py; 40576:08_hmc_seed_benchmark.py; 9244:unknown
2026-09-06 22:13:49 ok       ours=3/3 foreign=1 mem=1814/8151MiB util=99% | 35976:28_crossover_scan.py; 31048:08_hmc_seed_benchmark.py; 40576:08_hmc_seed_benchmark.py; 9244:unknown
2026-09-06 22:15:51 ok       ours=3/3 foreign=1 mem=1814/8151MiB util=99% | 35976:28_crossover_scan.py; 31048:08_hmc_seed_benchmark.py; 40576:08_hmc_seed_benchmark.py; 9244:unknown
2026-09-06 22:17:53 ok       ours=3/3 foreign=1 mem=1814/8151MiB util=99% | 35976:28_crossover_scan.py; 31048:08_hmc_seed_benchmark.py; 40576:08_hmc_seed_benchmark.py; 9244:unknown
2026-09-06 22:19:54 ok       ours=3/3 foreign=1 mem=1814/8151MiB util=99% | 35976:28_crossover_scan.py; 31048:08_hmc_seed_benchmark.py; 40576:08_hmc_seed_benchmark.py; 9244:unknown
2026-09-06 22:21:56 ok       ours=3/3 foreign=1 mem=1814/8151MiB util=99% | 35976:28_crossover_scan.py; 31048:08_hmc_seed_benchmark.py; 40576:08_hmc_seed_benchmark.py; 9244:unknown
2026-09-06 22:23:58 ok       ours=3/3 foreign=1 mem=1814/8151MiB util=99% | 35976:28_crossover_scan.py; 31048:08_hmc_seed_benchmark.py; 40576:08_hmc_seed_benchmark.py; 9244:unknown
2026-09-06 22:26:00 ok       ours=3/3 foreign=1 mem=1850/8151MiB util=99% | 35976:28_crossover_scan.py; 31048:08_hmc_seed_benchmark.py; 40576:08_hmc_seed_benchmark.py; 9244:unknown
2026-09-06 22:28:01 ok       ours=3/3 foreign=1 mem=1850/8151MiB util=99% | 35976:28_crossover_scan.py; 31048:08_hmc_seed_benchmark.py; 40576:08_hmc_seed_benchmark.py; 9244:unknown
2026-09-06 22:30:03 ok       ours=3/3 foreign=1 mem=1850/8151MiB util=99% | 35976:28_crossover_scan.py; 31048:08_hmc_seed_benchmark.py; 40576:08_hmc_seed_benchmark.py; 9244:unknown
2026-09-06 22:32:05 ok       ours=3/3 foreign=1 mem=1850/8151MiB util=99% | 35976:28_crossover_scan.py; 31048:08_hmc_seed_benchmark.py; 40576:08_hmc_seed_benchmark.py; 9244:unknown
2026-09-06 22:34:07 ok       ours=3/3 foreign=1 mem=1850/8151MiB util=99% | 35976:28_crossover_scan.py; 31048:08_hmc_seed_benchmark.py; 40576:08_hmc_seed_benchmark.py; 9244:unknown
2026-09-06 22:36:08 ok       ours=3/3 foreign=1 mem=1850/8151MiB util=99% | 35976:28_crossover_scan.py; 31048:08_hmc_seed_benchmark.py; 40576:08_hmc_seed_benchmark.py; 9244:unknown
2026-09-06 22:38:10 ok       ours=3/3 foreign=1 mem=1850/8151MiB util=99% | 35976:28_crossover_scan.py; 31048:08_hmc_seed_benchmark.py; 40576:08_hmc_seed_benchmark.py; 9244:unknown
2026-09-06 22:40:12 ok       ours=3/3 foreign=1 mem=1850/8151MiB util=99% | 35976:28_crossover_scan.py; 31048:08_hmc_seed_benchmark.py; 40576:08_hmc_seed_benchmark.py; 9244:unknown
2026-09-06 22:42:13 ok       ours=3/3 foreign=1 mem=1850/8151MiB util=99% | 35976:28_crossover_scan.py; 31048:08_hmc_seed_benchmark.py; 40576:08_hmc_seed_benchmark.py; 9244:unknown
2026-09-06 22:44:16 ok       ours=3/3 foreign=1 mem=1850/8151MiB util=99% | 35976:28_crossover_scan.py; 31048:08_hmc_seed_benchmark.py; 40576:08_hmc_seed_benchmark.py; 9244:unknown
2026-09-06 22:46:18 ok       ours=3/3 foreign=1 mem=1850/8151MiB util=99% | 35976:28_crossover_scan.py; 31048:08_hmc_seed_benchmark.py; 40576:08_hmc_seed_benchmark.py; 9244:unknown
2026-09-06 22:48:20 ok       ours=3/3 foreign=1 mem=1850/8151MiB util=99% | 35976:28_crossover_scan.py; 31048:08_hmc_seed_benchmark.py; 40576:08_hmc_seed_benchmark.py; 9244:unknown
2026-09-06 22:50:22 ok       ours=3/3 foreign=1 mem=1850/8151MiB util=99% | 35976:28_crossover_scan.py; 31048:08_hmc_seed_benchmark.py; 40576:08_hmc_seed_benchmark.py; 9244:unknown
2026-09-06 22:52:24 ok       ours=3/3 foreign=1 mem=1850/8151MiB util=99% | 35976:28_crossover_scan.py; 31048:08_hmc_seed_benchmark.py; 40576:08_hmc_seed_benchmark.py; 9244:unknown
2026-09-06 22:54:26 ok       ours=3/3 foreign=1 mem=1850/8151MiB util=99% | 35976:28_crossover_scan.py; 31048:08_hmc_seed_benchmark.py; 40576:08_hmc_seed_benchmark.py; 9244:unknown
2026-09-06 22:56:28 ok       ours=3/3 foreign=1 mem=1850/8151MiB util=99% | 35976:28_crossover_scan.py; 31048:08_hmc_seed_benchmark.py; 40576:08_hmc_seed_benchmark.py; 9244:unknown
2026-09-06 22:58:30 ok       ours=3/3 foreign=1 mem=1850/8151MiB util=99% | 35976:28_crossover_scan.py; 31048:08_hmc_seed_benchmark.py; 40576:08_hmc_seed_benchmark.py; 9244:unknown
2026-09-06 23:00:33 ok       ours=3/3 foreign=1 mem=1850/8151MiB util=99% | 35976:28_crossover_scan.py; 31048:08_hmc_seed_benchmark.py; 40576:08_hmc_seed_benchmark.py; 9244:unknown
2026-09-06 23:02:35 ok       ours=3/3 foreign=1 mem=1850/8151MiB util=99% | 35976:28_crossover_scan.py; 31048:08_hmc_seed_benchmark.py; 40576:08_hmc_seed_benchmark.py; 9244:unknown
2026-09-06 23:04:37 ok       ours=3/3 foreign=1 mem=1850/8151MiB util=99% | 35976:28_crossover_scan.py; 31048:08_hmc_seed_benchmark.py; 40576:08_hmc_seed_benchmark.py; 9244:unknown
2026-09-06 23:06:39 ok       ours=3/3 foreign=1 mem=1850/8151MiB util=99% | 35976:28_crossover_scan.py; 31048:08_hmc_seed_benchmark.py; 40576:08_hmc_seed_benchmark.py; 9244:unknown
2026-09-06 23:08:41 ok       ours=3/3 foreign=1 mem=1850/8151MiB util=99% | 35976:28_crossover_scan.py; 31048:08_hmc_seed_benchmark.py; 40576:08_hmc_seed_benchmark.py; 9244:unknown
2026-09-06 23:10:43 ok       ours=3/3 foreign=1 mem=1850/8151MiB util=99% | 35976:28_crossover_scan.py; 31048:08_hmc_seed_benchmark.py; 40576:08_hmc_seed_benchmark.py; 9244:unknown
2026-09-06 23:12:45 ok       ours=3/3 foreign=1 mem=1850/8151MiB util=99% | 35976:28_crossover_scan.py; 31048:08_hmc_seed_benchmark.py; 40576:08_hmc_seed_benchmark.py; 9244:unknown
2026-09-06 23:14:47 ok       ours=3/3 foreign=1 mem=1850/8151MiB util=99% | 35976:28_crossover_scan.py; 31048:08_hmc_seed_benchmark.py; 40576:08_hmc_seed_benchmark.py; 9244:unknown
2026-09-06 23:16:49 ok       ours=3/3 foreign=1 mem=1850/8151MiB util=99% | 35976:28_crossover_scan.py; 31048:08_hmc_seed_benchmark.py; 40576:08_hmc_seed_benchmark.py; 9244:unknown
2026-09-06 23:18:50 ok       ours=3/3 foreign=1 mem=1850/8151MiB util=99% | 35976:28_crossover_scan.py; 31048:08_hmc_seed_benchmark.py; 40576:08_hmc_seed_benchmark.py; 9244:unknown
2026-09-06 23:20:52 ok       ours=3/3 foreign=1 mem=1850/8151MiB util=99% | 35976:28_crossover_scan.py; 31048:08_hmc_seed_benchmark.py; 40576:08_hmc_seed_benchmark.py; 9244:unknown
2026-09-06 23:22:54 ok       ours=3/3 foreign=1 mem=1850/8151MiB util=99% | 35976:28_crossover_scan.py; 31048:08_hmc_seed_benchmark.py; 40576:08_hmc_seed_benchmark.py; 9244:unknown
2026-09-06 23:24:56 ok       ours=3/3 foreign=1 mem=1850/8151MiB util=99% | 35976:28_crossover_scan.py; 31048:08_hmc_seed_benchmark.py; 40576:08_hmc_seed_benchmark.py; 9244:unknown
2026-09-06 23:26:58 ok       ours=3/3 foreign=1 mem=1850/8151MiB util=99% | 35976:28_crossover_scan.py; 31048:08_hmc_seed_benchmark.py; 40576:08_hmc_seed_benchmark.py; 9244:unknown
2026-09-06 23:28:59 ok       ours=3/3 foreign=1 mem=1850/8151MiB util=99% | 35976:28_crossover_scan.py; 31048:08_hmc_seed_benchmark.py; 40576:08_hmc_seed_benchmark.py; 9244:unknown
2026-09-06 23:31:01 ok       ours=3/3 foreign=1 mem=1850/8151MiB util=99% | 35976:28_crossover_scan.py; 31048:08_hmc_seed_benchmark.py; 40576:08_hmc_seed_benchmark.py; 9244:unknown
2026-09-06 23:33:03 ok       ours=3/3 foreign=1 mem=1850/8151MiB util=99% | 35976:28_crossover_scan.py; 31048:08_hmc_seed_benchmark.py; 40576:08_hmc_seed_benchmark.py; 9244:unknown
2026-09-06 23:35:05 ok       ours=3/3 foreign=1 mem=1850/8151MiB util=99% | 35976:28_crossover_scan.py; 31048:08_hmc_seed_benchmark.py; 40576:08_hmc_seed_benchmark.py; 9244:unknown
2026-09-06 23:37:06 ok       ours=3/3 foreign=1 mem=1850/8151MiB util=98% | 35976:28_crossover_scan.py; 31048:08_hmc_seed_benchmark.py; 40576:08_hmc_seed_benchmark.py; 9244:unknown
2026-09-06 23:39:08 ok       ours=3/3 foreign=1 mem=1850/8151MiB util=99% | 35976:28_crossover_scan.py; 31048:08_hmc_seed_benchmark.py; 40576:08_hmc_seed_benchmark.py; 9244:unknown
2026-09-06 23:41:10 ok       ours=3/3 foreign=1 mem=1850/8151MiB util=99% | 35976:28_crossover_scan.py; 31048:08_hmc_seed_benchmark.py; 40576:08_hmc_seed_benchmark.py; 9244:unknown
2026-09-06 23:43:12 ok       ours=3/3 foreign=1 mem=1850/8151MiB util=99% | 35976:28_crossover_scan.py; 31048:08_hmc_seed_benchmark.py; 40576:08_hmc_seed_benchmark.py; 9244:unknown
2026-09-06 23:45:13 ok       ours=3/3 foreign=1 mem=1850/8151MiB util=99% | 35976:28_crossover_scan.py; 31048:08_hmc_seed_benchmark.py; 40576:08_hmc_seed_benchmark.py; 9244:unknown
2026-09-06 23:47:15 ok       ours=3/3 foreign=1 mem=1850/8151MiB util=99% | 35976:28_crossover_scan.py; 31048:08_hmc_seed_benchmark.py; 40576:08_hmc_seed_benchmark.py; 9244:unknown
2026-09-06 23:49:17 ok       ours=3/3 foreign=1 mem=1850/8151MiB util=99% | 35976:28_crossover_scan.py; 31048:08_hmc_seed_benchmark.py; 40576:08_hmc_seed_benchmark.py; 9244:unknown
2026-09-06 23:51:19 ok       ours=3/3 foreign=1 mem=1850/8151MiB util=99% | 35976:28_crossover_scan.py; 31048:08_hmc_seed_benchmark.py; 40576:08_hmc_seed_benchmark.py; 9244:unknown
2026-09-06 23:53:21 ok       ours=3/3 foreign=1 mem=1850/8151MiB util=99% | 35976:28_crossover_scan.py; 31048:08_hmc_seed_benchmark.py; 40576:08_hmc_seed_benchmark.py; 9244:unknown
2026-09-06 23:55:23 ok       ours=3/3 foreign=1 mem=1850/8151MiB util=99% | 35976:28_crossover_scan.py; 31048:08_hmc_seed_benchmark.py; 40576:08_hmc_seed_benchmark.py; 9244:unknown
2026-09-06 23:57:25 ok       ours=3/3 foreign=1 mem=1850/8151MiB util=99% | 35976:28_crossover_scan.py; 31048:08_hmc_seed_benchmark.py; 40576:08_hmc_seed_benchmark.py; 9244:unknown
2026-09-06 23:59:26 ok       ours=3/3 foreign=1 mem=1850/8151MiB util=99% | 35976:28_crossover_scan.py; 31048:08_hmc_seed_benchmark.py; 40576:08_hmc_seed_benchmark.py; 9244:unknown
2026-09-07 00:01:28 ok       ours=3/3 foreign=1 mem=1850/8151MiB util=99% | 35976:28_crossover_scan.py; 31048:08_hmc_seed_benchmark.py; 40576:08_hmc_seed_benchmark.py; 9244:unknown
2026-09-07 00:03:30 ok       ours=3/3 foreign=1 mem=1850/8151MiB util=99% | 35976:28_crossover_scan.py; 31048:08_hmc_seed_benchmark.py; 40576:08_hmc_seed_benchmark.py; 9244:unknown
2026-09-07 00:05:32 ok       ours=3/3 foreign=1 mem=1850/8151MiB util=99% | 35976:28_crossover_scan.py; 31048:08_hmc_seed_benchmark.py; 40576:08_hmc_seed_benchmark.py; 9244:unknown
2026-09-07 00:07:34 ok       ours=3/3 foreign=1 mem=1850/8151MiB util=99% | 35976:28_crossover_scan.py; 31048:08_hmc_seed_benchmark.py; 40576:08_hmc_seed_benchmark.py; 9244:unknown
2026-09-07 00:09:35 ok       ours=3/3 foreign=1 mem=1850/8151MiB util=99% | 35976:28_crossover_scan.py; 31048:08_hmc_seed_benchmark.py; 40576:08_hmc_seed_benchmark.py; 9244:unknown
2026-09-07 00:11:37 ok       ours=3/3 foreign=1 mem=1850/8151MiB util=99% | 35976:28_crossover_scan.py; 31048:08_hmc_seed_benchmark.py; 40576:08_hmc_seed_benchmark.py; 9244:unknown
2026-09-07 00:13:39 ok       ours=3/3 foreign=1 mem=1850/8151MiB util=99% | 35976:28_crossover_scan.py; 31048:08_hmc_seed_benchmark.py; 40576:08_hmc_seed_benchmark.py; 9244:unknown
2026-09-07 00:15:41 ok       ours=3/3 foreign=1 mem=1850/8151MiB util=99% | 35976:28_crossover_scan.py; 31048:08_hmc_seed_benchmark.py; 40576:08_hmc_seed_benchmark.py; 9244:unknown
2026-09-07 00:17:43 ok       ours=3/3 foreign=1 mem=1850/8151MiB util=99% | 35976:28_crossover_scan.py; 31048:08_hmc_seed_benchmark.py; 40576:08_hmc_seed_benchmark.py; 9244:unknown
2026-09-07 00:19:45 ok       ours=3/3 foreign=1 mem=1850/8151MiB util=99% | 35976:28_crossover_scan.py; 31048:08_hmc_seed_benchmark.py; 40576:08_hmc_seed_benchmark.py; 9244:unknown
2026-09-07 00:21:46 ok       ours=3/3 foreign=1 mem=1850/8151MiB util=99% | 35976:28_crossover_scan.py; 31048:08_hmc_seed_benchmark.py; 40576:08_hmc_seed_benchmark.py; 9244:unknown
2026-09-07 00:23:48 ok       ours=3/3 foreign=1 mem=1850/8151MiB util=99% | 35976:28_crossover_scan.py; 31048:08_hmc_seed_benchmark.py; 40576:08_hmc_seed_benchmark.py; 9244:unknown
2026-09-07 00:25:50 ok       ours=2/3 foreign=1 mem=1099/8151MiB util=99% | 31048:08_hmc_seed_benchmark.py; 40576:08_hmc_seed_benchmark.py; 9244:unknown
2026-09-07 00:27:52 ok       ours=2/3 foreign=1 mem=1099/8151MiB util=99% | 31048:08_hmc_seed_benchmark.py; 40576:08_hmc_seed_benchmark.py; 9244:unknown
2026-09-07 00:29:53 ok       ours=2/3 foreign=1 mem=1099/8151MiB util=99% | 31048:08_hmc_seed_benchmark.py; 40576:08_hmc_seed_benchmark.py; 9244:unknown
2026-09-07 00:31:55 ok       ours=2/3 foreign=1 mem=1099/8151MiB util=99% | 31048:08_hmc_seed_benchmark.py; 40576:08_hmc_seed_benchmark.py; 9244:unknown
2026-09-07 00:33:57 ok       ours=2/3 foreign=1 mem=1099/8151MiB util=99% | 31048:08_hmc_seed_benchmark.py; 40576:08_hmc_seed_benchmark.py; 9244:unknown
2026-09-07 00:35:59 ok       ours=2/3 foreign=1 mem=1099/8151MiB util=99% | 31048:08_hmc_seed_benchmark.py; 40576:08_hmc_seed_benchmark.py; 9244:unknown
2026-09-07 00:38:01 ok       ours=2/3 foreign=1 mem=1099/8151MiB util=99% | 31048:08_hmc_seed_benchmark.py; 40576:08_hmc_seed_benchmark.py; 9244:unknown
2026-09-07 00:40:02 ok       ours=2/3 foreign=1 mem=1099/8151MiB util=98% | 31048:08_hmc_seed_benchmark.py; 40576:08_hmc_seed_benchmark.py; 9244:unknown
2026-09-07 00:42:04 ok       ours=2/3 foreign=1 mem=1099/8151MiB util=99% | 31048:08_hmc_seed_benchmark.py; 40576:08_hmc_seed_benchmark.py; 9244:unknown
2026-09-07 00:44:06 ok       ours=2/3 foreign=1 mem=1099/8151MiB util=99% | 31048:08_hmc_seed_benchmark.py; 40576:08_hmc_seed_benchmark.py; 9244:unknown
2026-09-07 00:46:08 ok       ours=2/3 foreign=1 mem=1099/8151MiB util=99% | 31048:08_hmc_seed_benchmark.py; 40576:08_hmc_seed_benchmark.py; 9244:unknown
2026-09-07 00:48:09 ok       ours=2/3 foreign=1 mem=1099/8151MiB util=99% | 31048:08_hmc_seed_benchmark.py; 40576:08_hmc_seed_benchmark.py; 9244:unknown
2026-09-07 00:50:11 ok       ours=2/3 foreign=1 mem=1099/8151MiB util=99% | 31048:08_hmc_seed_benchmark.py; 40576:08_hmc_seed_benchmark.py; 9244:unknown
2026-09-07 00:52:13 ok       ours=2/3 foreign=1 mem=1099/8151MiB util=99% | 31048:08_hmc_seed_benchmark.py; 40576:08_hmc_seed_benchmark.py; 9244:unknown
2026-09-07 00:54:15 ok       ours=2/3 foreign=1 mem=1099/8151MiB util=98% | 31048:08_hmc_seed_benchmark.py; 40576:08_hmc_seed_benchmark.py; 9244:unknown
2026-09-07 00:56:16 ok       ours=1/3 foreign=1 mem=550/8151MiB util=98% | 31048:08_hmc_seed_benchmark.py; 9244:unknown
2026-09-07 00:58:18 ok       ours=1/3 foreign=1 mem=550/8151MiB util=97% | 31048:08_hmc_seed_benchmark.py; 9244:unknown
2026-09-07 01:00:20 ok       ours=1/3 foreign=1 mem=550/8151MiB util=98% | 31048:08_hmc_seed_benchmark.py; 9244:unknown
2026-09-07 01:02:22 ok       ours=1/3 foreign=1 mem=550/8151MiB util=98% | 31048:08_hmc_seed_benchmark.py; 9244:unknown
2026-09-07 01:04:24 ok       ours=1/3 foreign=1 mem=550/8151MiB util=89% | 31048:08_hmc_seed_benchmark.py; 9244:unknown
2026-09-07 01:06:25 ok       ours=1/3 foreign=1 mem=550/8151MiB util=92% | 31048:08_hmc_seed_benchmark.py; 9244:unknown
2026-09-07 01:08:27 ok       ours=0/3 foreign=1 mem=0/8151MiB util=0% | 9244:unknown
2026-09-07 01:10:28 ok       ours=0/3 foreign=1 mem=0/8151MiB util=0% | 9244:unknown
2026-09-07 01:12:30 ok       ours=0/3 foreign=1 mem=0/8151MiB util=0% | 9244:unknown
2026-09-07 01:14:31 ok       ours=0/3 foreign=1 mem=0/8151MiB util=0% | 9244:unknown
2026-09-07 01:16:33 ok       ours=0/3 foreign=1 mem=0/8151MiB util=0% | 9244:unknown
2026-09-07 01:18:35 ok       ours=0/3 foreign=1 mem=0/8151MiB util=0% | 9244:unknown
2026-09-07 01:20:36 ok       ours=0/3 foreign=1 mem=0/8151MiB util=0% | 9244:unknown
2026-09-07 01:22:38 ok       ours=0/3 foreign=1 mem=0/8151MiB util=0% | 9244:unknown
2026-09-07 01:24:39 ok       ours=0/3 foreign=1 mem=0/8151MiB util=0% | 9244:unknown
2026-09-07 01:26:41 ok       ours=0/3 foreign=1 mem=0/8151MiB util=0% | 9244:unknown
2026-09-07 01:28:42 ok       ours=0/3 foreign=1 mem=0/8151MiB util=0% | 9244:unknown
2026-09-07 01:30:44 ok       ours=0/3 foreign=1 mem=0/8151MiB util=0% | 9244:unknown
2026-09-07 01:32:45 ok       ours=0/3 foreign=1 mem=0/8151MiB util=0% | 9244:unknown
2026-09-07 01:34:47 ok       ours=0/3 foreign=1 mem=0/8151MiB util=0% | 9244:unknown
2026-09-07 01:36:48 ok       ours=0/3 foreign=1 mem=0/8151MiB util=0% | 9244:unknown
2026-09-07 01:38:50 ok       ours=0/3 foreign=1 mem=0/8151MiB util=0% | 9244:unknown
2026-09-07 01:40:51 ok       ours=0/3 foreign=1 mem=0/8151MiB util=0% | 9244:unknown
2026-09-07 01:42:53 ok       ours=0/3 foreign=1 mem=0/8151MiB util=0% | 9244:unknown
2026-09-07 01:44:55 ok       ours=0/3 foreign=1 mem=0/8151MiB util=0% | 9244:unknown
2026-09-07 01:46:56 ok       ours=0/3 foreign=1 mem=0/8151MiB util=0% | 9244:unknown
2026-09-07 01:48:58 ok       ours=0/3 foreign=1 mem=0/8151MiB util=0% | 9244:unknown
2026-09-07 01:50:59 ok       ours=0/3 foreign=1 mem=0/8151MiB util=0% | 9244:unknown
2026-09-07 01:53:01 ok       ours=0/3 foreign=1 mem=0/8151MiB util=0% | 9244:unknown
2026-09-07 01:55:02 ok       ours=0/3 foreign=1 mem=0/8151MiB util=0% | 9244:unknown
2026-09-07 01:57:04 ok       ours=0/3 foreign=1 mem=0/8151MiB util=0% | 9244:unknown
2026-09-07 01:59:05 ok       ours=0/3 foreign=1 mem=0/8151MiB util=0% | 9244:unknown
2026-09-07 02:01:07 ok       ours=0/3 foreign=1 mem=0/8151MiB util=0% | 9244:unknown
2026-09-07 02:03:08 ok       ours=0/3 foreign=1 mem=0/8151MiB util=0% | 9244:unknown
2026-09-07 02:05:10 ok       ours=0/3 foreign=1 mem=0/8151MiB util=0% | 9244:unknown
2026-09-07 02:07:11 ok       ours=0/3 foreign=1 mem=0/8151MiB util=0% | 9244:unknown
2026-09-07 02:09:13 ok       ours=0/3 foreign=1 mem=0/8151MiB util=0% | 9244:unknown
2026-09-07 02:11:14 ok       ours=0/3 foreign=1 mem=0/8151MiB util=0% | 9244:unknown
2026-09-07 02:13:16 ok       ours=0/3 foreign=1 mem=0/8151MiB util=0% | 9244:unknown
2026-09-07 02:15:17 ok       ours=0/3 foreign=1 mem=0/8151MiB util=0% | 9244:unknown
2026-09-07 02:17:19 ok       ours=0/3 foreign=1 mem=0/8151MiB util=0% | 9244:unknown
2026-09-07 02:19:20 ok       ours=0/3 foreign=1 mem=0/8151MiB util=0% | 9244:unknown
2026-09-07 02:21:22 ok       ours=0/3 foreign=1 mem=0/8151MiB util=0% | 9244:unknown
2026-09-07 02:23:23 ok       ours=0/3 foreign=1 mem=0/8151MiB util=0% | 9244:unknown
2026-09-07 02:25:25 ok       ours=0/3 foreign=1 mem=0/8151MiB util=0% | 9244:unknown
2026-09-07 02:27:26 ok       ours=0/3 foreign=1 mem=0/8151MiB util=0% | 9244:unknown
2026-09-07 02:29:28 ok       ours=0/3 foreign=1 mem=0/8151MiB util=0% | 9244:unknown
2026-09-07 02:31:29 ok       ours=0/3 foreign=1 mem=0/8151MiB util=0% | 9244:unknown
2026-09-07 02:33:31 ok       ours=0/3 foreign=1 mem=0/8151MiB util=0% | 9244:unknown
2026-09-07 02:35:32 ok       ours=0/3 foreign=1 mem=0/8151MiB util=0% | 9244:unknown
2026-09-07 02:37:34 ok       ours=0/3 foreign=1 mem=0/8151MiB util=0% | 9244:unknown
2026-09-07 02:39:35 ok       ours=0/3 foreign=1 mem=0/8151MiB util=0% | 9244:unknown
2026-09-07 02:41:37 ok       ours=0/3 foreign=1 mem=0/8151MiB util=0% | 9244:unknown
2026-09-07 02:43:38 ok       ours=0/3 foreign=1 mem=0/8151MiB util=0% | 9244:unknown
2026-09-07 02:45:40 ok       ours=0/3 foreign=1 mem=0/8151MiB util=0% | 9244:unknown
2026-09-07 02:47:41 ok       ours=0/3 foreign=1 mem=0/8151MiB util=0% | 9244:unknown
2026-09-07 02:49:43 ok       ours=0/3 foreign=1 mem=0/8151MiB util=0% | 9244:unknown
2026-09-07 02:51:44 ok       ours=0/3 foreign=1 mem=0/8151MiB util=0% | 9244:unknown
2026-09-07 02:53:46 ok       ours=0/3 foreign=1 mem=0/8151MiB util=0% | 9244:unknown
2026-09-07 02:55:48 ok       ours=0/3 foreign=1 mem=0/8151MiB util=0% | 9244:unknown
2026-09-07 02:57:49 ok       ours=0/3 foreign=1 mem=0/8151MiB util=0% | 9244:unknown
2026-09-07 02:59:51 ok       ours=0/3 foreign=1 mem=0/8151MiB util=0% | 9244:unknown
2026-09-07 03:01:52 ok       ours=0/3 foreign=1 mem=0/8151MiB util=0% | 9244:unknown
2026-09-07 03:03:54 ok       ours=0/3 foreign=1 mem=0/8151MiB util=0% | 9244:unknown
2026-09-07 03:05:55 ok       ours=0/3 foreign=1 mem=0/8151MiB util=0% | 9244:unknown
2026-09-07 03:07:57 ok       ours=0/3 foreign=1 mem=0/8151MiB util=0% | 9244:unknown
2026-09-07 03:09:58 ok       ours=0/3 foreign=1 mem=0/8151MiB util=0% | 9244:unknown
2026-09-07 03:12:00 ok       ours=0/3 foreign=1 mem=0/8151MiB util=0% | 9244:unknown
2026-09-07 03:14:01 ok       ours=0/3 foreign=1 mem=0/8151MiB util=0% | 9244:unknown
2026-09-07 03:16:03 ok       ours=0/3 foreign=1 mem=0/8151MiB util=0% | 9244:unknown
2026-09-07 03:18:04 ok       ours=0/3 foreign=1 mem=0/8151MiB util=0% | 9244:unknown
2026-09-07 03:20:06 ok       ours=0/3 foreign=1 mem=0/8151MiB util=0% | 9244:unknown
2026-09-07 03:22:07 ok       ours=0/3 foreign=1 mem=0/8151MiB util=0% | 9244:unknown
2026-09-07 03:24:09 ok       ours=0/3 foreign=1 mem=0/8151MiB util=0% | 9244:unknown
2026-09-07 03:26:10 ok       ours=0/3 foreign=1 mem=0/8151MiB util=0% | 9244:unknown
2026-09-07 03:28:12 ok       ours=0/3 foreign=1 mem=0/8151MiB util=0% | 9244:unknown
2026-09-07 03:30:13 ok       ours=0/3 foreign=1 mem=0/8151MiB util=0% | 9244:unknown
2026-09-07 03:32:15 ok       ours=0/3 foreign=1 mem=0/8151MiB util=0% | 9244:unknown
2026-09-07 03:34:17 ok       ours=0/3 foreign=1 mem=0/8151MiB util=0% | 9244:unknown
2026-09-07 03:36:18 ok       ours=0/3 foreign=1 mem=0/8151MiB util=0% | 9244:unknown
2026-09-07 03:38:20 ok       ours=0/3 foreign=1 mem=0/8151MiB util=0% | 9244:unknown
2026-09-07 03:40:21 ok       ours=0/3 foreign=1 mem=0/8151MiB util=0% | 9244:unknown
2026-09-07 03:42:23 ok       ours=0/3 foreign=1 mem=0/8151MiB util=0% | 9244:unknown
2026-09-07 03:44:24 ok       ours=0/3 foreign=1 mem=0/8151MiB util=0% | 9244:unknown
2026-09-07 03:46:26 ok       ours=0/3 foreign=1 mem=0/8151MiB util=0% | 9244:unknown
2026-09-07 03:48:27 ok       ours=0/3 foreign=1 mem=0/8151MiB util=0% | 9244:unknown
2026-09-07 03:50:30 ok       ours=0/3 foreign=1 mem=0/8151MiB util=0% | 9244:unknown
2026-09-07 03:52:31 ok       ours=0/3 foreign=1 mem=0/8151MiB util=0% | 9244:unknown
2026-09-07 03:54:33 ok       ours=0/3 foreign=1 mem=0/8151MiB util=0% | 9244:unknown
2026-09-07 03:56:35 ok       ours=0/3 foreign=1 mem=0/8151MiB util=0% | 9244:unknown
2026-09-07 03:58:36 ok       ours=0/3 foreign=1 mem=0/8151MiB util=0% | 9244:unknown
2026-09-07 04:00:38 ok       ours=0/3 foreign=1 mem=0/8151MiB util=0% | 9244:unknown
2026-09-07 04:02:39 ok       ours=0/3 foreign=1 mem=0/8151MiB util=0% | 9244:unknown
2026-09-07 04:04:41 ok       ours=0/3 foreign=1 mem=0/8151MiB util=0% | 9244:unknown
2026-09-07 04:06:42 ok       ours=0/3 foreign=1 mem=0/8151MiB util=0% | 9244:unknown
2026-09-07 04:08:44 ok       ours=0/3 foreign=1 mem=0/8151MiB util=0% | 9244:unknown
2026-09-07 04:10:45 ok       ours=0/3 foreign=1 mem=0/8151MiB util=0% | 9244:unknown
2026-09-07 04:12:47 ok       ours=0/3 foreign=1 mem=0/8151MiB util=0% | 9244:unknown
2026-09-07 04:14:48 ok       ours=0/3 foreign=1 mem=0/8151MiB util=0% | 9244:unknown
2026-09-07 04:16:50 ok       ours=0/3 foreign=1 mem=0/8151MiB util=0% | 9244:unknown
2026-09-07 04:18:51 ok       ours=0/3 foreign=1 mem=0/8151MiB util=0% | 9244:unknown
2026-09-07 04:20:53 ok       ours=0/3 foreign=1 mem=0/8151MiB util=0% | 9244:unknown
2026-09-07 04:22:54 ok       ours=0/3 foreign=1 mem=0/8151MiB util=0% | 9244:unknown
2026-09-07 04:24:56 ok       ours=0/3 foreign=1 mem=0/8151MiB util=0% | 9244:unknown
2026-09-07 04:26:57 ok       ours=0/3 foreign=1 mem=0/8151MiB util=0% | 9244:unknown
2026-09-07 04:28:59 ok       ours=0/3 foreign=1 mem=0/8151MiB util=0% | 9244:unknown
2026-09-07 04:31:01 ok       ours=0/3 foreign=1 mem=0/8151MiB util=0% | 9244:unknown
2026-09-07 04:33:02 ok       ours=0/3 foreign=1 mem=0/8151MiB util=0% | 9244:unknown
2026-09-07 04:35:04 ok       ours=0/3 foreign=1 mem=0/8151MiB util=0% | 9244:unknown
2026-09-07 04:37:05 ok       ours=0/3 foreign=1 mem=0/8151MiB util=0% | 9244:unknown
2026-09-07 04:39:07 ok       ours=0/3 foreign=1 mem=0/8151MiB util=0% | 9244:unknown
2026-09-07 04:41:09 ok       ours=0/3 foreign=1 mem=0/8151MiB util=0% | 9244:unknown
2026-09-07 04:43:10 ok       ours=0/3 foreign=1 mem=0/8151MiB util=0% | 9244:unknown
2026-09-07 04:45:12 ok       ours=0/3 foreign=1 mem=0/8151MiB util=0% | 9244:unknown
2026-09-07 04:47:13 ok       ours=0/3 foreign=1 mem=0/8151MiB util=0% | 9244:unknown
2026-09-07 04:49:15 ok       ours=0/3 foreign=1 mem=0/8151MiB util=0% | 9244:unknown
2026-09-07 04:51:16 ok       ours=0/3 foreign=1 mem=0/8151MiB util=0% | 9244:unknown
2026-09-07 04:53:18 ok       ours=0/3 foreign=1 mem=0/8151MiB util=0% | 9244:unknown
2026-09-07 04:55:20 ok       ours=0/3 foreign=1 mem=0/8151MiB util=0% | 9244:unknown
2026-09-07 04:57:21 ok       ours=0/3 foreign=1 mem=0/8151MiB util=0% | 9244:unknown
2026-09-07 04:59:23 ok       ours=0/3 foreign=1 mem=0/8151MiB util=0% | 9244:unknown
2026-09-07 05:01:24 ok       ours=0/3 foreign=1 mem=0/8151MiB util=0% | 9244:unknown
2026-09-07 05:03:26 ok       ours=0/3 foreign=1 mem=0/8151MiB util=0% | 9244:unknown
2026-09-07 05:05:27 ok       ours=0/3 foreign=1 mem=0/8151MiB util=0% | 9244:unknown
2026-09-07 05:07:29 ok       ours=0/3 foreign=1 mem=0/8151MiB util=0% | 9244:unknown
2026-09-07 05:09:30 ok       ours=0/3 foreign=1 mem=0/8151MiB util=0% | 9244:unknown
2026-09-07 05:11:32 ok       ours=0/3 foreign=1 mem=0/8151MiB util=0% | 9244:unknown
2026-09-07 05:13:33 ok       ours=0/3 foreign=1 mem=0/8151MiB util=0% | 9244:unknown
2026-09-07 05:15:35 ok       ours=0/3 foreign=1 mem=0/8151MiB util=0% | 9244:unknown
2026-09-07 05:17:36 ok       ours=0/3 foreign=1 mem=0/8151MiB util=0% | 9244:unknown
2026-09-07 05:19:38 ok       ours=0/3 foreign=1 mem=0/8151MiB util=0% | 9244:unknown
2026-09-07 05:21:39 ok       ours=0/3 foreign=1 mem=0/8151MiB util=0% | 9244:unknown
2026-09-07 05:23:41 ok       ours=0/3 foreign=1 mem=0/8151MiB util=0% | 9244:unknown
2026-09-07 05:25:42 ok       ours=0/3 foreign=1 mem=0/8151MiB util=0% | 9244:unknown
2026-09-07 05:27:44 ok       ours=0/3 foreign=1 mem=0/8151MiB util=0% | 9244:unknown
2026-09-07 05:29:46 ok       ours=0/3 foreign=1 mem=0/8151MiB util=0% | 9244:unknown
2026-09-07 05:31:47 ok       ours=0/3 foreign=1 mem=0/8151MiB util=0% | 9244:unknown
2026-09-07 05:33:48 ok       ours=0/3 foreign=1 mem=0/8151MiB util=0% | 9244:unknown
2026-09-07 05:35:50 ok       ours=0/3 foreign=1 mem=0/8151MiB util=0% | 9244:unknown
2026-09-07 05:37:51 ok       ours=0/3 foreign=1 mem=0/8151MiB util=0% | 9244:unknown
2026-09-07 05:39:53 ok       ours=0/3 foreign=1 mem=0/8151MiB util=0% | 9244:unknown
2026-09-07 05:41:54 ok       ours=0/3 foreign=1 mem=0/8151MiB util=0% | 9244:unknown
2026-09-07 05:43:56 ok       ours=0/3 foreign=1 mem=0/8151MiB util=0% | 9244:unknown
2026-09-07 05:45:58 ok       ours=0/3 foreign=1 mem=0/8151MiB util=0% | 9244:unknown
2026-09-07 05:47:59 ok       ours=0/3 foreign=1 mem=0/8151MiB util=0% | 9244:unknown
2026-09-07 05:50:00 ok       ours=0/3 foreign=1 mem=0/8151MiB util=0% | 9244:unknown
2026-09-07 05:52:02 ok       ours=0/3 foreign=1 mem=0/8151MiB util=0% | 9244:unknown
2026-09-07 05:54:03 ok       ours=0/3 foreign=1 mem=0/8151MiB util=0% | 9244:unknown
2026-09-07 05:56:05 ok       ours=0/3 foreign=1 mem=0/8151MiB util=0% | 9244:unknown
2026-09-07 05:58:07 ok       ours=0/3 foreign=1 mem=0/8151MiB util=0% | 9244:unknown
2026-09-07 06:00:08 ok       ours=0/3 foreign=1 mem=0/8151MiB util=0% | 9244:unknown
2026-09-07 06:02:10 ok       ours=0/3 foreign=1 mem=0/8151MiB util=0% | 9244:unknown
2026-09-07 06:04:12 ok       ours=0/3 foreign=1 mem=0/8151MiB util=0% | 9244:unknown
2026-09-07 06:06:14 ok       ours=0/3 foreign=1 mem=0/8151MiB util=0% | 9244:unknown
2026-09-07 06:08:15 ok       ours=0/3 foreign=1 mem=0/8151MiB util=0% | 9244:unknown
2026-09-07 06:10:17 ok       ours=0/3 foreign=1 mem=0/8151MiB util=0% | 9244:unknown
2026-09-07 06:12:19 ok       ours=0/3 foreign=1 mem=0/8151MiB util=0% | 9244:unknown
2026-09-07 06:14:20 ok       ours=0/3 foreign=1 mem=0/8151MiB util=0% | 9244:unknown
2026-09-07 06:16:22 ok       ours=0/3 foreign=1 mem=0/8151MiB util=0% | 9244:unknown
2026-09-07 06:18:24 ok       ours=0/3 foreign=1 mem=0/8151MiB util=0% | 9244:unknown
2026-09-07 06:20:26 ok       ours=0/3 foreign=1 mem=0/8151MiB util=0% | 9244:unknown
2026-09-07 06:22:27 ok       ours=0/3 foreign=1 mem=0/8151MiB util=0% | 9244:unknown
2026-09-07 06:24:29 ok       ours=0/3 foreign=1 mem=0/8151MiB util=0% | 9244:unknown
2026-09-07 06:26:31 ok       ours=0/3 foreign=1 mem=0/8151MiB util=0% | 9244:unknown
2026-09-07 06:28:33 ok       ours=0/3 foreign=1 mem=0/8151MiB util=0% | 9244:unknown
2026-09-07 06:30:35 ok       ours=0/3 foreign=1 mem=0/8151MiB util=0% | 9244:unknown
2026-09-07 06:32:36 ok       ours=0/3 foreign=1 mem=0/8151MiB util=0% | 9244:unknown
2026-09-07 06:34:38 ok       ours=0/3 foreign=1 mem=0/8151MiB util=0% | 9244:unknown
2026-09-07 06:36:40 ok       ours=0/3 foreign=1 mem=0/8151MiB util=0% | 9244:unknown
2026-09-07 06:38:42 ok       ours=0/3 foreign=1 mem=0/8151MiB util=0% | 9244:unknown
2026-09-07 06:40:43 ok       ours=0/3 foreign=1 mem=0/8151MiB util=0% | 9244:unknown
2026-09-07 06:42:45 ok       ours=0/3 foreign=1 mem=0/8151MiB util=0% | 9244:unknown
2026-09-07 06:44:47 ok       ours=0/3 foreign=1 mem=0/8151MiB util=0% | 9244:unknown
2026-09-07 06:46:49 ok       ours=0/3 foreign=1 mem=0/8151MiB util=0% | 9244:unknown
2026-09-07 06:48:50 ok       ours=0/3 foreign=1 mem=0/8151MiB util=0% | 9244:unknown
2026-09-07 06:50:52 ok       ours=0/3 foreign=1 mem=0/8151MiB util=0% | 9244:unknown
2026-09-07 06:52:54 ok       ours=0/3 foreign=1 mem=0/8151MiB util=0% | 9244:unknown
2026-09-07 06:54:56 ok       ours=0/3 foreign=1 mem=0/8151MiB util=0% | 9244:unknown
2026-09-07 06:56:58 ok       ours=0/3 foreign=1 mem=0/8151MiB util=0% | 9244:unknown
2026-09-07 06:58:59 ok       ours=0/3 foreign=1 mem=0/8151MiB util=0% | 9244:unknown
2026-09-07 07:01:01 ok       ours=0/3 foreign=1 mem=0/8151MiB util=0% | 9244:unknown
2026-09-07 07:03:03 ok       ours=0/3 foreign=1 mem=0/8151MiB util=0% | 9244:unknown
2026-09-07 07:05:05 ok       ours=0/3 foreign=1 mem=0/8151MiB util=0% | 9244:unknown
2026-09-07 07:07:07 ok       ours=0/3 foreign=1 mem=0/8151MiB util=0% | 9244:unknown
2026-09-07 07:09:08 ok       ours=0/3 foreign=1 mem=0/8151MiB util=0% | 9244:unknown
2026-09-07 07:11:10 ok       ours=0/3 foreign=1 mem=0/8151MiB util=0% | 9244:unknown
2026-09-07 07:13:12 ok       ours=0/3 foreign=1 mem=0/8151MiB util=0% | 9244:unknown
2026-09-07 07:15:14 ok       ours=0/3 foreign=1 mem=0/8151MiB util=0% | 9244:unknown
2026-09-07 07:17:15 ok       ours=0/3 foreign=1 mem=0/8151MiB util=0% | 9244:unknown
2026-09-07 07:19:17 ok       ours=0/3 foreign=1 mem=0/8151MiB util=0% | 9244:unknown
2026-09-07 07:21:19 ok       ours=0/3 foreign=1 mem=0/8151MiB util=0% | 9244:unknown
2026-09-07 07:23:21 ok       ours=0/3 foreign=1 mem=0/8151MiB util=0% | 9244:unknown
2026-09-07 07:25:23 ok       ours=0/3 foreign=1 mem=0/8151MiB util=0% | 9244:unknown
2026-09-07 07:27:24 ok       ours=0/3 foreign=1 mem=0/8151MiB util=0% | 9244:unknown
2026-09-07 07:29:26 ok       ours=0/3 foreign=1 mem=0/8151MiB util=0% | 9244:unknown
2026-09-07 07:31:28 ok       ours=0/3 foreign=1 mem=0/8151MiB util=0% | 9244:unknown
2026-09-07 07:33:30 ok       ours=0/3 foreign=1 mem=0/8151MiB util=0% | 9244:unknown
2026-09-07 07:35:31 ok       ours=0/3 foreign=1 mem=0/8151MiB util=0% | 9244:unknown
2026-09-07 07:37:33 ok       ours=0/3 foreign=1 mem=0/8151MiB util=0% | 9244:unknown
2026-09-07 07:39:35 ok       ours=0/3 foreign=1 mem=0/8151MiB util=0% | 9244:unknown
2026-09-07 07:41:37 ok       ours=0/3 foreign=1 mem=0/8151MiB util=0% | 9244:unknown
2026-09-07 07:43:38 ok       ours=0/3 foreign=1 mem=0/8151MiB util=0% | 9244:unknown
2026-09-07 07:45:41 ok       ours=0/3 foreign=1 mem=0/8151MiB util=0% | 9244:unknown
2026-09-07 07:47:42 ok       ours=0/3 foreign=1 mem=0/8151MiB util=0% | 9244:unknown
2026-09-07 07:49:44 ok       ours=0/3 foreign=1 mem=0/8151MiB util=0% | 9244:unknown
2026-09-07 07:51:46 ok       ours=0/3 foreign=1 mem=0/8151MiB util=0% | 9244:unknown
2026-09-07 07:53:49 ok       ours=0/3 foreign=1 mem=0/8151MiB util=0% | 9244:unknown
2026-09-07 07:55:51 ok       ours=0/3 foreign=1 mem=0/8151MiB util=0% | 9244:unknown
2026-09-07 07:56:53 ok       ours=0/3 foreign=1 mem=0/8151MiB util=0% | 9244:unknown
2026-09-07 07:57:53 ok       ours=1/3 foreign=1 mem=318/8151MiB util=79% | 39668:08_hmc_seed_benchmark.py; 9244:unknown
2026-09-07 07:59:55 ok       ours=1/3 foreign=1 mem=348/8151MiB util=53% | 39668:08_hmc_seed_benchmark.py; 9244:unknown
2026-09-07 08:01:58 ok       ours=1/3 foreign=1 mem=348/8151MiB util=66% | 26484:08_hmc_seed_benchmark.py; 9244:unknown
2026-09-07 08:04:00 ok       ours=1/3 foreign=1 mem=318/8151MiB util=76% | 43412:08_hmc_seed_benchmark.py; 9244:unknown
2026-09-07 08:06:03 ok       ours=1/3 foreign=1 mem=348/8151MiB util=35% | 43412:08_hmc_seed_benchmark.py; 9244:unknown
2026-09-07 08:08:05 ok       ours=0/3 foreign=1 mem=0/8151MiB util=0% | 9244:unknown
2026-09-07 08:10:06 ok       ours=0/3 foreign=1 mem=0/8151MiB util=0% | 9244:unknown
2026-09-07 08:12:08 ok       ours=1/3 foreign=1 mem=1036/8151MiB util=37% | 22552:02_train.py; 9244:unknown
2026-09-07 08:14:11 ok       ours=1/3 foreign=1 mem=1036/8151MiB util=15% | 22552:02_train.py; 9244:unknown
2026-09-07 08:16:13 ok       ours=1/3 foreign=1 mem=1036/8151MiB util=33% | 22552:02_train.py; 9244:unknown
2026-09-07 08:18:15 ok       ours=1/3 foreign=1 mem=1036/8151MiB util=12% | 22552:02_train.py; 9244:unknown
2026-09-07 08:20:18 ok       ours=1/3 foreign=1 mem=1036/8151MiB util=14% | 22552:02_train.py; 9244:unknown
2026-09-07 08:22:21 ok       ours=1/3 foreign=1 mem=1036/8151MiB util=24% | 22552:02_train.py; 9244:unknown
2026-09-07 08:24:23 ok       ours=1/3 foreign=1 mem=1036/8151MiB util=12% | 22552:02_train.py; 9244:unknown
2026-09-07 08:26:26 ok       ours=1/3 foreign=1 mem=1036/8151MiB util=11% | 22552:02_train.py; 9244:unknown
2026-09-07 08:28:29 ok       ours=1/3 foreign=1 mem=1036/8151MiB util=12% | 22552:02_train.py; 9244:unknown
2026-09-07 08:30:31 ok       ours=1/3 foreign=1 mem=1036/8151MiB util=14% | 22552:02_train.py; 9244:unknown
2026-09-07 08:32:33 ok       ours=1/3 foreign=1 mem=1036/8151MiB util=16% | 22552:02_train.py; 9244:unknown
2026-09-07 08:34:36 ok       ours=1/3 foreign=1 mem=1036/8151MiB util=13% | 22552:02_train.py; 9244:unknown
2026-09-07 08:36:38 ok       ours=1/3 foreign=1 mem=1036/8151MiB util=20% | 22552:02_train.py; 9244:unknown
