cuda | NVIDIA GeForce RTX 5060 Laptop GPU | sm_120 | 8.0 GiB | torch 2.11.0+cu128/cu12.8 | tf32 off

chain:
  L=  8  beta=    6.4002  model beta=    1.52
  L= 16  beta=   17.4685  model beta=    4.41
  L= 32  beta=   63.2180  model beta=   15.81
  L= 64  beta=  246.7335  model beta=   61.68
  L=128  beta=  980.9004  model beta=  245.23

==========================================================================
1 LIFT(S): start L=64 beta=246.7335  ->  L=128 beta=980.90
  start: generated by HMC [255s]
  start scores: z(plaq)=  -0.07  <Q^2>=2.5312 (approx exact 1.682)
    rung 1: L=128 beta=  980.900  z =   +18.32 /   +1.53 /   -3.96   <Q^2>=2.5312
  FINAL raw  z =   +18.32 /   +1.53 /   -3.96
  FINAL +10 z =    -1.88 /   -3.61 /   -4.15
  charge preserved through 1 lift(s): 100.0% of configurations

==========================================================================
2 LIFT(S): start L=32 beta=63.2180  ->  L=128 beta=980.90
  start: generated by HMC [174s]
  start scores: z(plaq)=  -0.41  <Q^2>=2.0000 (approx exact 1.640)
    rung 1: L= 64 beta=  246.733  z =   -18.12 /   -7.14 /   -2.95   <Q^2>=2.0000
    rung 2: L=128 beta=  980.900  z =   +24.66 /   +1.44 /   -3.98   <Q^2>=2.0000
  FINAL raw  z =   +24.66 /   +1.44 /   -3.98
  FINAL +10 z =    -2.16 /   -0.61 /   -1.62
  charge preserved through 2 lift(s): 100.0% of configurations

==========================================================================
3 LIFT(S): start L=16 beta=17.4685  ->  L=128 beta=980.90
  start: generated by HMC [132s]
  start scores: z(plaq)=  -0.28  <Q^2>=1.5938 (approx exact 1.470)
    rung 1: L= 32 beta=   63.218  z =    -4.90 /   -0.39 /   +0.27   <Q^2>=1.5938
    rung 2: L= 64 beta=  246.733  z =   -16.83 /   -7.88 /   -1.99   <Q^2>=1.5938
    rung 3: L=128 beta=  980.900  z =   +19.24 /   +2.64 /   -0.73   <Q^2>=1.5938
  FINAL raw  z =   +19.24 /   +2.64 /   -0.73
  FINAL +10 z =    -2.08 /   -1.22 /   -3.16
  charge preserved through 3 lift(s): 100.0% of configurations

==========================================================================
4 LIFT(S): start L=8 beta=6.4002  ->  L=128 beta=980.90
  start: u2_L8_beta6.4002.pt (exact coupling on disk)
  start scores: z(plaq)=  -0.73  <Q^2>=2.4062 (approx exact 1.065)
    rung 1: L= 16 beta=   17.469  z =    +0.04 /   +0.41 /   -0.73   <Q^2>=2.4062
    rung 2: L= 32 beta=   63.218  z =    -6.60 /   -2.33 /   -0.84   <Q^2>=2.4062
    rung 3: L= 64 beta=  246.733  z =   -13.01 /   -6.68 /   -1.90   <Q^2>=2.4062
    rung 4: L=128 beta=  980.900  z =   +22.84 /   +2.12 /   -3.07   <Q^2>=2.4062
  FINAL raw  z =   +22.84 /   +2.12 /   -3.07
  FINAL +10 z =    -0.94 /   -0.37 /   -3.04
  charge preserved through 4 lift(s): 100.0% of configurations

==========================================================================
COMPOUNDING at L=128, beta=980.90 (model beta 245.2), intermediate retherm = 10
  lifts  |z| raw W1x1  |z| raw W2x2  |z| post W1x1  ppm raw W1x1   Q kept
      1         18.32          1.53           1.88          41.5   100.0%
      2         24.66          1.44           2.16          41.3   100.0%
      3         19.24          2.64           2.08          45.7   100.0%
      4         22.84          2.12           0.94          40.1   100.0%

  NO COMPOUNDING within resolution: 4 lifts sits at 1.25x the 1-lift error.
  Each lift's error is not inherited -- consistent with the tail
  resetting local structure at every rung while topology, which is
  transported exactly, cannot degrade at all.

wrote out\u2_2d\multi_lift_L128_final\multi_lift.json
