cuda | NVIDIA GeForce RTX 5060 Laptop GPU | sm_120 | 8.0 GiB | torch 2.11.0+cu128/cu12.8 | tf32 off
benchmark at L=32 beta=105.651, 64 chains, 400 trajectories per arm
    A_diffusion_seed: 400 trajectories in 487s
    B_cold_start: 400 trajectories in 499s
    C_hot_start: 400 trajectories in 497s
    D_cold_plus_winding: 400 trajectories in 513s
    E_diffusion_plus_winding: 400 trajectories in 519s
    F_hot_plus_winding: 400 trajectories in 517s
    G_cold_plus_odd_winding: 400 trajectories in 2806s
    H_diffusion_plus_odd_winding: 400 trajectories in 3281s

L=32 beta=105.651   exact plaquette 0.981023   2 tau_int = 3.9 trajectories
arm                        plaq t=0   plaq final    <Q^2>    exact  sectors  P(Q) covered   odd
A_diffusion_seed          -3.46e-05    -9.16e-06    1.141    1.001        6         0.995     3
B_cold_start              +1.93e-02    +7.55e-05    0.000    1.001        1         0.399     0
C_hot_start               -1.00e+00    -5.33e-02   21.986    1.001       33         1.000    17
D_cold_plus_winding       +1.93e-02    +1.07e-04    0.837    1.001        4         0.507     0
E_diffusion_plus_winding    -3.46e-05    +8.90e-05    1.057    1.001        7         1.000     4
F_hot_plus_winding        -9.99e-01    -5.35e-02    2.246    1.001       33         1.000    17
G_cold_plus_odd_winding    +1.93e-02    +6.73e-05    1.010    1.001        8         1.000     4
H_diffusion_plus_odd_winding    -3.46e-05    -1.23e-05    1.016    1.001        9         1.000     4

wrote out\u2_2d\seed_benchmark_wide_rung0\seed_benchmark.json
