cuda | NVIDIA GeForce RTX 5060 Laptop GPU | sm_120 | 8.0 GiB | torch 2.11.0+cu128/cu12.8 | tf32 off

chain:
  L=  8  beta=   12.5129  model beta=    3.19
  L= 16  beta=   42.8800  model beta=   10.73
  L= 32  beta=  165.3078  model beta=   41.33
  L= 64  beta=  655.1807  model beta=  163.80

==========================================================================
1 LIFT(S): start L=32 beta=165.3078  ->  L=64 beta=655.18
  start: generated by HMC [307s]
  start scores: z(plaq)=  +0.84  <Q^2>=0.9375 (approx exact 0.628)
    rung 1: L= 64 beta=  655.181  z =   +15.66 /   +4.71 /   +1.09   <Q^2>=0.9375
  FINAL raw  z =   +15.66 /   +4.71 /   +1.09
  FINAL +10 z =    +1.50 /   +0.54 /   +0.15
  charge preserved through 1 lift(s): 100.0% of configurations

==========================================================================
2 LIFT(S): start L=16 beta=42.8800  ->  L=64 beta=655.18
  start: generated by HMC [196s]
  start scores: z(plaq)=  -0.26  <Q^2>=0.6562 (approx exact 0.604)
    rung 1: L= 32 beta=  165.308  z =    +1.72 /   +1.97 /   +0.31   <Q^2>=0.6562
    rung 2: L= 64 beta=  655.181  z =   +14.97 /   +3.36 /   +0.42   <Q^2>=0.6562
  FINAL raw  z =   +14.97 /   +3.36 /   +0.42
  FINAL +10 z =    +0.72 /   -0.01 /   -1.18
  charge preserved through 2 lift(s): 100.0% of configurations

==========================================================================
3 LIFT(S): start L=8 beta=12.5129  ->  L=64 beta=655.18
  start: u2_L8_beta12.5129.pt (exact coupling on disk)
  start scores: z(plaq)=  +1.80  <Q^2>=0.7656 (approx exact 0.508)
    rung 1: L= 16 beta=   42.880  z =    -2.55 /   -1.44 /   -1.13   <Q^2>=0.7656
    rung 2: L= 32 beta=  165.308  z =    -1.55 /   +0.14 /   +0.94   <Q^2>=0.7656
    rung 3: L= 64 beta=  655.181  z =   +18.51 /   +5.63 /   +1.59   <Q^2>=0.7656
  FINAL raw  z =   +18.51 /   +5.63 /   +1.59
  FINAL +10 z =    +1.36 /   +0.98 /   -0.07
  charge preserved through 3 lift(s): 100.0% of configurations

==========================================================================
COMPOUNDING at L=64, beta=655.18 (model beta 163.8), intermediate retherm = 10
  lifts  |z| raw W1x1  |z| raw W2x2  |z| post W1x1  ppm raw W1x1   Q kept
      1         15.66          4.71           1.50          65.5   100.0%
      2         14.97          3.36           0.72          64.9   100.0%
      3         18.51          5.63           1.36          70.0   100.0%

  NO COMPOUNDING within resolution: 3 lifts sits at 1.18x the 1-lift error.
  Each lift's error is not inherited -- consistent with the tail
  resetting local structure at every rung while topology, which is
  transported exactly, cannot degrade at all.

wrote out\u2_2d\multi_lift_ceiling_wide_dense\multi_lift.json
