correction params: 354; train rungs: 82; val rungs: ['L8_beta1.4347', 'L8_beta2.4786', 'L16_beta1.7484', 'L16_beta2.1757', 'L16_beta3.1518', 'L16_beta3.6231', 'L16_beta5.586', 'L16_beta8.7139', 'L16_beta11.8501', 'L16_beta17.502', 'L16_beta25', 'L16_beta33.325', 'L16_beta47.4228', 'L32_beta2.1926', 'L32_beta12.3504', 'L32_beta52.6284']
initial val log q/dof: -1.0445
C:\Users\ompan\OneDrive\Desktop\Lattice QCD Research\dev\InverseRG\diffusion_v2\scripts\25_score_correction.py:138: UserWarning: Converting a tensor with requires_grad=True to a scalar may lead to unexpected behavior.
Consider using tensor.detach() first. (Triggered internally at C:\actions-runner\_work\pytorch\pytorch\torch\csrc\autograd\generated\python_variable_methods.cpp:839.)
  rec = {"step": step, "rung": r["name"], "loss_ml_per_dof": float(loss),
{'step': 1, 'rung': 'L16_beta1.0743', 'loss_ml_per_dof': 1.3399920463562012, 'seconds': 4.6}
{'step': 2, 'rung': 'L16_beta3.1518', 'loss_ml_per_dof': 0.883613109588623, 'seconds': 4.1}
{'step': 3, 'rung': 'L8_beta1.4347', 'loss_ml_per_dof': 1.3472708463668823, 'seconds': 3.1}
{'step': 4, 'rung': 'L16_beta9.571', 'loss_ml_per_dof': 0.6558765769004822, 'seconds': 4.0}
{'step': 5, 'rung': 'L16_beta27.3387', 'loss_ml_per_dof': 0.6489413976669312, 'seconds': 3.9}
{'step': 6, 'rung': 'L16_beta6.4184', 'loss_ml_per_dof': 0.6079360842704773, 'seconds': 4.0}
{'step': 7, 'rung': 'L16_beta21.8857', 'loss_ml_per_dof': 0.63395756483078, 'seconds': 4.1}
{'step': 8, 'rung': 'L16_beta1.8781', 'loss_ml_per_dof': 1.3321874141693115, 'seconds': 4.1}
{'step': 9, 'rung': 'L32_beta2.4697', 'loss_ml_per_dof': 1.2692111730575562, 'seconds': 9.4}
{'step': 10, 'rung': 'L32_beta2.8622', 'loss_ml_per_dof': 0.982609748840332, 'seconds': 9.3}
{'step': 11, 'rung': 'L16_beta1.0397', 'loss_ml_per_dof': 1.2982856035232544, 'seconds': 4.1}
{'step': 12, 'rung': 'L32_beta52.6284', 'loss_ml_per_dof': 0.6351761817932129, 'seconds': 8.1}
{'step': 13, 'rung': 'L16_beta2.2983', 'loss_ml_per_dof': 1.244809865951538, 'seconds': 4.1}
{'step': 14, 'rung': 'L16_beta3.1518', 'loss_ml_per_dof': 1.0295391082763672, 'seconds': 4.0}
{'step': 15, 'rung': 'L16_beta55.0237', 'loss_ml_per_dof': 0.696295976638794, 'seconds': 4.1}
{'step': 16, 'rung': 'L16_beta2.2983', 'loss_ml_per_dof': 1.1661454439163208, 'seconds': 4.0}
{'step': 17, 'rung': 'L16_beta12.9259', 'loss_ml_per_dof': 0.6433467268943787, 'seconds': 4.0}
{'step': 18, 'rung': 'L16_beta33.325', 'loss_ml_per_dof': 0.5724840760231018, 'seconds': 4.0}
{'step': 19, 'rung': 'L16_beta2.3454', 'loss_ml_per_dof': 1.255325198173523, 'seconds': 4.0}
{'step': 20, 'rung': 'L32_beta2.8622', 'loss_ml_per_dof': 0.9458308219909668, 'seconds': 8.0}
{'step': 21, 'rung': 'L16_beta8.3946', 'loss_ml_per_dof': 0.5835361480712891, 'seconds': 4.1}
{'step': 22, 'rung': 'L16_beta19.403', 'loss_ml_per_dof': 0.6073272824287415, 'seconds': 4.0}
{'step': 23, 'rung': 'L16_beta5.586', 'loss_ml_per_dof': 0.6220847964286804, 'seconds': 4.2}
{'step': 24, 'rung': 'L16_beta56.1944', 'loss_ml_per_dof': 0.591198742389679, 'seconds': 4.1}
{'step': 25, 'rung': 'L16_beta30.5978', 'loss_ml_per_dof': 0.5771436095237732, 'seconds': 4.1, 'val_logq_per_dof': -0.8498271778225899, 'coeffs_beta4': [[-0.0357, -0.0613], [-0.0649, -0.1307], [-0.1145, -0.2489]], 'coeffs_beta55': [[-0.0444, -0.0764], [-0.0743, -0.1489], [-0.127, -0.2758]], 'saved': 'out/diffusion_v2/v2/checkpoints/score_correction.pt'}
{'step': 26, 'rung': 'L16_beta55.0237', 'loss_ml_per_dof': 0.570035457611084, 'seconds': 4.1}
{'step': 27, 'rung': 'L32_beta4.994', 'loss_ml_per_dof': 0.5159993767738342, 'seconds': 8.0}
{'step': 28, 'rung': 'L32_beta2.8622', 'loss_ml_per_dof': 0.9610580801963806, 'seconds': 8.2}
{'step': 29, 'rung': 'L16_beta6.8771', 'loss_ml_per_dof': 0.5520138740539551, 'seconds': 4.0}
{'step': 30, 'rung': 'L16_beta3.4006', 'loss_ml_per_dof': 0.9065942764282227, 'seconds': 4.0}
{'step': 31, 'rung': 'L16_beta4.0764', 'loss_ml_per_dof': 0.5698884725570679, 'seconds': 4.1}
{'step': 32, 'rung': 'L16_beta47.4228', 'loss_ml_per_dof': 0.47047409415245056, 'seconds': 4.0}
{'step': 33, 'rung': 'L16_beta47.0386', 'loss_ml_per_dof': 0.4446204602718353, 'seconds': 4.0}
{'step': 34, 'rung': 'L16_beta3.6231', 'loss_ml_per_dof': 0.6336271166801453, 'seconds': 3.9}
{'step': 35, 'rung': 'L16_beta3.7225', 'loss_ml_per_dof': 0.7196645736694336, 'seconds': 4.0}
{'step': 36, 'rung': 'L32_beta18.6487', 'loss_ml_per_dof': 0.42322078347206116, 'seconds': 8.0}
{'step': 37, 'rung': 'L16_beta8.4548', 'loss_ml_per_dof': 0.4745576083660126, 'seconds': 4.2}
{'step': 38, 'rung': 'L32_beta18.0708', 'loss_ml_per_dof': 0.44556376338005066, 'seconds': 8.1}
{'step': 39, 'rung': 'L16_beta12.9259', 'loss_ml_per_dof': 0.4324863851070404, 'seconds': 4.0}
{'step': 40, 'rung': 'L16_beta2.1862', 'loss_ml_per_dof': 0.9868001937866211, 'seconds': 4.0}
{'step': 41, 'rung': 'L32_beta11.2015', 'loss_ml_per_dof': 0.43445444107055664, 'seconds': 8.1}
{'step': 42, 'rung': 'L16_beta9.571', 'loss_ml_per_dof': 0.44613298773765564, 'seconds': 4.0}
{'step': 43, 'rung': 'L16_beta1.8781', 'loss_ml_per_dof': 1.082969069480896, 'seconds': 4.0}
{'step': 44, 'rung': 'L16_beta1.8781', 'loss_ml_per_dof': 1.073158860206604, 'seconds': 4.0}
{'step': 45, 'rung': 'L16_beta1.7484', 'loss_ml_per_dof': 1.0961408615112305, 'seconds': 3.9}
{'step': 46, 'rung': 'L16_beta17.502', 'loss_ml_per_dof': 0.3975764811038971, 'seconds': 4.0}
{'step': 47, 'rung': 'L32_beta14.1441', 'loss_ml_per_dof': 0.39285239577293396, 'seconds': 8.2}
{'step': 48, 'rung': 'L16_beta30.5978', 'loss_ml_per_dof': 0.24658499658107758, 'seconds': 4.0}
{'step': 49, 'rung': 'L16_beta34.3422', 'loss_ml_per_dof': 0.2538549304008484, 'seconds': 4.0}
{'step': 50, 'rung': 'L16_beta2.1862', 'loss_ml_per_dof': 0.9284854531288147, 'seconds': 4.2, 'val_logq_per_dof': -0.606866592541337, 'coeffs_beta4': [[0.0047, 0.0314], [-0.1032, -0.2284], [-0.3589, -0.8379]], 'coeffs_beta55': [[-0.019, -0.0206], [-0.1443, -0.3212], [-0.4347, -1.0121]], 'saved': 'out/diffusion_v2/v2/checkpoints/score_correction.pt'}
{'step': 51, 'rung': 'L16_beta1.2464', 'loss_ml_per_dof': 1.0983344316482544, 'seconds': 4.0}
{'step': 52, 'rung': 'L16_beta25', 'loss_ml_per_dof': 0.28089916706085205, 'seconds': 4.2}
{'step': 53, 'rung': 'L16_beta54.11', 'loss_ml_per_dof': 0.14763899147510529, 'seconds': 4.1}
{'step': 54, 'rung': 'L16_beta1.7484', 'loss_ml_per_dof': 0.9822346568107605, 'seconds': 4.1}
{'step': 55, 'rung': 'L32_beta4.994', 'loss_ml_per_dof': 0.5284475684165955, 'seconds': 8.3}
{'step': 56, 'rung': 'L16_beta54.11', 'loss_ml_per_dof': 0.14306358993053436, 'seconds': 4.1}
{'step': 57, 'rung': 'L16_beta6.2411', 'loss_ml_per_dof': 0.5031482577323914, 'seconds': 4.0}
{'step': 58, 'rung': 'L16_beta8.4548', 'loss_ml_per_dof': 0.44376835227012634, 'seconds': 4.1}
{'step': 59, 'rung': 'L16_beta2.3046', 'loss_ml_per_dof': 0.9099661707878113, 'seconds': 4.1}
{'step': 60, 'rung': 'L16_beta9.571', 'loss_ml_per_dof': 0.419203519821167, 'seconds': 4.2}
{'step': 61, 'rung': 'L8_beta1.4977', 'loss_ml_per_dof': 1.0927263498306274, 'seconds': 3.1}
{'step': 62, 'rung': 'L16_beta57.2189', 'loss_ml_per_dof': 0.08919169753789902, 'seconds': 4.2}
{'step': 63, 'rung': 'L16_beta55.0237', 'loss_ml_per_dof': 0.13730762898921967, 'seconds': 4.3}
{'step': 64, 'rung': 'L16_beta9.8499', 'loss_ml_per_dof': 0.35028061270713806, 'seconds': 4.2}
{'step': 65, 'rung': 'L16_beta8.3946', 'loss_ml_per_dof': 0.4236542880535126, 'seconds': 4.2}
{'step': 66, 'rung': 'L16_beta54.11', 'loss_ml_per_dof': 0.12343829870223999, 'seconds': 4.2}
{'step': 67, 'rung': 'L16_beta47.0386', 'loss_ml_per_dof': 0.1304318904876709, 'seconds': 4.1}
{'step': 68, 'rung': 'L16_beta27.0442', 'loss_ml_per_dof': 0.2501051723957062, 'seconds': 4.1}
{'step': 69, 'rung': 'L16_beta57.2189', 'loss_ml_per_dof': 0.08446922153234482, 'seconds': 4.2}
{'step': 70, 'rung': 'L32_beta8.069', 'loss_ml_per_dof': 0.4266941547393799, 'seconds': 8.6}
{'step': 71, 'rung': 'L16_beta1.8781', 'loss_ml_per_dof': 1.039953351020813, 'seconds': 4.1}
{'step': 72, 'rung': 'L16_beta3.7225', 'loss_ml_per_dof': 0.588469922542572, 'seconds': 4.2}
{'step': 73, 'rung': 'L16_beta2.1285', 'loss_ml_per_dof': 1.0312565565109253, 'seconds': 4.2}
{'step': 74, 'rung': 'L16_beta3.1669', 'loss_ml_per_dof': 0.617239236831665, 'seconds': 4.1}
{'step': 75, 'rung': 'L32_beta12.3504', 'loss_ml_per_dof': 0.3823542296886444, 'seconds': 8.7, 'val_logq_per_dof': -0.6070452611893415, 'coeffs_beta4': [[-0.0275, 0.3274], [-0.0676, 0.0481], [-0.2766, -1.1438]], 'coeffs_beta55': [[-0.0244, 0.329], [-0.0715, 0.0337], [-0.3101, -1.3252]]}
{'step': 76, 'rung': 'L16_beta40', 'loss_ml_per_dof': 0.20612603425979614, 'seconds': 4.0}
{'step': 77, 'rung': 'L32_beta2.8622', 'loss_ml_per_dof': 0.7448473572731018, 'seconds': 8.3}
{'step': 78, 'rung': 'L8_beta1.4977', 'loss_ml_per_dof': 1.092002272605896, 'seconds': 3.0}
{'step': 79, 'rung': 'L16_beta8.3946', 'loss_ml_per_dof': 0.38690701127052307, 'seconds': 4.2}
{'step': 80, 'rung': 'L16_beta8.7139', 'loss_ml_per_dof': 0.3972567617893219, 'seconds': 4.2}
{'step': 81, 'rung': 'L16_beta2.1285', 'loss_ml_per_dof': 0.9788292050361633, 'seconds': 4.1}
{'step': 82, 'rung': 'L16_beta3.1518', 'loss_ml_per_dof': 0.7838442325592041, 'seconds': 4.3}
{'step': 83, 'rung': 'L16_beta4.7632', 'loss_ml_per_dof': 0.5707688927650452, 'seconds': 4.3}
{'step': 84, 'rung': 'L16_beta19.403', 'loss_ml_per_dof': 0.2974739074707031, 'seconds': 4.2}
{'step': 85, 'rung': 'L16_beta4.7323', 'loss_ml_per_dof': 0.46996960043907166, 'seconds': 4.6}
{'step': 86, 'rung': 'L16_beta21.8857', 'loss_ml_per_dof': 0.267461895942688, 'seconds': 4.9}
{'step': 87, 'rung': 'L8_beta1.7872', 'loss_ml_per_dof': 0.9735482335090637, 'seconds': 3.2}
{'step': 88, 'rung': 'L32_beta2.4697', 'loss_ml_per_dof': 0.9186531901359558, 'seconds': 8.5}
{'step': 89, 'rung': 'L16_beta4.7632', 'loss_ml_per_dof': 0.49398231506347656, 'seconds': 4.2}
{'step': 90, 'rung': 'L16_beta55.0237', 'loss_ml_per_dof': 0.0938396230340004, 'seconds': 3.9}
{'step': 91, 'rung': 'L32_beta12.688', 'loss_ml_per_dof': 0.349594384431839, 'seconds': 8.7}
{'step': 92, 'rung': 'L16_beta21.8857', 'loss_ml_per_dof': 0.25643470883369446, 'seconds': 4.2}
{'step': 93, 'rung': 'L16_beta21.8857', 'loss_ml_per_dof': 0.25951695442199707, 'seconds': 4.0}
{'step': 94, 'rung': 'L16_beta40', 'loss_ml_per_dof': 0.1502676010131836, 'seconds': 4.2}
{'step': 95, 'rung': 'L8_beta2.4006', 'loss_ml_per_dof': 0.893477201461792, 'seconds': 3.2}
{'step': 96, 'rung': 'L16_beta6.4184', 'loss_ml_per_dof': 0.46471667289733887, 'seconds': 4.6}
{'step': 97, 'rung': 'L16_beta11.8501', 'loss_ml_per_dof': 0.34606292843818665, 'seconds': 4.5}
{'step': 98, 'rung': 'L32_beta18.0708', 'loss_ml_per_dof': 0.30440327525138855, 'seconds': 8.7}
{'step': 99, 'rung': 'L16_beta47.4228', 'loss_ml_per_dof': 0.13340699672698975, 'seconds': 4.0}
{'step': 100, 'rung': 'L16_beta1.2749', 'loss_ml_per_dof': 1.0876646041870117, 'seconds': 4.0, 'val_logq_per_dof': -0.6470444966107607, 'coeffs_beta4': [[-0.0583, 0.8226], [-0.0385, 0.3834], [-0.251, -1.3985]], 'coeffs_beta55': [[-0.0517, 0.8322], [-0.0306, 0.428], [-0.2693, -1.5473]]}
{'step': 101, 'rung': 'L32_beta2.8622', 'loss_ml_per_dof': 0.7836777567863464, 'seconds': 9.1}
{'step': 102, 'rung': 'L16_beta6.4184', 'loss_ml_per_dof': 0.4277760088443756, 'seconds': 4.5}
{'step': 103, 'rung': 'L16_beta2.122', 'loss_ml_per_dof': 1.0122877359390259, 'seconds': 4.1}
{'step': 104, 'rung': 'L32_beta18.6487', 'loss_ml_per_dof': 0.2787010371685028, 'seconds': 9.1}
{'step': 105, 'rung': 'L16_beta3.1669', 'loss_ml_per_dof': 0.7394689917564392, 'seconds': 4.3}
{'step': 106, 'rung': 'L16_beta8.3946', 'loss_ml_per_dof': 0.3845261335372925, 'seconds': 4.0}
{'step': 107, 'rung': 'L16_beta30.5978', 'loss_ml_per_dof': 0.1836356371641159, 'seconds': 4.6}
{'step': 108, 'rung': 'L16_beta9.8499', 'loss_ml_per_dof': 0.39853695034980774, 'seconds': 4.5}
{'step': 109, 'rung': 'L16_beta8.7139', 'loss_ml_per_dof': 0.4429340660572052, 'seconds': 4.5}
{'step': 110, 'rung': 'L16_beta1.0743', 'loss_ml_per_dof': 1.1285263299942017, 'seconds': 4.5}
{'step': 111, 'rung': 'L16_beta15.5366', 'loss_ml_per_dof': 0.34329304099082947, 'seconds': 4.1}
{'step': 112, 'rung': 'L16_beta2.1285', 'loss_ml_per_dof': 1.0133284330368042, 'seconds': 4.1}
{'step': 113, 'rung': 'L16_beta9.287', 'loss_ml_per_dof': 0.4397624433040619, 'seconds': 4.2}
{'step': 114, 'rung': 'L16_beta33.325', 'loss_ml_per_dof': 0.18434514105319977, 'seconds': 4.5}
{'step': 115, 'rung': 'L32_beta52.6284', 'loss_ml_per_dof': 0.12957923114299774, 'seconds': 9.5}
{'step': 116, 'rung': 'L16_beta5.586', 'loss_ml_per_dof': 0.49546775221824646, 'seconds': 4.6}
{'step': 117, 'rung': 'L16_beta54.11', 'loss_ml_per_dof': 0.12226653099060059, 'seconds': 4.4}
{'step': 118, 'rung': 'L16_beta8.7139', 'loss_ml_per_dof': 0.4216115474700928, 'seconds': 4.5}
{'step': 119, 'rung': 'L16_beta34.3422', 'loss_ml_per_dof': 0.24622710049152374, 'seconds': 4.6}
{'step': 120, 'rung': 'L16_beta1.0743', 'loss_ml_per_dof': 1.1564470529556274, 'seconds': 4.5}
{'step': 121, 'rung': 'L32_beta52.6284', 'loss_ml_per_dof': 0.11054714769124985, 'seconds': 9.0}
{'step': 122, 'rung': 'L32_beta52.6284', 'loss_ml_per_dof': 0.0931977853178978, 'seconds': 7.9}
{'step': 123, 'rung': 'L16_beta14.4687', 'loss_ml_per_dof': 0.3706073462963104, 'seconds': 4.6}
{'step': 124, 'rung': 'L16_beta1.2464', 'loss_ml_per_dof': 1.1742634773254395, 'seconds': 4.5}
{'step': 125, 'rung': 'L16_beta9.8499', 'loss_ml_per_dof': 0.4414452612400055, 'seconds': 4.5, 'val_logq_per_dof': -0.7428050767630339, 'coeffs_beta4': [[-0.5645, 2.2758], [-0.137, 0.8174], [-0.1632, -1.6063]], 'coeffs_beta55': [[-0.5579, 2.3296], [-0.1295, 0.9025], [-0.1763, -1.7986]]}
{'step': 126, 'rung': 'L16_beta1.0743', 'loss_ml_per_dof': 1.1726508140563965, 'seconds': 4.5}
{'step': 127, 'rung': 'L32_beta18.6487', 'loss_ml_per_dof': 0.3368440568447113, 'seconds': 9.2}
{'step': 128, 'rung': 'L8_beta2.4006', 'loss_ml_per_dof': 0.9367120265960693, 'seconds': 3.3}
{'step': 129, 'rung': 'L32_beta2.8622', 'loss_ml_per_dof': 0.9079484939575195, 'seconds': 9.6}
{'step': 130, 'rung': 'L16_beta8.7139', 'loss_ml_per_dof': 0.4893479347229004, 'seconds': 4.6}
{'step': 131, 'rung': 'L16_beta27.7875', 'loss_ml_per_dof': 0.2615824043750763, 'seconds': 4.4}
{'step': 132, 'rung': 'L16_beta2.3046', 'loss_ml_per_dof': 1.057637333869934, 'seconds': 4.5}
{'step': 133, 'rung': 'L16_beta12.9259', 'loss_ml_per_dof': 0.41761550307273865, 'seconds': 4.5}
{'step': 134, 'rung': 'L16_beta17.502', 'loss_ml_per_dof': 0.3793960511684418, 'seconds': 4.6}
{'step': 135, 'rung': 'L16_beta1.8367', 'loss_ml_per_dof': 1.1449302434921265, 'seconds': 4.5}
{'step': 136, 'rung': 'L16_beta11.8784', 'loss_ml_per_dof': 0.41346749663352966, 'seconds': 4.5}
{'step': 137, 'rung': 'L8_beta1.9783', 'loss_ml_per_dof': 0.9370989799499512, 'seconds': 3.1}
{'step': 138, 'rung': 'L16_beta2.3046', 'loss_ml_per_dof': 1.0663414001464844, 'seconds': 4.1}
{'step': 139, 'rung': 'L16_beta9.8499', 'loss_ml_per_dof': 0.48265528678894043, 'seconds': 4.8}
{'step': 140, 'rung': 'L16_beta25', 'loss_ml_per_dof': 0.29419073462486267, 'seconds': 6.2}
{'step': 141, 'rung': 'L32_beta11.2015', 'loss_ml_per_dof': 0.48989877104759216, 'seconds': 11.6}
{'step': 142, 'rung': 'L16_beta27.3387', 'loss_ml_per_dof': 0.3033309876918793, 'seconds': 4.7}
{'step': 143, 'rung': 'L32_beta11.2015', 'loss_ml_per_dof': 0.5040929913520813, 'seconds': 9.7}
{'step': 144, 'rung': 'L16_beta9.287', 'loss_ml_per_dof': 0.524429976940155, 'seconds': 4.4}
{'step': 145, 'rung': 'L16_beta9.8499', 'loss_ml_per_dof': 0.5425686836242676, 'seconds': 4.4}
{'step': 146, 'rung': 'L16_beta2.3454', 'loss_ml_per_dof': 1.0582791566848755, 'seconds': 4.4}
{'step': 147, 'rung': 'L16_beta4.0764', 'loss_ml_per_dof': 0.8641891479492188, 'seconds': 4.5}
{'step': 148, 'rung': 'L16_beta8.3946', 'loss_ml_per_dof': 0.5941309332847595, 'seconds': 4.7}
{'step': 149, 'rung': 'L16_beta17.502', 'loss_ml_per_dof': 0.46270766854286194, 'seconds': 4.5}
{'step': 150, 'rung': 'L8_beta2.4006', 'loss_ml_per_dof': 1.0506857633590698, 'seconds': 3.3, 'val_logq_per_dof': -0.8838910087943077, 'coeffs_beta4': [[-2.0363, 4.9633], [-0.5446, 1.4809], [0.0415, -1.7211]], 'coeffs_beta55': [[-2.0576, 5.0979], [-0.5493, 1.5785], [0.053, -2.0236]]}
{'step': 151, 'rung': 'L32_beta8.069', 'loss_ml_per_dof': 0.6100996136665344, 'seconds': 10.3}
{'step': 152, 'rung': 'L16_beta27.0442', 'loss_ml_per_dof': 0.38519251346588135, 'seconds': 4.5}
{'step': 153, 'rung': 'L16_beta6.8771', 'loss_ml_per_dof': 0.7403629422187805, 'seconds': 4.7}
{'step': 154, 'rung': 'L16_beta10.2188', 'loss_ml_per_dof': 0.5766176581382751, 'seconds': 4.2}
{'step': 155, 'rung': 'L16_beta6.8771', 'loss_ml_per_dof': 0.7666904926300049, 'seconds': 4.4}
{'step': 156, 'rung': 'L16_beta8.7139', 'loss_ml_per_dof': 0.6374689936637878, 'seconds': 4.4}
{'step': 157, 'rung': 'L16_beta47.4228', 'loss_ml_per_dof': 0.40408360958099365, 'seconds': 4.4}
{'step': 158, 'rung': 'L16_beta40', 'loss_ml_per_dof': 0.34620392322540283, 'seconds': 4.5}
{'step': 159, 'rung': 'L16_beta3.1669', 'loss_ml_per_dof': 1.0021320581436157, 'seconds': 4.5}
{'step': 160, 'rung': 'L16_beta47.0386', 'loss_ml_per_dof': 0.39936408400535583, 'seconds': 4.5}
{'step': 161, 'rung': 'L16_beta3.2922', 'loss_ml_per_dof': 1.0114020109176636, 'seconds': 4.5}
{'step': 162, 'rung': 'L16_beta17.7602', 'loss_ml_per_dof': 0.5014399886131287, 'seconds': 4.4}
{'step': 163, 'rung': 'L16_beta20.2412', 'loss_ml_per_dof': 0.3797219693660736, 'seconds': 4.4}
{'step': 164, 'rung': 'L16_beta1.8367', 'loss_ml_per_dof': 1.1829427480697632, 'seconds': 4.4}
{'step': 165, 'rung': 'L16_beta38.5957', 'loss_ml_per_dof': 0.41166678071022034, 'seconds': 4.4}
{'step': 166, 'rung': 'L16_beta9.287', 'loss_ml_per_dof': 0.6480600833892822, 'seconds': 4.4}
{'step': 167, 'rung': 'L16_beta3.3842', 'loss_ml_per_dof': 0.9964232444763184, 'seconds': 4.3}
{'step': 168, 'rung': 'L16_beta39.6475', 'loss_ml_per_dof': 0.48553958535194397, 'seconds': 4.2}
{'step': 169, 'rung': 'L16_beta47.4228', 'loss_ml_per_dof': 0.3746696412563324, 'seconds': 4.6}
{'step': 170, 'rung': 'L32_beta12.3504', 'loss_ml_per_dof': 0.607400119304657, 'seconds': 9.8}
{'step': 171, 'rung': 'L16_beta27.7875', 'loss_ml_per_dof': 0.4457472860813141, 'seconds': 4.5}
{'step': 172, 'rung': 'L32_beta12.3504', 'loss_ml_per_dof': 0.6024174094200134, 'seconds': 8.9}
{'step': 173, 'rung': 'L16_beta8.7139', 'loss_ml_per_dof': 0.6672165989875793, 'seconds': 4.3}
{'step': 174, 'rung': 'L16_beta55.0237', 'loss_ml_per_dof': 0.4278164207935333, 'seconds': 4.2}
{'step': 175, 'rung': 'L16_beta1.8367', 'loss_ml_per_dof': 1.2425788640975952, 'seconds': 4.4, 'val_logq_per_dof': -0.9969217404723167, 'coeffs_beta4': [[-1.6675, 7.758], [-0.3965, 1.7733], [-0.0497, -1.8706]], 'coeffs_beta55': [[-1.6528, 7.8805], [-0.3692, 1.6808], [-0.0578, -2.3794]]}
{'step': 176, 'rung': 'L32_beta14.1441', 'loss_ml_per_dof': 0.5239340662956238, 'seconds': 10.4}
{'step': 177, 'rung': 'L8_beta1.4977', 'loss_ml_per_dof': 1.1916662454605103, 'seconds': 3.9}
{'step': 178, 'rung': 'L16_beta12.9259', 'loss_ml_per_dof': 0.5976531505584717, 'seconds': 4.8}
{'step': 179, 'rung': 'L16_beta2.3454', 'loss_ml_per_dof': 1.2131298780441284, 'seconds': 4.8}
{'step': 180, 'rung': 'L16_beta2.1757', 'loss_ml_per_dof': 1.2565746307373047, 'seconds': 4.7}
{'step': 181, 'rung': 'L32_beta18.6487', 'loss_ml_per_dof': 0.5423694252967834, 'seconds': 9.7}
{'step': 182, 'rung': 'L16_beta39.6475', 'loss_ml_per_dof': 0.5148268938064575, 'seconds': 4.4}
{'step': 183, 'rung': 'L16_beta1.2749', 'loss_ml_per_dof': 1.286991000175476, 'seconds': 4.5}
{'step': 184, 'rung': 'L16_beta21.8857', 'loss_ml_per_dof': 0.5606892704963684, 'seconds': 4.5}
{'step': 185, 'rung': 'L16_beta3.1669', 'loss_ml_per_dof': 1.1962552070617676, 'seconds': 4.6}
{'step': 186, 'rung': 'L16_beta9.287', 'loss_ml_per_dof': 0.750868558883667, 'seconds': 4.5}
{'step': 187, 'rung': 'L16_beta56.1944', 'loss_ml_per_dof': 0.6534764170646667, 'seconds': 4.5}
{'step': 188, 'rung': 'L32_beta11.2015', 'loss_ml_per_dof': 0.6968356966972351, 'seconds': 9.4}
{'step': 189, 'rung': 'L16_beta1.7484', 'loss_ml_per_dof': 1.3224899768829346, 'seconds': 4.5}
{'step': 190, 'rung': 'L16_beta2.3454', 'loss_ml_per_dof': 1.3272465467453003, 'seconds': 4.4}
{'step': 191, 'rung': 'L16_beta8.7139', 'loss_ml_per_dof': 0.826387882232666, 'seconds': 4.6}
{'step': 192, 'rung': 'L32_beta2.1926', 'loss_ml_per_dof': 1.3722867965698242, 'seconds': 9.6}
{'step': 193, 'rung': 'L16_beta39.6475', 'loss_ml_per_dof': 0.6808478236198425, 'seconds': 4.9}
{'step': 194, 'rung': 'L16_beta54.11', 'loss_ml_per_dof': 0.6499658226966858, 'seconds': 4.4}
{'step': 195, 'rung': 'L16_beta6.4184', 'loss_ml_per_dof': 1.0229166746139526, 'seconds': 4.6}
{'step': 196, 'rung': 'L16_beta3.4006', 'loss_ml_per_dof': 1.2947813272476196, 'seconds': 4.1}
{'step': 197, 'rung': 'L16_beta1.0119', 'loss_ml_per_dof': 1.3560476303100586, 'seconds': 4.5}
{'step': 198, 'rung': 'L16_beta1.0119', 'loss_ml_per_dof': 1.4101372957229614, 'seconds': 4.4}
{'step': 199, 'rung': 'L16_beta3.7225', 'loss_ml_per_dof': 1.2174032926559448, 'seconds': 4.6}
{'step': 200, 'rung': 'L32_beta12.688', 'loss_ml_per_dof': 0.7913392186164856, 'seconds': 9.6, 'val_logq_per_dof': -1.3136885315179825, 'coeffs_beta4': [[-3.4985, 13.049], [-0.8099, 2.8224], [0.0858, -2.0634]], 'coeffs_beta55': [[-3.4637, 13.0434], [-0.6984, 2.3441], [0.1125, -2.7457]]}
best val log q/dof: -0.6069 (initial -1.0445)
correction: out/diffusion_v2/v2/checkpoints/score_correction.pt
case L=8 beta=8.0 ...
  {"n": 64, "ess_per_n": 0.01562555879354477, "log_weight_std": 17.36751365661621, "log_weight_range": 84.40972900390625, "ess_per_n_fiber": 0.02619776874780655, "log_weight_std_fiber": 17.713546752929688, "log_weight_range_fiber": 83.83993530273438, "fine_L": 8, "fine_beta": 8.0, "coarse_L": 4, "coarse_beta": 2.500394100600896, "imh_acceptance": 0.07936507936507936, "seconds_hmc_base": 2.0, "seconds_ode_sample": 85.4, "ode_steps": 120, "n_probes": 2}
case L=16 beta=8.0 ...
  {"n": 64, "ess_per_n": 0.015625, "log_weight_std": 49.66484451293945, "log_weight_range": 248.6724853515625, "ess_per_n_fiber": 0.0156250037252903, "log_weight_std_fiber": 48.050540924072266, "log_weight_range_fiber": 218.466064453125, "fine_L": 16, "fine_beta": 8.0, "coarse_L": 8, "coarse_beta": 2.500394100600896, "imh_acceptance": 0.07936507936507936, "seconds_hmc_base": 2.2, "seconds_ode_sample": 157.8, "ode_steps": 120, "n_probes": 2}
case L=16 beta=25.0 ...
  {"n": 64, "ess_per_n": 0.015625, "log_weight_std": 106.5931396484375, "log_weight_range": 590.0810546875, "ess_per_n_fiber": 0.015625, "log_weight_std_fiber": 105.84293365478516, "log_weight_range_fiber": 584.314453125, "fine_L": 16, "fine_beta": 25.0, "coarse_L": 8, "coarse_beta": 6.664497345252339, "imh_acceptance": 0.06349206349206349, "seconds_hmc_base": 8.0, "seconds_ode_sample": 149.9, "ode_steps": 120, "n_probes": 2}
case L=32 beta=14.1464 ...
  {"n": 64, "ess_per_n": 0.015625, "log_weight_std": 160.79434204101562, "log_weight_range": 687.69921875, "ess_per_n_fiber": 0.015625014901161194, "log_weight_std_fiber": 155.51776123046875, "log_weight_range_fiber": 658.4462890625, "fine_L": 32, "fine_beta": 14.1464, "coarse_L": 16, "coarse_beta": 3.9999887248909847, "imh_acceptance": 0.015873015873015872, "seconds_hmc_base": 2.3, "seconds_ode_sample": 364.1, "ode_steps": 120, "n_probes": 2}
case L=32 beta=110.0 ...
  {"n": 64, "ess_per_n": 0.015625, "log_weight_std": 607.2335205078125, "log_weight_range": 2742.8984375, "ess_per_n_fiber": 0.015625, "log_weight_std_fiber": 608.6303100585938, "log_weight_range_fiber": 2774.296875, "fine_L": 32, "fine_beta": 110.0, "coarse_L": 16, "coarse_beta": 27.882398426701307, "imh_acceptance": 0.047619047619047616, "seconds_hmc_base": 44.4, "seconds_ode_sample": 378.8, "ode_steps": 120, "n_probes": 2}
wrote out\diffusion_v2\v2\ess_chain\verify_correction\report.md
case L=32 beta=14.1464 ...
  {"n": 64, "ess_per_n": 0.015625, "log_weight_std": 46.22833251953125, "log_weight_range": 247.044921875, "ess_per_n_fiber": 0.02273734100162983, "log_weight_std_fiber": 41.96315002441406, "log_weight_range_fiber": 206.1884765625, "fine_L": 32, "fine_beta": 14.1464, "coarse_L": 16, "coarse_beta": 3.9999887248909847, "imh_acceptance": 0.047619047619047616, "seconds_hmc_base": 2.2, "seconds_ode_sample": 362.3, "ode_steps": 120, "n_probes": 2}
case L=32 beta=110.0 ...
  {"n": 64, "ess_per_n": 0.015625, "log_weight_std": 159.01541137695312, "log_weight_range": 721.9921875, "ess_per_n_fiber": 0.015625, "log_weight_std_fiber": 160.51583862304688, "log_weight_range_fiber": 757.40625, "fine_L": 32, "fine_beta": 110.0, "coarse_L": 16, "coarse_beta": 27.882398426701307, "imh_acceptance": 0.047619047619047616, "seconds_hmc_base": 43.8, "seconds_ode_sample": 361.2, "ode_steps": 120, "n_probes": 2}
wrote out\diffusion_v2\v2\ess_chain\verify_rkl2_extra\report.md
