[2026-08-01 15:10:08] waiting for Tier-0 sweep summary ...
[2026-08-01 15:11:08] waiting for Tier-0 sweep summary ...
[2026-08-01 15:12:08] waiting for Tier-0 sweep summary ...
[2026-08-01 15:13:08] waiting for Tier-0 sweep summary ...
[2026-08-01 15:14:08] waiting for Tier-0 sweep summary ...
[2026-08-01 15:15:08] waiting for Tier-0 sweep summary ...
[2026-08-01 15:16:08] waiting for Tier-0 sweep summary ...
[2026-08-01 15:17:08] waiting for Tier-0 sweep summary ...
[2026-08-01 15:18:08] waiting for Tier-0 sweep summary ...
[2026-08-01 15:19:08] waiting for Tier-0 sweep summary ...
[2026-08-01 15:20:08] waiting for Tier-0 sweep summary ...
[2026-08-01 15:21:08] waiting for Tier-0 sweep summary ...
[2026-08-01 15:22:08] waiting for Tier-0 sweep summary ...
[2026-08-01 15:23:08] waiting for Tier-0 sweep summary ...
[2026-08-01 15:24:08] waiting for Tier-0 sweep summary ...
[2026-08-01 15:25:08] waiting for Tier-0 sweep summary ...
[2026-08-01 15:26:08] waiting for Tier-0 sweep summary ...
[2026-08-01 15:27:08] waiting for Tier-0 sweep summary ...
[2026-08-01 15:28:08] waiting for Tier-0 sweep summary ...
[2026-08-01 15:29:08] waiting for Tier-0 sweep summary ...
[2026-08-01 15:30:08] waiting for Tier-0 sweep summary ...
[2026-08-01 15:31:08] waiting for Tier-0 sweep summary ...
[2026-08-01 15:32:08] waiting for Tier-0 sweep summary ...
[2026-08-01 15:33:08] waiting for Tier-0 sweep summary ...
[2026-08-01 15:34:08] waiting for Tier-0 sweep summary ...
[2026-08-01 15:35:08] waiting for Tier-0 sweep summary ...
[2026-08-01 15:36:08] waiting for Tier-0 sweep summary ...
[2026-08-01 15:37:08] waiting for Tier-0 sweep summary ...
[2026-08-01 15:38:08] waiting for Tier-0 sweep summary ...
[2026-08-01 15:39:08] waiting for Tier-0 sweep summary ...
[2026-08-01 15:40:08] waiting for Tier-0 sweep summary ...
[2026-08-01 15:41:08] waiting for Tier-0 sweep summary ...
[2026-08-01 15:42:08] waiting for Tier-0 sweep summary ...
[2026-08-01 15:43:08] waiting for Tier-0 sweep summary ...
[2026-08-01 15:44:08] waiting for Tier-0 sweep summary ...
[2026-08-01 15:45:08] sweep summary present: C:\Users\ompan\OneDrive\Desktop\Lattice QCD Research\dev\InverseRG\out\diffusion_v2\v2\ode_reweighting_sweep\sweep_summary.md
[2026-08-01 15:45:08] best sweep point: sigmin0.03 (ESS/N fiber 0.0309, log-w std 23.99)
[2026-08-01 15:45:08] STAGE_MLFT_START: C:\Users\ompan\OneDrive\Desktop\Lattice QCD Research\dev\InverseRG\.venv\Scripts\python.exe C:\Users\ompan\OneDrive\Desktop\Lattice QCD Research\dev\InverseRG\diffusion_v2\scripts\20_likelihood_finetune.py --steps 300 --out-checkpoint C:\Users\ompan\OneDrive\Desktop\Lattice QCD Research\dev\InverseRG\out\diffusion_v2\v2\checkpoints\score_net_mlft.pt --sigma-min-coef 0.03
rungs: ['L16_beta14.1464', 'L16_beta25', 'L16_beta40', 'L16_beta55.0237', 'L16_beta10.2188', 'L16_beta11.8501', 'L16_beta11.8784', 'L16_beta12.9259', 'L16_beta14.4687', 'L16_beta15.5366', 'L16_beta17.502', 'L16_beta17.7602', 'L16_beta19.403', 'L16_beta20.2412', 'L16_beta21.8857', 'L16_beta27.0442', 'L16_beta27.3387', 'L16_beta27.7875', 'L16_beta30.5978', 'L16_beta33.325', 'L16_beta34.3422', 'L16_beta38.5957', 'L16_beta39.6475', 'L16_beta47.0386', 'L16_beta47.4228', 'L16_beta54.11', 'L16_beta56.1944', 'L16_beta57.2189', 'L32_beta11.2015', 'L32_beta12.3504', 'L32_beta12.688', 'L32_beta14.1441', 'L32_beta18.0708', 'L32_beta18.6487', 'L32_beta52.6284']
initial val log q/dof: -0.8867
C:\Users\ompan\OneDrive\Desktop\Lattice QCD Research\dev\InverseRG\diffusion_v2\scripts\20_likelihood_finetune.py:187: UserWarning: Converting a tensor with requires_grad=True to a scalar may lead to unexpected behavior.
Consider using tensor.detach() first. (Triggered internally at C:\actions-runner\_work\pytorch\pytorch\torch\csrc\autograd\generated\python_variable_methods.cpp:839.)
  "loss_ml_per_dof": float(loss_ml),
{'step': 1, 'rung': 'L16_beta54.11', 'loss_ml_per_dof': 0.603472888469696, 'loss_dsm': 0.5023173093795776, 'seconds': 4.8}
{'step': 2, 'rung': 'L16_beta34.3422', 'loss_ml_per_dof': 0.685417652130127, 'loss_dsm': 0.6117594242095947, 'seconds': 4.8}
{'step': 3, 'rung': 'L32_beta12.3504', 'loss_ml_per_dof': 0.7153463959693909, 'loss_dsm': 0.6283072233200073, 'seconds': 9.9}
{'step': 4, 'rung': 'L32_beta12.688', 'loss_ml_per_dof': 0.703761100769043, 'loss_dsm': 0.6205247640609741, 'seconds': 10.4}
{'step': 5, 'rung': 'L16_beta56.1944', 'loss_ml_per_dof': 0.5042271614074707, 'loss_dsm': 0.567653477191925, 'seconds': 5.0}
{'step': 6, 'rung': 'L16_beta47.0386', 'loss_ml_per_dof': 0.4389796853065491, 'loss_dsm': 0.5319903492927551, 'seconds': 4.7}
{'step': 7, 'rung': 'L16_beta33.325', 'loss_ml_per_dof': 0.43808361887931824, 'loss_dsm': 0.6383939385414124, 'seconds': 4.3}
{'step': 8, 'rung': 'L16_beta57.2189', 'loss_ml_per_dof': 0.3291504979133606, 'loss_dsm': 0.6418675780296326, 'seconds': 4.3}
{'step': 9, 'rung': 'L16_beta30.5978', 'loss_ml_per_dof': 0.43825554847717285, 'loss_dsm': 0.48790091276168823, 'seconds': 4.6}
{'step': 10, 'rung': 'L16_beta34.3422', 'loss_ml_per_dof': 0.38764092326164246, 'loss_dsm': 0.568647563457489, 'seconds': 4.6}
{'step': 11, 'rung': 'L16_beta47.4228', 'loss_ml_per_dof': 0.2642197608947754, 'loss_dsm': 0.601706862449646, 'seconds': 4.6}
{'step': 12, 'rung': 'L16_beta12.9259', 'loss_ml_per_dof': 0.5894304513931274, 'loss_dsm': 0.5915380120277405, 'seconds': 4.7}
{'step': 13, 'rung': 'L16_beta40', 'loss_ml_per_dof': 0.33361145853996277, 'loss_dsm': 0.7354898452758789, 'seconds': 4.5}
{'step': 14, 'rung': 'L16_beta10.2188', 'loss_ml_per_dof': 0.7393659353256226, 'loss_dsm': 0.6110541820526123, 'seconds': 4.4}
{'step': 15, 'rung': 'L16_beta21.8857', 'loss_ml_per_dof': 0.39814189076423645, 'loss_dsm': 0.6131731867790222, 'seconds': 4.5}
{'step': 16, 'rung': 'L16_beta19.403', 'loss_ml_per_dof': 0.5074832439422607, 'loss_dsm': 0.6418635845184326, 'seconds': 4.8}
{'step': 17, 'rung': 'L32_beta52.6284', 'loss_ml_per_dof': 0.22822830080986023, 'loss_dsm': 0.6488348245620728, 'seconds': 9.3}
{'step': 18, 'rung': 'L16_beta30.5978', 'loss_ml_per_dof': 0.2651887834072113, 'loss_dsm': 0.569405734539032, 'seconds': 4.9}
{'step': 19, 'rung': 'L16_beta14.4687', 'loss_ml_per_dof': 0.5374492406845093, 'loss_dsm': 0.5980405807495117, 'seconds': 4.4}
{'step': 20, 'rung': 'L16_beta57.2189', 'loss_ml_per_dof': 0.3070988059043884, 'loss_dsm': 0.6109533309936523, 'seconds': 4.5}
{'step': 21, 'rung': 'L16_beta27.0442', 'loss_ml_per_dof': 0.38314658403396606, 'loss_dsm': 0.5276992917060852, 'seconds': 4.8}
{'step': 22, 'rung': 'L32_beta18.0708', 'loss_ml_per_dof': 0.38661250472068787, 'loss_dsm': 0.6297036409378052, 'seconds': 9.0}
{'step': 23, 'rung': 'L16_beta47.4228', 'loss_ml_per_dof': 0.22853484749794006, 'loss_dsm': 0.6300266981124878, 'seconds': 4.7}
{'step': 24, 'rung': 'L16_beta17.502', 'loss_ml_per_dof': 0.5273898243904114, 'loss_dsm': 0.46362531185150146, 'seconds': 5.1}
{'step': 25, 'rung': 'L16_beta39.6475', 'loss_ml_per_dof': 0.3348418176174164, 'loss_dsm': 0.5607696175575256, 'seconds': 5.1, 'val_logq_per_dof': -0.5244512643132891, 'saved': 'C:\\Users\\ompan\\OneDrive\\Desktop\\Lattice QCD Research\\dev\\InverseRG\\out\\diffusion_v2\\v2\\checkpoints\\score_net_mlft.pt'}
{'step': 26, 'rung': 'L16_beta10.2188', 'loss_ml_per_dof': 0.5679542422294617, 'loss_dsm': 0.5161018967628479, 'seconds': 4.6}
{'step': 27, 'rung': 'L32_beta18.6487', 'loss_ml_per_dof': 0.38464394211769104, 'loss_dsm': 0.617638349533081, 'seconds': 9.1}
{'step': 28, 'rung': 'L32_beta18.0708', 'loss_ml_per_dof': 0.40413418412208557, 'loss_dsm': 0.6337865591049194, 'seconds': 8.5}
{'step': 29, 'rung': 'L16_beta54.11', 'loss_ml_per_dof': 0.3003033995628357, 'loss_dsm': 0.6136730313301086, 'seconds': 4.5}
{'step': 30, 'rung': 'L16_beta27.3387', 'loss_ml_per_dof': 0.3316359519958496, 'loss_dsm': 0.5812607407569885, 'seconds': 4.7}
{'step': 31, 'rung': 'L32_beta52.6284', 'loss_ml_per_dof': 0.3055255115032196, 'loss_dsm': 0.6522470712661743, 'seconds': 8.1}
{'step': 32, 'rung': 'L16_beta34.3422', 'loss_ml_per_dof': 0.25032952427864075, 'loss_dsm': 0.757537305355072, 'seconds': 5.1}
{'step': 33, 'rung': 'L16_beta57.2189', 'loss_ml_per_dof': 0.2972990870475769, 'loss_dsm': 0.5699698328971863, 'seconds': 4.6}
{'step': 34, 'rung': 'L16_beta54.11', 'loss_ml_per_dof': 0.3189292252063751, 'loss_dsm': 0.6432636380195618, 'seconds': 4.7}
{'step': 35, 'rung': 'L16_beta14.1464', 'loss_ml_per_dof': 0.40366441011428833, 'loss_dsm': 0.5863396525382996, 'seconds': 4.9}
{'step': 36, 'rung': 'L32_beta18.0708', 'loss_ml_per_dof': 0.36808040738105774, 'loss_dsm': 0.5757327079772949, 'seconds': 8.5}
{'step': 37, 'rung': 'L32_beta18.0708', 'loss_ml_per_dof': 0.36525893211364746, 'loss_dsm': 0.7414210438728333, 'seconds': 8.5}
{'step': 38, 'rung': 'L32_beta52.6284', 'loss_ml_per_dof': 0.28757554292678833, 'loss_dsm': 0.6790198683738708, 'seconds': 9.0}
{'step': 39, 'rung': 'L16_beta10.2188', 'loss_ml_per_dof': 0.5918276309967041, 'loss_dsm': 0.6176357269287109, 'seconds': 4.7}
{'step': 40, 'rung': 'L16_beta12.9259', 'loss_ml_per_dof': 0.5017046928405762, 'loss_dsm': 0.6345775723457336, 'seconds': 4.6}
{'step': 41, 'rung': 'L16_beta17.7602', 'loss_ml_per_dof': 0.3829944133758545, 'loss_dsm': 0.6249192357063293, 'seconds': 4.4}
{'step': 42, 'rung': 'L16_beta19.403', 'loss_ml_per_dof': 0.37013766169548035, 'loss_dsm': 0.7725701928138733, 'seconds': 4.4}
{'step': 43, 'rung': 'L16_beta11.8784', 'loss_ml_per_dof': 0.47263291478157043, 'loss_dsm': 0.576816976070404, 'seconds': 4.5}
{'step': 44, 'rung': 'L16_beta17.502', 'loss_ml_per_dof': 0.44628211855888367, 'loss_dsm': 0.6305720210075378, 'seconds': 4.6}
{'step': 45, 'rung': 'L32_beta12.3504', 'loss_ml_per_dof': 0.4522096514701843, 'loss_dsm': 0.7253892421722412, 'seconds': 8.8}
{'step': 46, 'rung': 'L16_beta27.0442', 'loss_ml_per_dof': 0.2769148349761963, 'loss_dsm': 0.5197337865829468, 'seconds': 4.8}
{'step': 47, 'rung': 'L16_beta33.325', 'loss_ml_per_dof': 0.2964211404323578, 'loss_dsm': 0.6128235459327698, 'seconds': 4.7}
{'step': 48, 'rung': 'L16_beta55.0237', 'loss_ml_per_dof': 0.379434198141098, 'loss_dsm': 0.5807994604110718, 'seconds': 4.3}
{'step': 49, 'rung': 'L16_beta14.1464', 'loss_ml_per_dof': 0.4158935248851776, 'loss_dsm': 0.5751601457595825, 'seconds': 4.4}
{'step': 50, 'rung': 'L16_beta15.5366', 'loss_ml_per_dof': 0.39804649353027344, 'loss_dsm': 0.703607439994812, 'seconds': 4.3, 'val_logq_per_dof': -0.5622667065688542}
{'step': 51, 'rung': 'L16_beta14.1464', 'loss_ml_per_dof': 0.4566023647785187, 'loss_dsm': 0.5015610456466675, 'seconds': 4.7}
{'step': 52, 'rung': 'L16_beta27.3387', 'loss_ml_per_dof': 0.22606399655342102, 'loss_dsm': 0.6714200377464294, 'seconds': 5.3}
{'step': 53, 'rung': 'L16_beta30.5978', 'loss_ml_per_dof': 0.36312103271484375, 'loss_dsm': 0.6092818379402161, 'seconds': 4.8}
{'step': 54, 'rung': 'L16_beta11.8501', 'loss_ml_per_dof': 0.5655476450920105, 'loss_dsm': 0.6442660093307495, 'seconds': 4.8}
{'step': 55, 'rung': 'L16_beta47.0386', 'loss_ml_per_dof': 0.3634099066257477, 'loss_dsm': 0.6061180233955383, 'seconds': 4.4}
{'step': 56, 'rung': 'L16_beta20.2412', 'loss_ml_per_dof': 0.3728122413158417, 'loss_dsm': 0.751181960105896, 'seconds': 4.4}
{'step': 57, 'rung': 'L16_beta38.5957', 'loss_ml_per_dof': 0.4108695983886719, 'loss_dsm': 0.5857787728309631, 'seconds': 4.7}
{'step': 58, 'rung': 'L16_beta27.3387', 'loss_ml_per_dof': 0.348632276058197, 'loss_dsm': 0.5969709753990173, 'seconds': 4.4}
{'step': 59, 'rung': 'L16_beta27.7875', 'loss_ml_per_dof': 0.4133881628513336, 'loss_dsm': 0.6956762671470642, 'seconds': 4.4}
{'step': 60, 'rung': 'L32_beta52.6284', 'loss_ml_per_dof': 0.3693699836730957, 'loss_dsm': 0.5906332731246948, 'seconds': 8.3}
{'step': 61, 'rung': 'L16_beta39.6475', 'loss_ml_per_dof': 0.32342618703842163, 'loss_dsm': 0.5726363062858582, 'seconds': 4.4}
{'step': 62, 'rung': 'L16_beta27.7875', 'loss_ml_per_dof': 0.3163451850414276, 'loss_dsm': 0.6538927555084229, 'seconds': 4.3}
{'step': 63, 'rung': 'L16_beta27.7875', 'loss_ml_per_dof': 0.39433175325393677, 'loss_dsm': 0.6846359968185425, 'seconds': 4.2}
{'step': 64, 'rung': 'L16_beta39.6475', 'loss_ml_per_dof': 0.3271516263484955, 'loss_dsm': 0.6300703883171082, 'seconds': 4.3}
{'step': 65, 'rung': 'L16_beta11.8501', 'loss_ml_per_dof': 0.4844033420085907, 'loss_dsm': 0.7121995687484741, 'seconds': 4.3}
{'step': 66, 'rung': 'L16_beta34.3422', 'loss_ml_per_dof': 0.33166980743408203, 'loss_dsm': 0.657802939414978, 'seconds': 4.2}
{'step': 67, 'rung': 'L16_beta17.7602', 'loss_ml_per_dof': 0.3768080174922943, 'loss_dsm': 0.4456746280193329, 'seconds': 4.4}
{'step': 68, 'rung': 'L16_beta54.11', 'loss_ml_per_dof': 0.32155847549438477, 'loss_dsm': 0.6258381605148315, 'seconds': 4.3}
{'step': 69, 'rung': 'L16_beta47.0386', 'loss_ml_per_dof': 0.3020921051502228, 'loss_dsm': 0.58194899559021, 'seconds': 4.3}
{'step': 70, 'rung': 'L16_beta47.4228', 'loss_ml_per_dof': 0.2505551874637604, 'loss_dsm': 0.5709346532821655, 'seconds': 4.4}
{'step': 71, 'rung': 'L16_beta21.8857', 'loss_ml_per_dof': 0.4164137542247772, 'loss_dsm': 0.6341309547424316, 'seconds': 4.5}
{'step': 72, 'rung': 'L16_beta27.0442', 'loss_ml_per_dof': 0.3021375238895416, 'loss_dsm': 0.5287228226661682, 'seconds': 4.2}
{'step': 73, 'rung': 'L16_beta38.5957', 'loss_ml_per_dof': 0.3462482690811157, 'loss_dsm': 0.8535851240158081, 'seconds': 4.4}
{'step': 74, 'rung': 'L16_beta34.3422', 'loss_ml_per_dof': 0.275960773229599, 'loss_dsm': 0.7776910662651062, 'seconds': 4.3}
{'step': 75, 'rung': 'L16_beta33.325', 'loss_ml_per_dof': 0.28067871928215027, 'loss_dsm': 0.7115587592124939, 'seconds': 4.5, 'val_logq_per_dof': -0.519580773796354, 'saved': 'C:\\Users\\ompan\\OneDrive\\Desktop\\Lattice QCD Research\\dev\\InverseRG\\out\\diffusion_v2\\v2\\checkpoints\\score_net_mlft.pt'}
{'step': 76, 'rung': 'L16_beta27.0442', 'loss_ml_per_dof': 0.35372933745384216, 'loss_dsm': 0.5037418603897095, 'seconds': 5.1}
{'step': 77, 'rung': 'L16_beta47.4228', 'loss_ml_per_dof': 0.26167866587638855, 'loss_dsm': 0.6916104555130005, 'seconds': 4.5}
{'step': 78, 'rung': 'L16_beta25', 'loss_ml_per_dof': 0.3246968984603882, 'loss_dsm': 0.6585825681686401, 'seconds': 4.7}
{'step': 79, 'rung': 'L16_beta12.9259', 'loss_ml_per_dof': 0.535129189491272, 'loss_dsm': 0.7873557806015015, 'seconds': 4.6}
{'step': 80, 'rung': 'L16_beta47.0386', 'loss_ml_per_dof': 0.22408580780029297, 'loss_dsm': 0.783688485622406, 'seconds': 4.3}
{'step': 81, 'rung': 'L16_beta34.3422', 'loss_ml_per_dof': 0.30222752690315247, 'loss_dsm': 0.5309428572654724, 'seconds': 4.5}
{'step': 82, 'rung': 'L16_beta30.5978', 'loss_ml_per_dof': 0.2883435785770416, 'loss_dsm': 0.5818576216697693, 'seconds': 4.6}
{'step': 83, 'rung': 'L16_beta15.5366', 'loss_ml_per_dof': 0.46602731943130493, 'loss_dsm': 0.568428635597229, 'seconds': 5.0}
{'step': 84, 'rung': 'L16_beta38.5957', 'loss_ml_per_dof': 0.31675785779953003, 'loss_dsm': 0.5215358734130859, 'seconds': 4.9}
{'step': 85, 'rung': 'L16_beta57.2189', 'loss_ml_per_dof': 0.353875994682312, 'loss_dsm': 0.7407751083374023, 'seconds': 4.6}
{'step': 86, 'rung': 'L16_beta56.1944', 'loss_ml_per_dof': 0.28720155358314514, 'loss_dsm': 0.6304880976676941, 'seconds': 4.4}
{'step': 87, 'rung': 'L16_beta15.5366', 'loss_ml_per_dof': 0.4611756503582001, 'loss_dsm': 0.6943368315696716, 'seconds': 4.5}
{'step': 88, 'rung': 'L16_beta25', 'loss_ml_per_dof': 0.40355175733566284, 'loss_dsm': 0.5980653166770935, 'seconds': 4.5}
{'step': 89, 'rung': 'L16_beta38.5957', 'loss_ml_per_dof': 0.28248921036720276, 'loss_dsm': 0.6715954542160034, 'seconds': 4.7}
{'step': 90, 'rung': 'L32_beta12.3504', 'loss_ml_per_dof': 0.5448338985443115, 'loss_dsm': 0.6162716150283813, 'seconds': 9.3}
{'step': 91, 'rung': 'L16_beta30.5978', 'loss_ml_per_dof': 0.35469144582748413, 'loss_dsm': 0.5753442049026489, 'seconds': 4.7}
{'step': 92, 'rung': 'L16_beta10.2188', 'loss_ml_per_dof': 0.5649062395095825, 'loss_dsm': 0.5047038793563843, 'seconds': 4.6}
{'step': 93, 'rung': 'L16_beta14.1464', 'loss_ml_per_dof': 0.461946040391922, 'loss_dsm': 0.676079273223877, 'seconds': 4.4}
{'step': 94, 'rung': 'L16_beta19.403', 'loss_ml_per_dof': 0.4860430061817169, 'loss_dsm': 0.6917309761047363, 'seconds': 4.3}
{'step': 95, 'rung': 'L16_beta27.7875', 'loss_ml_per_dof': 0.328290194272995, 'loss_dsm': 0.5349910259246826, 'seconds': 4.7}
{'step': 96, 'rung': 'L16_beta38.5957', 'loss_ml_per_dof': 0.325486421585083, 'loss_dsm': 0.5164272785186768, 'seconds': 4.9}
{'step': 97, 'rung': 'L16_beta11.8501', 'loss_ml_per_dof': 0.6321383714675903, 'loss_dsm': 0.6842583417892456, 'seconds': 4.6}
{'step': 98, 'rung': 'L16_beta57.2189', 'loss_ml_per_dof': 0.2763761878013611, 'loss_dsm': 0.6957916617393494, 'seconds': 4.7}
{'step': 99, 'rung': 'L16_beta12.9259', 'loss_ml_per_dof': 0.562508225440979, 'loss_dsm': 0.6531867980957031, 'seconds': 4.3}
{'step': 100, 'rung': 'L16_beta11.8501', 'loss_ml_per_dof': 0.6345069408416748, 'loss_dsm': 0.5851864814758301, 'seconds': 4.8, 'val_logq_per_dof': -0.521159257207598}
{'step': 101, 'rung': 'L16_beta10.2188', 'loss_ml_per_dof': 0.6359171867370605, 'loss_dsm': 0.5469487309455872, 'seconds': 4.5}
{'step': 102, 'rung': 'L16_beta54.11', 'loss_ml_per_dof': 0.17908859252929688, 'loss_dsm': 0.5929749608039856, 'seconds': 4.5}
{'step': 103, 'rung': 'L16_beta25', 'loss_ml_per_dof': 0.30834507942199707, 'loss_dsm': 0.6869663000106812, 'seconds': 4.3}
{'step': 104, 'rung': 'L16_beta17.7602', 'loss_ml_per_dof': 0.4663635492324829, 'loss_dsm': 0.8372181057929993, 'seconds': 4.4}
{'step': 105, 'rung': 'L16_beta12.9259', 'loss_ml_per_dof': 0.5093274116516113, 'loss_dsm': 0.7920510768890381, 'seconds': 4.3}
{'step': 106, 'rung': 'L16_beta21.8857', 'loss_ml_per_dof': 0.33645549416542053, 'loss_dsm': 0.6305819749832153, 'seconds': 4.2}
{'step': 107, 'rung': 'L16_beta14.4687', 'loss_ml_per_dof': 0.46026405692100525, 'loss_dsm': 0.6381903290748596, 'seconds': 4.2}
{'step': 108, 'rung': 'L32_beta14.1441', 'loss_ml_per_dof': 0.4739060401916504, 'loss_dsm': 0.5889807939529419, 'seconds': 8.3}
{'step': 109, 'rung': 'L16_beta12.9259', 'loss_ml_per_dof': 0.5472911596298218, 'loss_dsm': 0.6546080708503723, 'seconds': 4.5}
{'step': 110, 'rung': 'L16_beta27.0442', 'loss_ml_per_dof': 0.3283388018608093, 'loss_dsm': 0.6492373943328857, 'seconds': 4.7}
{'step': 111, 'rung': 'L32_beta12.3504', 'loss_ml_per_dof': 0.5377178192138672, 'loss_dsm': 0.7749446034431458, 'seconds': 8.2}
{'step': 112, 'rung': 'L16_beta47.0386', 'loss_ml_per_dof': 0.2683340013027191, 'loss_dsm': 0.5398878455162048, 'seconds': 4.6}
{'step': 113, 'rung': 'L16_beta47.0386', 'loss_ml_per_dof': 0.2514120638370514, 'loss_dsm': 0.5603513121604919, 'seconds': 4.9}
{'step': 114, 'rung': 'L32_beta18.0708', 'loss_ml_per_dof': 0.3895796239376068, 'loss_dsm': 0.6371662616729736, 'seconds': 8.3}
{'step': 115, 'rung': 'L16_beta40', 'loss_ml_per_dof': 0.36214733123779297, 'loss_dsm': 0.7525372505187988, 'seconds': 4.4}
{'step': 116, 'rung': 'L16_beta27.0442', 'loss_ml_per_dof': 0.27060601115226746, 'loss_dsm': 0.6276457905769348, 'seconds': 4.8}
{'step': 117, 'rung': 'L16_beta14.1464', 'loss_ml_per_dof': 0.500876784324646, 'loss_dsm': 0.6452538371086121, 'seconds': 4.3}
{'step': 118, 'rung': 'L16_beta27.3387', 'loss_ml_per_dof': 0.31895360350608826, 'loss_dsm': 0.6570836901664734, 'seconds': 4.2}
{'step': 119, 'rung': 'L32_beta14.1441', 'loss_ml_per_dof': 0.46186190843582153, 'loss_dsm': 0.6763943433761597, 'seconds': 8.4}
{'step': 120, 'rung': 'L32_beta14.1441', 'loss_ml_per_dof': 0.4679521918296814, 'loss_dsm': 0.7654994130134583, 'seconds': 8.8}
{'step': 121, 'rung': 'L16_beta30.5978', 'loss_ml_per_dof': 0.339947372674942, 'loss_dsm': 0.6839207410812378, 'seconds': 4.7}
{'step': 122, 'rung': 'L16_beta17.502', 'loss_ml_per_dof': 0.4423769414424896, 'loss_dsm': 0.704095184803009, 'seconds': 4.7}
{'step': 123, 'rung': 'L16_beta47.0386', 'loss_ml_per_dof': 0.4206029176712036, 'loss_dsm': 0.7977215051651001, 'seconds': 4.5}
{'step': 124, 'rung': 'L32_beta12.3504', 'loss_ml_per_dof': 0.5272520780563354, 'loss_dsm': 0.6634880304336548, 'seconds': 8.3}
{'step': 125, 'rung': 'L16_beta57.2189', 'loss_ml_per_dof': 0.2462347149848938, 'loss_dsm': 0.6278594136238098, 'seconds': 4.5, 'val_logq_per_dof': -0.5717607395989555}
{'step': 126, 'rung': 'L16_beta21.8857', 'loss_ml_per_dof': 0.3792024552822113, 'loss_dsm': 0.5936905145645142, 'seconds': 4.5}
{'step': 127, 'rung': 'L32_beta18.6487', 'loss_ml_per_dof': 0.3709160387516022, 'loss_dsm': 0.717249870300293, 'seconds': 9.3}
{'step': 128, 'rung': 'L32_beta12.3504', 'loss_ml_per_dof': 0.522975504398346, 'loss_dsm': 0.6958185434341431, 'seconds': 8.4}
{'step': 129, 'rung': 'L32_beta18.6487', 'loss_ml_per_dof': 0.36270228028297424, 'loss_dsm': 0.6913058161735535, 'seconds': 8.5}
{'step': 130, 'rung': 'L16_beta30.5978', 'loss_ml_per_dof': 0.2742488980293274, 'loss_dsm': 0.7593547105789185, 'seconds': 4.6}
{'step': 131, 'rung': 'L32_beta11.2015', 'loss_ml_per_dof': 0.5754915475845337, 'loss_dsm': 0.6232227683067322, 'seconds': 8.5}
{'step': 132, 'rung': 'L16_beta11.8784', 'loss_ml_per_dof': 0.5872260928153992, 'loss_dsm': 0.7069430351257324, 'seconds': 4.8}
{'step': 133, 'rung': 'L32_beta11.2015', 'loss_ml_per_dof': 0.6152108907699585, 'loss_dsm': 0.7176451683044434, 'seconds': 8.7}
{'step': 134, 'rung': 'L16_beta27.7875', 'loss_ml_per_dof': 0.3949640095233917, 'loss_dsm': 0.6117158532142639, 'seconds': 5.2}
{'step': 135, 'rung': 'L16_beta38.5957', 'loss_ml_per_dof': 0.3563688397407532, 'loss_dsm': 0.8709697723388672, 'seconds': 4.8}
{'step': 136, 'rung': 'L16_beta33.325', 'loss_ml_per_dof': 0.32842639088630676, 'loss_dsm': 0.6851927042007446, 'seconds': 4.8}
{'step': 137, 'rung': 'L16_beta19.403', 'loss_ml_per_dof': 0.36780110001564026, 'loss_dsm': 0.757665753364563, 'seconds': 4.6}
{'step': 138, 'rung': 'L32_beta12.688', 'loss_ml_per_dof': 0.553337037563324, 'loss_dsm': 0.5006150007247925, 'seconds': 8.4}
{'step': 139, 'rung': 'L16_beta20.2412', 'loss_ml_per_dof': 0.44138920307159424, 'loss_dsm': 0.724045991897583, 'seconds': 4.9}
{'step': 140, 'rung': 'L16_beta39.6475', 'loss_ml_per_dof': 0.2716570496559143, 'loss_dsm': 0.7476310729980469, 'seconds': 5.1}
{'step': 141, 'rung': 'L16_beta11.8501', 'loss_ml_per_dof': 0.6592767238616943, 'loss_dsm': 0.7643637657165527, 'seconds': 5.3}
{'step': 142, 'rung': 'L16_beta55.0237', 'loss_ml_per_dof': 0.41065269708633423, 'loss_dsm': 0.5799947381019592, 'seconds': 5.0}
{'step': 143, 'rung': 'L16_beta17.7602', 'loss_ml_per_dof': 0.44775572419166565, 'loss_dsm': 0.6582674384117126, 'seconds': 4.7}
{'step': 144, 'rung': 'L32_beta52.6284', 'loss_ml_per_dof': 0.3065131604671478, 'loss_dsm': 0.7826775908470154, 'seconds': 9.0}
{'step': 145, 'rung': 'L16_beta20.2412', 'loss_ml_per_dof': 0.3632453382015228, 'loss_dsm': 0.7696282267570496, 'seconds': 4.3}
{'step': 146, 'rung': 'L16_beta15.5366', 'loss_ml_per_dof': 0.47741711139678955, 'loss_dsm': 0.7969774007797241, 'seconds': 4.4}
{'step': 147, 'rung': 'L16_beta14.1464', 'loss_ml_per_dof': 0.4998088479042053, 'loss_dsm': 0.7324661016464233, 'seconds': 4.8}
{'step': 148, 'rung': 'L16_beta38.5957', 'loss_ml_per_dof': 0.4093673527240753, 'loss_dsm': 0.6741941571235657, 'seconds': 4.4}
{'step': 149, 'rung': 'L16_beta38.5957', 'loss_ml_per_dof': 0.4497784674167633, 'loss_dsm': 0.6239984631538391, 'seconds': 4.5}
{'step': 150, 'rung': 'L16_beta38.5957', 'loss_ml_per_dof': 0.4325578212738037, 'loss_dsm': 0.9194451570510864, 'seconds': 5.3, 'val_logq_per_dof': -0.5739765473774501}
{'step': 151, 'rung': 'L32_beta18.6487', 'loss_ml_per_dof': 0.4265389144420624, 'loss_dsm': 0.768214762210846, 'seconds': 9.4}
{'step': 152, 'rung': 'L16_beta14.4687', 'loss_ml_per_dof': 0.5429245233535767, 'loss_dsm': 0.7152799963951111, 'seconds': 4.8}
{'step': 153, 'rung': 'L16_beta27.3387', 'loss_ml_per_dof': 0.32646235823631287, 'loss_dsm': 0.7830528020858765, 'seconds': 4.7}
{'step': 154, 'rung': 'L32_beta18.6487', 'loss_ml_per_dof': 0.4443412721157074, 'loss_dsm': 0.546952486038208, 'seconds': 8.7}
{'step': 155, 'rung': 'L16_beta20.2412', 'loss_ml_per_dof': 0.4397830665111542, 'loss_dsm': 0.8701562285423279, 'seconds': 4.7}
{'step': 156, 'rung': 'L16_beta40', 'loss_ml_per_dof': 0.24476364254951477, 'loss_dsm': 0.733460009098053, 'seconds': 4.5}
{'step': 157, 'rung': 'L16_beta40', 'loss_ml_per_dof': 0.39747050404548645, 'loss_dsm': 1.036682367324829, 'seconds': 4.5}
{'step': 158, 'rung': 'L16_beta30.5978', 'loss_ml_per_dof': 0.3043520748615265, 'loss_dsm': 0.8382173776626587, 'seconds': 4.7}
{'step': 159, 'rung': 'L16_beta47.4228', 'loss_ml_per_dof': 0.31675538420677185, 'loss_dsm': 0.8551076054573059, 'seconds': 4.8}
{'step': 160, 'rung': 'L16_beta12.9259', 'loss_ml_per_dof': 0.6186580657958984, 'loss_dsm': 0.6850308775901794, 'seconds': 4.5}
{'step': 161, 'rung': 'L16_beta55.0237', 'loss_ml_per_dof': 0.21314698457717896, 'loss_dsm': 0.6743696331977844, 'seconds': 4.4}
{'step': 162, 'rung': 'L16_beta25', 'loss_ml_per_dof': 0.3351632356643677, 'loss_dsm': 0.8162088394165039, 'seconds': 4.3}
{'step': 163, 'rung': 'L16_beta38.5957', 'loss_ml_per_dof': 0.37724989652633667, 'loss_dsm': 0.8716264963150024, 'seconds': 4.8}
{'step': 164, 'rung': 'L16_beta11.8784', 'loss_ml_per_dof': 0.587011992931366, 'loss_dsm': 0.8232381343841553, 'seconds': 4.8}
{'step': 165, 'rung': 'L16_beta38.5957', 'loss_ml_per_dof': 0.2696426212787628, 'loss_dsm': 0.8763035535812378, 'seconds': 4.4}
{'step': 166, 'rung': 'L16_beta20.2412', 'loss_ml_per_dof': 0.48219382762908936, 'loss_dsm': 0.8847742080688477, 'seconds': 4.3}
{'step': 167, 'rung': 'L16_beta20.2412', 'loss_ml_per_dof': 0.5200402736663818, 'loss_dsm': 0.8148189187049866, 'seconds': 4.4}
{'step': 168, 'rung': 'L16_beta20.2412', 'loss_ml_per_dof': 0.4541623294353485, 'loss_dsm': 0.6303896903991699, 'seconds': 4.5}
{'step': 169, 'rung': 'L16_beta34.3422', 'loss_ml_per_dof': 0.3994423449039459, 'loss_dsm': 0.9914966225624084, 'seconds': 4.6}
{'step': 170, 'rung': 'L16_beta27.3387', 'loss_ml_per_dof': 0.3294493854045868, 'loss_dsm': 0.8942126035690308, 'seconds': 4.6}
{'step': 171, 'rung': 'L16_beta27.7875', 'loss_ml_per_dof': 0.4818539321422577, 'loss_dsm': 0.8754667639732361, 'seconds': 4.3}
{'step': 172, 'rung': 'L32_beta11.2015', 'loss_ml_per_dof': 0.7151620388031006, 'loss_dsm': 0.6254158020019531, 'seconds': 8.3}
{'step': 173, 'rung': 'L16_beta56.1944', 'loss_ml_per_dof': 0.2316843569278717, 'loss_dsm': 0.8408551216125488, 'seconds': 4.6}
{'step': 174, 'rung': 'L32_beta18.0708', 'loss_ml_per_dof': 0.4612713158130646, 'loss_dsm': 0.9729799628257751, 'seconds': 7.9}
{'step': 175, 'rung': 'L16_beta14.1464', 'loss_ml_per_dof': 0.6002557277679443, 'loss_dsm': 1.0764919519424438, 'seconds': 4.4, 'val_logq_per_dof': -0.584076988697052}
{'step': 176, 'rung': 'L16_beta54.11', 'loss_ml_per_dof': 0.24181652069091797, 'loss_dsm': 0.7694787383079529, 'seconds': 5.1}
{'step': 177, 'rung': 'L16_beta17.502', 'loss_ml_per_dof': 0.4909421503543854, 'loss_dsm': 0.9115725159645081, 'seconds': 5.2}
{'step': 178, 'rung': 'L16_beta10.2188', 'loss_ml_per_dof': 0.795593798160553, 'loss_dsm': 1.0009956359863281, 'seconds': 5.0}
{'step': 179, 'rung': 'L16_beta47.0386', 'loss_ml_per_dof': 0.325291246175766, 'loss_dsm': 0.8798115849494934, 'seconds': 4.8}
{'step': 180, 'rung': 'L16_beta27.3387', 'loss_ml_per_dof': 0.3170088231563568, 'loss_dsm': 1.049809217453003, 'seconds': 4.9}
{'step': 181, 'rung': 'L16_beta11.8784', 'loss_ml_per_dof': 0.6871965527534485, 'loss_dsm': 0.9630605578422546, 'seconds': 4.8}
{'step': 182, 'rung': 'L16_beta14.4687', 'loss_ml_per_dof': 0.5609452128410339, 'loss_dsm': 0.8612245917320251, 'seconds': 4.8}
{'step': 183, 'rung': 'L32_beta52.6284', 'loss_ml_per_dof': 0.26385068893432617, 'loss_dsm': 0.6612480282783508, 'seconds': 9.3}
{'step': 184, 'rung': 'L32_beta12.688', 'loss_ml_per_dof': 0.629892110824585, 'loss_dsm': 0.6644733548164368, 'seconds': 9.5}
{'step': 185, 'rung': 'L16_beta27.3387', 'loss_ml_per_dof': 0.33949267864227295, 'loss_dsm': 0.9255452156066895, 'seconds': 4.9}
{'step': 186, 'rung': 'L16_beta40', 'loss_ml_per_dof': 0.29303714632987976, 'loss_dsm': 0.5072026252746582, 'seconds': 4.6}
{'step': 187, 'rung': 'L16_beta11.8784', 'loss_ml_per_dof': 0.6164423823356628, 'loss_dsm': 0.840744137763977, 'seconds': 4.7}
{'step': 188, 'rung': 'L16_beta27.3387', 'loss_ml_per_dof': 0.34581053256988525, 'loss_dsm': 0.7927128076553345, 'seconds': 4.9}
{'step': 189, 'rung': 'L16_beta56.1944', 'loss_ml_per_dof': 0.2799569070339203, 'loss_dsm': 0.712416410446167, 'seconds': 4.9}
{'step': 190, 'rung': 'L32_beta12.3504', 'loss_ml_per_dof': 0.6523893475532532, 'loss_dsm': 0.9876524209976196, 'seconds': 8.9}
{'step': 191, 'rung': 'L32_beta12.688', 'loss_ml_per_dof': 0.6695977449417114, 'loss_dsm': 0.8914492726325989, 'seconds': 8.7}
{'step': 192, 'rung': 'L32_beta11.2015', 'loss_ml_per_dof': 0.7113491296768188, 'loss_dsm': 0.7183839082717896, 'seconds': 9.1}
{'step': 193, 'rung': 'L16_beta27.3387', 'loss_ml_per_dof': 0.3470349907875061, 'loss_dsm': 0.7971466779708862, 'seconds': 5.2}
{'step': 194, 'rung': 'L16_beta40', 'loss_ml_per_dof': 0.3022143840789795, 'loss_dsm': 0.9688122868537903, 'seconds': 4.8}
{'step': 195, 'rung': 'L16_beta33.325', 'loss_ml_per_dof': 0.40693017840385437, 'loss_dsm': 1.1662933826446533, 'seconds': 4.7}
{'step': 196, 'rung': 'L16_beta21.8857', 'loss_ml_per_dof': 0.4232260286808014, 'loss_dsm': 0.940831184387207, 'seconds': 4.8}
{'step': 197, 'rung': 'L16_beta27.3387', 'loss_ml_per_dof': 0.39126527309417725, 'loss_dsm': 0.9182770252227783, 'seconds': 4.7}
{'step': 198, 'rung': 'L16_beta25', 'loss_ml_per_dof': 0.3482412099838257, 'loss_dsm': 0.8112684488296509, 'seconds': 4.7}
{'step': 199, 'rung': 'L16_beta27.0442', 'loss_ml_per_dof': 0.35583534836769104, 'loss_dsm': 0.8999252319335938, 'seconds': 4.7}
{'step': 200, 'rung': 'L16_beta55.0237', 'loss_ml_per_dof': 0.29209867119789124, 'loss_dsm': 0.8115273118019104, 'seconds': 4.9, 'val_logq_per_dof': -0.6055204621383122}
{'step': 201, 'rung': 'L16_beta14.1464', 'loss_ml_per_dof': 0.610933780670166, 'loss_dsm': 0.8254609107971191, 'seconds': 4.7}
{'step': 202, 'rung': 'L32_beta18.6487', 'loss_ml_per_dof': 0.4855608344078064, 'loss_dsm': 0.8407009840011597, 'seconds': 9.6}
{'step': 203, 'rung': 'L16_beta21.8857', 'loss_ml_per_dof': 0.4475965201854706, 'loss_dsm': 0.9746952652931213, 'seconds': 5.0}
{'step': 204, 'rung': 'L32_beta18.6487', 'loss_ml_per_dof': 0.5159910917282104, 'loss_dsm': 0.8625048995018005, 'seconds': 9.0}
{'step': 205, 'rung': 'L16_beta54.11', 'loss_ml_per_dof': 0.27034881711006165, 'loss_dsm': 0.8119268417358398, 'seconds': 4.8}
{'step': 206, 'rung': 'L32_beta52.6284', 'loss_ml_per_dof': 0.2619457244873047, 'loss_dsm': 0.9742127060890198, 'seconds': 8.7}
{'step': 207, 'rung': 'L32_beta52.6284', 'loss_ml_per_dof': 0.2898731529712677, 'loss_dsm': 0.9314682483673096, 'seconds': 9.1}
{'step': 208, 'rung': 'L16_beta55.0237', 'loss_ml_per_dof': 0.2893899083137512, 'loss_dsm': 1.2824149131774902, 'seconds': 4.8}
{'step': 209, 'rung': 'L32_beta12.3504', 'loss_ml_per_dof': 0.6905507445335388, 'loss_dsm': 1.0391178131103516, 'seconds': 8.7}
{'step': 210, 'rung': 'L16_beta11.8784', 'loss_ml_per_dof': 0.7052700519561768, 'loss_dsm': 0.7281718850135803, 'seconds': 5.0}
{'step': 211, 'rung': 'L32_beta11.2015', 'loss_ml_per_dof': 0.7288049459457397, 'loss_dsm': 1.015244960784912, 'seconds': 8.9}
{'step': 212, 'rung': 'L32_beta12.688', 'loss_ml_per_dof': 0.6842723488807678, 'loss_dsm': 0.9848542213439941, 'seconds': 9.0}
{'step': 213, 'rung': 'L16_beta34.3422', 'loss_ml_per_dof': 0.29718253016471863, 'loss_dsm': 0.8136706948280334, 'seconds': 4.9}
{'step': 214, 'rung': 'L16_beta34.3422', 'loss_ml_per_dof': 0.4037340581417084, 'loss_dsm': 0.8004562854766846, 'seconds': 4.7}
{'step': 215, 'rung': 'L16_beta33.325', 'loss_ml_per_dof': 0.38356825709342957, 'loss_dsm': 0.9991360902786255, 'seconds': 5.0}
{'step': 216, 'rung': 'L16_beta10.2188', 'loss_ml_per_dof': 0.7855725288391113, 'loss_dsm': 1.0490002632141113, 'seconds': 5.0}
{'step': 217, 'rung': 'L16_beta21.8857', 'loss_ml_per_dof': 0.5221993923187256, 'loss_dsm': 1.066704511642456, 'seconds': 5.0}
{'step': 218, 'rung': 'L16_beta15.5366', 'loss_ml_per_dof': 0.5587393045425415, 'loss_dsm': 1.0232200622558594, 'seconds': 4.7}
{'step': 219, 'rung': 'L16_beta39.6475', 'loss_ml_per_dof': 0.3167993724346161, 'loss_dsm': 0.8058297634124756, 'seconds': 4.8}
{'step': 220, 'rung': 'L16_beta56.1944', 'loss_ml_per_dof': 0.26191946864128113, 'loss_dsm': 1.0201503038406372, 'seconds': 4.9}
{'step': 221, 'rung': 'L16_beta25', 'loss_ml_per_dof': 0.3827383518218994, 'loss_dsm': 1.0656030178070068, 'seconds': 5.1}
{'step': 222, 'rung': 'L16_beta57.2189', 'loss_ml_per_dof': 0.1742565929889679, 'loss_dsm': 0.8656570315361023, 'seconds': 5.0}
{'step': 223, 'rung': 'L16_beta20.2412', 'loss_ml_per_dof': 0.5331218838691711, 'loss_dsm': 0.7041263580322266, 'seconds': 4.9}
{'step': 224, 'rung': 'L32_beta18.6487', 'loss_ml_per_dof': 0.5086462497711182, 'loss_dsm': 0.953236997127533, 'seconds': 8.7}
{'step': 225, 'rung': 'L16_beta57.2189', 'loss_ml_per_dof': 0.23821261525154114, 'loss_dsm': 0.9374523758888245, 'seconds': 5.5, 'val_logq_per_dof': -0.6173187494277954}
{'step': 226, 'rung': 'L16_beta34.3422', 'loss_ml_per_dof': 0.384980708360672, 'loss_dsm': 0.8969542980194092, 'seconds': 6.9}
{'step': 227, 'rung': 'L16_beta38.5957', 'loss_ml_per_dof': 0.34977418184280396, 'loss_dsm': 1.0017526149749756, 'seconds': 6.6}
{'step': 228, 'rung': 'L16_beta11.8784', 'loss_ml_per_dof': 0.7072562575340271, 'loss_dsm': 1.1336590051651, 'seconds': 6.7}
{'step': 229, 'rung': 'L16_beta20.2412', 'loss_ml_per_dof': 0.5184688568115234, 'loss_dsm': 1.256955623626709, 'seconds': 6.5}
{'step': 230, 'rung': 'L16_beta55.0237', 'loss_ml_per_dof': 0.21666714549064636, 'loss_dsm': 1.0822558403015137, 'seconds': 5.7}
{'step': 231, 'rung': 'L16_beta33.325', 'loss_ml_per_dof': 0.2965029180049896, 'loss_dsm': 0.8766266703605652, 'seconds': 5.4}
{'step': 232, 'rung': 'L16_beta10.2188', 'loss_ml_per_dof': 0.7920819520950317, 'loss_dsm': 0.9775558710098267, 'seconds': 5.1}
{'step': 233, 'rung': 'L16_beta30.5978', 'loss_ml_per_dof': 0.41177600622177124, 'loss_dsm': 1.1054408550262451, 'seconds': 4.9}
{'step': 234, 'rung': 'L16_beta47.0386', 'loss_ml_per_dof': 0.3841339647769928, 'loss_dsm': 0.9703279733657837, 'seconds': 5.0}
{'step': 235, 'rung': 'L16_beta47.0386', 'loss_ml_per_dof': 0.3374069035053253, 'loss_dsm': 1.0778026580810547, 'seconds': 5.1}
{'step': 236, 'rung': 'L16_beta40', 'loss_ml_per_dof': 0.26880404353141785, 'loss_dsm': 0.7744908332824707, 'seconds': 4.8}
{'step': 237, 'rung': 'L16_beta17.502', 'loss_ml_per_dof': 0.49136847257614136, 'loss_dsm': 0.5319146513938904, 'seconds': 5.4}
{'step': 238, 'rung': 'L16_beta55.0237', 'loss_ml_per_dof': 0.19266143441200256, 'loss_dsm': 0.9619702696800232, 'seconds': 5.2}
{'step': 239, 'rung': 'L16_beta27.7875', 'loss_ml_per_dof': 0.46681320667266846, 'loss_dsm': 1.0075260400772095, 'seconds': 4.9}
{'step': 240, 'rung': 'L16_beta54.11', 'loss_ml_per_dof': 0.13080847263336182, 'loss_dsm': 0.9457399845123291, 'seconds': 4.8}
{'step': 241, 'rung': 'L16_beta56.1944', 'loss_ml_per_dof': 0.24571377038955688, 'loss_dsm': 0.798885703086853, 'seconds': 5.3}
{'step': 242, 'rung': 'L16_beta20.2412', 'loss_ml_per_dof': 0.44949373602867126, 'loss_dsm': 0.9420185089111328, 'seconds': 5.6}
{'step': 243, 'rung': 'L16_beta17.502', 'loss_ml_per_dof': 0.4985639154911041, 'loss_dsm': 1.2264060974121094, 'seconds': 4.9}
{'step': 244, 'rung': 'L16_beta15.5366', 'loss_ml_per_dof': 0.5370336771011353, 'loss_dsm': 0.8172990083694458, 'seconds': 4.8}
{'step': 245, 'rung': 'L16_beta38.5957', 'loss_ml_per_dof': 0.39621639251708984, 'loss_dsm': 0.9311938285827637, 'seconds': 4.8}
{'step': 246, 'rung': 'L32_beta12.688', 'loss_ml_per_dof': 0.6786119937896729, 'loss_dsm': 0.9967923164367676, 'seconds': 9.9}
{'step': 247, 'rung': 'L16_beta27.3387', 'loss_ml_per_dof': 0.3429805040359497, 'loss_dsm': 1.1589939594268799, 'seconds': 6.5}
{'step': 248, 'rung': 'L32_beta14.1441', 'loss_ml_per_dof': 0.6125221252441406, 'loss_dsm': 1.1089937686920166, 'seconds': 12.6}
{'step': 249, 'rung': 'L16_beta27.7875', 'loss_ml_per_dof': 0.3821040689945221, 'loss_dsm': 0.7948304414749146, 'seconds': 6.8}
{'step': 250, 'rung': 'L16_beta15.5366', 'loss_ml_per_dof': 0.5486495494842529, 'loss_dsm': 1.3274333477020264, 'seconds': 6.2, 'val_logq_per_dof': -0.6205822135720934}
{'step': 251, 'rung': 'L16_beta15.5366', 'loss_ml_per_dof': 0.5414630174636841, 'loss_dsm': 0.9760353565216064, 'seconds': 6.5}
{'step': 252, 'rung': 'L32_beta18.6487', 'loss_ml_per_dof': 0.5407884120941162, 'loss_dsm': 0.8822344541549683, 'seconds': 11.3}
{'step': 253, 'rung': 'L32_beta12.688', 'loss_ml_per_dof': 0.6783937215805054, 'loss_dsm': 0.876309335231781, 'seconds': 10.7}
{'step': 254, 'rung': 'L16_beta40', 'loss_ml_per_dof': 0.3798336982727051, 'loss_dsm': 1.0781100988388062, 'seconds': 5.9}
{'step': 255, 'rung': 'L16_beta17.7602', 'loss_ml_per_dof': 0.5128609538078308, 'loss_dsm': 0.9177879095077515, 'seconds': 5.9}
{'step': 256, 'rung': 'L16_beta20.2412', 'loss_ml_per_dof': 0.4702000916004181, 'loss_dsm': 0.7509810924530029, 'seconds': 5.8}
{'step': 257, 'rung': 'L32_beta11.2015', 'loss_ml_per_dof': 0.7233539819717407, 'loss_dsm': 1.033813714981079, 'seconds': 9.2}
{'step': 258, 'rung': 'L16_beta33.325', 'loss_ml_per_dof': 0.34009918570518494, 'loss_dsm': 0.9921058416366577, 'seconds': 5.2}
{'step': 259, 'rung': 'L16_beta40', 'loss_ml_per_dof': 0.3428652286529541, 'loss_dsm': 1.0694206953048706, 'seconds': 5.4}
{'step': 260, 'rung': 'L16_beta12.9259', 'loss_ml_per_dof': 0.640961229801178, 'loss_dsm': 0.9511657357215881, 'seconds': 5.2}
{'step': 261, 'rung': 'L16_beta27.3387', 'loss_ml_per_dof': 0.31980904936790466, 'loss_dsm': 0.9947265386581421, 'seconds': 5.1}
{'step': 262, 'rung': 'L16_beta56.1944', 'loss_ml_per_dof': 0.24189531803131104, 'loss_dsm': 1.2378860712051392, 'seconds': 4.8}
{'step': 263, 'rung': 'L16_beta12.9259', 'loss_ml_per_dof': 0.6422761678695679, 'loss_dsm': 0.9345210790634155, 'seconds': 5.4}
{'step': 264, 'rung': 'L16_beta27.3387', 'loss_ml_per_dof': 0.35344040393829346, 'loss_dsm': 0.8935815691947937, 'seconds': 5.4}
{'step': 265, 'rung': 'L16_beta25', 'loss_ml_per_dof': 0.41924160718917847, 'loss_dsm': 1.1846507787704468, 'seconds': 5.0}
{'step': 266, 'rung': 'L16_beta47.0386', 'loss_ml_per_dof': 0.3154805898666382, 'loss_dsm': 0.9876613020896912, 'seconds': 4.9}
{'step': 267, 'rung': 'L16_beta21.8857', 'loss_ml_per_dof': 0.47578731179237366, 'loss_dsm': 0.6727527976036072, 'seconds': 5.2}
{'step': 268, 'rung': 'L16_beta27.7875', 'loss_ml_per_dof': 0.4469880759716034, 'loss_dsm': 0.7775031328201294, 'seconds': 5.3}
{'step': 269, 'rung': 'L32_beta12.3504', 'loss_ml_per_dof': 0.6948193311691284, 'loss_dsm': 1.230229377746582, 'seconds': 9.5}
{'step': 270, 'rung': 'L16_beta33.325', 'loss_ml_per_dof': 0.25587865710258484, 'loss_dsm': 0.8499558568000793, 'seconds': 5.2}
{'step': 271, 'rung': 'L32_beta14.1441', 'loss_ml_per_dof': 0.6397334933280945, 'loss_dsm': 0.9668129086494446, 'seconds': 9.5}
{'step': 272, 'rung': 'L16_beta14.1464', 'loss_ml_per_dof': 0.651381254196167, 'loss_dsm': 1.177590012550354, 'seconds': 4.9}
{'step': 273, 'rung': 'L16_beta11.8501', 'loss_ml_per_dof': 0.7351809740066528, 'loss_dsm': 1.046524167060852, 'seconds': 4.7}
{'step': 274, 'rung': 'L16_beta11.8784', 'loss_ml_per_dof': 0.6698068380355835, 'loss_dsm': 0.9738124012947083, 'seconds': 4.4}
{'step': 275, 'rung': 'L16_beta47.4228', 'loss_ml_per_dof': 0.3136242926120758, 'loss_dsm': 1.0820908546447754, 'seconds': 4.3, 'val_logq_per_dof': -0.641762489931924}
{'step': 276, 'rung': 'L32_beta18.0708', 'loss_ml_per_dof': 0.5363590717315674, 'loss_dsm': 1.2310885190963745, 'seconds': 9.5}
{'step': 277, 'rung': 'L16_beta30.5978', 'loss_ml_per_dof': 0.35140129923820496, 'loss_dsm': 1.0240046977996826, 'seconds': 5.0}
{'step': 278, 'rung': 'L16_beta11.8501', 'loss_ml_per_dof': 0.7246800661087036, 'loss_dsm': 1.1470680236816406, 'seconds': 4.9}
{'step': 279, 'rung': 'L16_beta54.11', 'loss_ml_per_dof': 0.05252128839492798, 'loss_dsm': 0.9314740896224976, 'seconds': 5.0}
{'step': 280, 'rung': 'L16_beta57.2189', 'loss_ml_per_dof': 0.3445906639099121, 'loss_dsm': 0.8644203543663025, 'seconds': 5.0}
{'step': 281, 'rung': 'L16_beta25', 'loss_ml_per_dof': 0.4388716220855713, 'loss_dsm': 0.912686824798584, 'seconds': 5.1}
{'step': 282, 'rung': 'L32_beta52.6284', 'loss_ml_per_dof': 0.205344557762146, 'loss_dsm': 1.3504672050476074, 'seconds': 9.2}
{'step': 283, 'rung': 'L16_beta39.6475', 'loss_ml_per_dof': 0.2511189877986908, 'loss_dsm': 1.0049883127212524, 'seconds': 5.1}
{'step': 284, 'rung': 'L32_beta12.3504', 'loss_ml_per_dof': 0.708760142326355, 'loss_dsm': 1.1634719371795654, 'seconds': 9.3}
{'step': 285, 'rung': 'L32_beta12.688', 'loss_ml_per_dof': 0.6827190518379211, 'loss_dsm': 1.1770484447479248, 'seconds': 9.4}
{'step': 286, 'rung': 'L16_beta10.2188', 'loss_ml_per_dof': 0.8114464282989502, 'loss_dsm': 1.147375226020813, 'seconds': 5.5}
{'step': 287, 'rung': 'L16_beta11.8501', 'loss_ml_per_dof': 0.7228593826293945, 'loss_dsm': 0.9989145398139954, 'seconds': 5.8}
{'step': 288, 'rung': 'L32_beta52.6284', 'loss_ml_per_dof': 0.1826254427433014, 'loss_dsm': 1.1154799461364746, 'seconds': 10.7}
{'step': 289, 'rung': 'L32_beta18.0708', 'loss_ml_per_dof': 0.511370062828064, 'loss_dsm': 0.9349647164344788, 'seconds': 11.5}
{'step': 290, 'rung': 'L16_beta11.8784', 'loss_ml_per_dof': 0.7162434458732605, 'loss_dsm': 1.2007232904434204, 'seconds': 5.7}
{'step': 291, 'rung': 'L16_beta56.1944', 'loss_ml_per_dof': 0.1307918131351471, 'loss_dsm': 1.0197045803070068, 'seconds': 5.0}
{'step': 292, 'rung': 'L16_beta33.325', 'loss_ml_per_dof': 0.4513274133205414, 'loss_dsm': 0.8363289833068848, 'seconds': 5.2}
{'step': 293, 'rung': 'L16_beta10.2188', 'loss_ml_per_dof': 0.7472737431526184, 'loss_dsm': 0.9836477041244507, 'seconds': 5.1}
{'step': 294, 'rung': 'L16_beta15.5366', 'loss_ml_per_dof': 0.589615523815155, 'loss_dsm': 1.2616161108016968, 'seconds': 5.0}
{'step': 295, 'rung': 'L16_beta54.11', 'loss_ml_per_dof': 0.16860538721084595, 'loss_dsm': 0.7738500833511353, 'seconds': 5.0}
{'step': 296, 'rung': 'L16_beta27.3387', 'loss_ml_per_dof': 0.3284144401550293, 'loss_dsm': 1.0968631505966187, 'seconds': 5.1}
{'step': 297, 'rung': 'L16_beta34.3422', 'loss_ml_per_dof': 0.39433029294013977, 'loss_dsm': 0.7471290826797485, 'seconds': 5.2}
{'step': 298, 'rung': 'L16_beta11.8501', 'loss_ml_per_dof': 0.7734997272491455, 'loss_dsm': 0.7052017450332642, 'seconds': 5.1}
{'step': 299, 'rung': 'L16_beta14.1464', 'loss_ml_per_dof': 0.6067288517951965, 'loss_dsm': 0.8756842613220215, 'seconds': 5.0}
{'step': 300, 'rung': 'L16_beta34.3422', 'loss_ml_per_dof': 0.2883726954460144, 'loss_dsm': 1.0677624940872192, 'seconds': 5.1, 'val_logq_per_dof': -0.6711081198283604}
best val log q/dof: -0.5196 (initial -0.8867)
checkpoint: C:\Users\ompan\OneDrive\Desktop\Lattice QCD Research\dev\InverseRG\out\diffusion_v2\v2\checkpoints\score_net_mlft.pt
[2026-08-01 17:33:26] STAGE_MLFT_DONE (108.3 min)
[2026-08-01 17:33:26] STAGE_VERIFY_MLFT_START: C:\Users\ompan\OneDrive\Desktop\Lattice QCD Research\dev\InverseRG\.venv\Scripts\python.exe C:\Users\ompan\OneDrive\Desktop\Lattice QCD Research\dev\InverseRG\diffusion_v2\scripts\19_ode_reweighting.py --checkpoint C:\Users\ompan\OneDrive\Desktop\Lattice QCD Research\dev\InverseRG\out\diffusion_v2\v2\checkpoints\score_net_mlft.pt --cases 16:14.1464 16:55.0237 32:55.0237 32:218.58 --out C:\Users\ompan\OneDrive\Desktop\Lattice QCD Research\dev\InverseRG\out\diffusion_v2\v2\ess_chain\verify_mlft --sigma-min-coef 0.03
case L=16 beta=14.1464 ...
  {"n": 64, "ess_per_n": 0.015627823770046234, "log_weight_std": 28.98286247253418, "log_weight_range": 129.443603515625, "ess_per_n_fiber": 0.015642238780856133, "log_weight_std_fiber": 29.01766014099121, "log_weight_range_fiber": 121.303466796875, "fine_L": 16, "fine_beta": 14.1464, "coarse_L": 8, "coarse_beta": 3.9999887248909847, "imh_acceptance": 0.031746031746031744, "seconds_hmc_base": 1.8, "seconds_ode_sample": 149.2, "ode_steps": 120, "n_probes": 2}
case L=16 beta=55.0237 ...
  {"n": 64, "ess_per_n": 0.015625, "log_weight_std": 41.45181655883789, "log_weight_range": 225.072265625, "ess_per_n_fiber": 0.015625, "log_weight_std_fiber": 41.32908248901367, "log_weight_range_fiber": 218.6728515625, "fine_L": 16, "fine_beta": 55.0237, "coarse_L": 8, "coarse_beta": 14.146404977472109, "imh_acceptance": 0.07936507936507936, "seconds_hmc_base": 8.1, "seconds_ode_sample": 141.0, "ode_steps": 120, "n_probes": 2}
case L=32 beta=55.0237 ...
  {"n": 64, "ess_per_n": 0.015625, "log_weight_std": 131.83409118652344, "log_weight_range": 704.83203125, "ess_per_n_fiber": 0.015625, "log_weight_std_fiber": 131.7469940185547, "log_weight_range_fiber": 697.3515625, "fine_L": 32, "fine_beta": 55.0237, "coarse_L": 16, "coarse_beta": 14.146404977472109, "imh_acceptance": 0.031746031746031744, "seconds_hmc_base": 9.2, "seconds_ode_sample": 440.2, "ode_steps": 120, "n_probes": 2}
case L=32 beta=218.58 ...
  {"n": 64, "ess_per_n": 0.015719905495643616, "log_weight_std": 292.1554260253906, "log_weight_range": 1405.578125, "ess_per_n_fiber": 0.01562533527612686, "log_weight_std_fiber": 293.61944580078125, "log_weight_range_fiber": 1414.359375, "fine_L": 32, "fine_beta": 218.58, "coarse_L": 16, "coarse_beta": 55.02364659738549, "imh_acceptance": 0.07936507936507936, "seconds_hmc_base": 62.6, "seconds_ode_sample": 456.4, "ode_steps": 120, "n_probes": 2}
wrote C:\Users\ompan\OneDrive\Desktop\Lattice QCD Research\dev\InverseRG\out\diffusion_v2\v2\ess_chain\verify_mlft\report.md
[2026-08-01 17:54:38] STAGE_VERIFY_MLFT_DONE (21.2 min)
[2026-08-01 17:54:38] STAGE_RKLFT_START: C:\Users\ompan\OneDrive\Desktop\Lattice QCD Research\dev\InverseRG\.venv\Scripts\python.exe C:\Users\ompan\OneDrive\Desktop\Lattice QCD Research\dev\InverseRG\diffusion_v2\scripts\21_reverse_kl_finetune.py --checkpoint C:\Users\ompan\OneDrive\Desktop\Lattice QCD Research\dev\InverseRG\out\diffusion_v2\v2\checkpoints\score_net_mlft.pt --out-checkpoint C:\Users\ompan\OneDrive\Desktop\Lattice QCD Research\dev\InverseRG\out\diffusion_v2\v2\checkpoints\score_net_rklft.pt --case 16:55.0237 --steps 200 --sigma-min-coef 0.03
coarse base: L=8 beta=14.1464 x 96
{'step': 0, 'ess_per_n': 0.03125, 'log_w_std': 57.39768600463867, 'mean_Q': -0.125, 'mean_Q2': 0.5}
C:\Users\ompan\OneDrive\Desktop\Lattice QCD Research\dev\InverseRG\diffusion_v2\scripts\21_reverse_kl_finetune.py:188: UserWarning: Converting a tensor with requires_grad=True to a scalar may lead to unexpected behavior.
Consider using tensor.detach() first. (Triggered internally at C:\actions-runner\_work\pytorch\pytorch\torch\csrc\autograd\generated\python_variable_methods.cpp:839.)
  rec = {"step": step, "loss_rkl_per_dof": float(loss_rkl),
{'step': 1, 'loss_rkl_per_dof': -26.504905700683594, 'loss_dsm': 0.5032938122749329, 'seconds': 5.2}
{'step': 2, 'loss_rkl_per_dof': -26.37541961669922, 'loss_dsm': 0.7253617644309998, 'seconds': 4.8}
{'step': 3, 'loss_rkl_per_dof': -26.42411994934082, 'loss_dsm': 0.608863890171051, 'seconds': 4.9}
{'step': 4, 'loss_rkl_per_dof': -26.49581527709961, 'loss_dsm': 0.49893099069595337, 'seconds': 4.8}
{'step': 5, 'loss_rkl_per_dof': -26.391460418701172, 'loss_dsm': 0.5116256475448608, 'seconds': 4.7}
{'step': 6, 'loss_rkl_per_dof': -26.474790573120117, 'loss_dsm': 0.5434242486953735, 'seconds': 5.0}
{'step': 7, 'loss_rkl_per_dof': -26.46513557434082, 'loss_dsm': 0.6380519270896912, 'seconds': 4.9}
{'step': 8, 'loss_rkl_per_dof': -26.48566436767578, 'loss_dsm': 0.6180115938186646, 'seconds': 4.8}
{'step': 9, 'loss_rkl_per_dof': -26.441646575927734, 'loss_dsm': 0.6833440661430359, 'seconds': 4.9}
{'step': 10, 'loss_rkl_per_dof': -26.521888732910156, 'loss_dsm': 0.7050367593765259, 'seconds': 4.8}
{'step': 11, 'loss_rkl_per_dof': -26.497732162475586, 'loss_dsm': 0.635183572769165, 'seconds': 4.7}
{'step': 12, 'loss_rkl_per_dof': -26.54285430908203, 'loss_dsm': 0.6888839602470398, 'seconds': 4.6}
{'step': 13, 'loss_rkl_per_dof': -26.592082977294922, 'loss_dsm': 0.699033260345459, 'seconds': 4.8}
{'step': 14, 'loss_rkl_per_dof': -26.56521987915039, 'loss_dsm': 0.6046468615531921, 'seconds': 4.9}
{'step': 15, 'loss_rkl_per_dof': -26.584518432617188, 'loss_dsm': 0.5220454931259155, 'seconds': 4.8}
{'step': 16, 'loss_rkl_per_dof': -26.608932495117188, 'loss_dsm': 0.5977977514266968, 'seconds': 4.8}
{'step': 17, 'loss_rkl_per_dof': -26.57750701904297, 'loss_dsm': 0.6437108516693115, 'seconds': 4.8}
{'step': 18, 'loss_rkl_per_dof': -26.595298767089844, 'loss_dsm': 0.6738278865814209, 'seconds': 4.4}
{'step': 19, 'loss_rkl_per_dof': -26.657155990600586, 'loss_dsm': 0.5702340006828308, 'seconds': 4.7}
{'step': 20, 'loss_rkl_per_dof': -26.617019653320312, 'loss_dsm': 0.6235313415527344, 'seconds': 4.8, 'ess_per_n': 0.031607735902071, 'log_w_std': 51.39655685424805, 'mean_Q': -0.21875, 'mean_Q2': 0.65625, 'saved': 'C:\\Users\\ompan\\OneDrive\\Desktop\\Lattice QCD Research\\dev\\InverseRG\\out\\diffusion_v2\\v2\\checkpoints\\score_net_rklft.pt'}
{'step': 21, 'loss_rkl_per_dof': -26.788278579711914, 'loss_dsm': 0.4885854125022888, 'seconds': 4.8}
{'step': 22, 'loss_rkl_per_dof': -26.731460571289062, 'loss_dsm': 0.7185189723968506, 'seconds': 4.8}
{'step': 23, 'loss_rkl_per_dof': -26.63915252685547, 'loss_dsm': 0.6209961771965027, 'seconds': 5.0}
{'step': 24, 'loss_rkl_per_dof': -26.767444610595703, 'loss_dsm': 0.5218398571014404, 'seconds': 4.8}
{'step': 25, 'loss_rkl_per_dof': -26.760711669921875, 'loss_dsm': 0.5021434426307678, 'seconds': 4.9}
{'step': 26, 'loss_rkl_per_dof': -26.73836326599121, 'loss_dsm': 0.5572651028633118, 'seconds': 4.8}
{'step': 27, 'loss_rkl_per_dof': -26.703306198120117, 'loss_dsm': 0.6087486743927002, 'seconds': 4.8}
{'step': 28, 'loss_rkl_per_dof': -26.595226287841797, 'loss_dsm': 0.6534695625305176, 'seconds': 5.1}
{'step': 29, 'loss_rkl_per_dof': -26.75250244140625, 'loss_dsm': 0.6812276244163513, 'seconds': 5.0}
{'step': 30, 'loss_rkl_per_dof': -26.770586013793945, 'loss_dsm': 0.719768226146698, 'seconds': 5.0}
{'step': 31, 'loss_rkl_per_dof': -26.639490127563477, 'loss_dsm': 0.6536570191383362, 'seconds': 5.2}
{'step': 32, 'loss_rkl_per_dof': -26.743820190429688, 'loss_dsm': 0.7055230736732483, 'seconds': 4.7}
{'step': 33, 'loss_rkl_per_dof': -26.78266716003418, 'loss_dsm': 0.5914864540100098, 'seconds': 4.9}
{'step': 34, 'loss_rkl_per_dof': -26.859628677368164, 'loss_dsm': 0.7673083543777466, 'seconds': 5.0}
{'step': 35, 'loss_rkl_per_dof': -26.868497848510742, 'loss_dsm': 0.7027024030685425, 'seconds': 4.8}
{'step': 36, 'loss_rkl_per_dof': -26.800565719604492, 'loss_dsm': 0.6922657489776611, 'seconds': 4.9}
{'step': 37, 'loss_rkl_per_dof': -26.868650436401367, 'loss_dsm': 0.48907458782196045, 'seconds': 4.8}
{'step': 38, 'loss_rkl_per_dof': -26.81624984741211, 'loss_dsm': 0.67976975440979, 'seconds': 5.0}
{'step': 39, 'loss_rkl_per_dof': -26.855113983154297, 'loss_dsm': 0.5280877947807312, 'seconds': 5.0}
{'step': 40, 'loss_rkl_per_dof': -26.883459091186523, 'loss_dsm': 0.721444845199585, 'seconds': 5.3, 'ess_per_n': 0.04192039370536804, 'log_w_std': 24.652103424072266, 'mean_Q': 0.46875, 'mean_Q2': 0.53125, 'sector_collapse_warning': True, 'saved': 'C:\\Users\\ompan\\OneDrive\\Desktop\\Lattice QCD Research\\dev\\InverseRG\\out\\diffusion_v2\\v2\\checkpoints\\score_net_rklft.pt'}
{'step': 41, 'loss_rkl_per_dof': -26.83083152770996, 'loss_dsm': 0.48370614647865295, 'seconds': 4.7}
{'step': 42, 'loss_rkl_per_dof': -26.901466369628906, 'loss_dsm': 0.7120125889778137, 'seconds': 4.7}
{'step': 43, 'loss_rkl_per_dof': -26.862396240234375, 'loss_dsm': 0.6033406257629395, 'seconds': 4.7}
{'step': 44, 'loss_rkl_per_dof': -26.880855560302734, 'loss_dsm': 0.49324464797973633, 'seconds': 4.7}
{'step': 45, 'loss_rkl_per_dof': -26.883522033691406, 'loss_dsm': 0.4832379221916199, 'seconds': 5.0}
{'step': 46, 'loss_rkl_per_dof': -26.854705810546875, 'loss_dsm': 0.526668906211853, 'seconds': 4.5}
{'step': 47, 'loss_rkl_per_dof': -26.805509567260742, 'loss_dsm': 0.5212728977203369, 'seconds': 4.9}
{'step': 48, 'loss_rkl_per_dof': -26.817075729370117, 'loss_dsm': 0.6641328930854797, 'seconds': 4.7}
{'step': 49, 'loss_rkl_per_dof': -26.880508422851562, 'loss_dsm': 0.749885082244873, 'seconds': 4.9}
{'step': 50, 'loss_rkl_per_dof': -26.85605812072754, 'loss_dsm': 0.6961493492126465, 'seconds': 4.8}
{'step': 51, 'loss_rkl_per_dof': -26.83542251586914, 'loss_dsm': 0.62017822265625, 'seconds': 4.9}
{'step': 52, 'loss_rkl_per_dof': -26.860002517700195, 'loss_dsm': 0.6682146191596985, 'seconds': 4.8}
{'step': 53, 'loss_rkl_per_dof': -26.854877471923828, 'loss_dsm': 0.6908972859382629, 'seconds': 4.8}
{'step': 54, 'loss_rkl_per_dof': -26.84379768371582, 'loss_dsm': 0.5989334583282471, 'seconds': 4.8}
{'step': 55, 'loss_rkl_per_dof': -26.875980377197266, 'loss_dsm': 0.5272475481033325, 'seconds': 4.9}
{'step': 56, 'loss_rkl_per_dof': -26.79574203491211, 'loss_dsm': 0.5656728148460388, 'seconds': 4.8}
{'step': 57, 'loss_rkl_per_dof': -26.846824645996094, 'loss_dsm': 0.6400557160377502, 'seconds': 4.9}
{'step': 58, 'loss_rkl_per_dof': -26.78667640686035, 'loss_dsm': 0.6815988421440125, 'seconds': 5.3}
{'step': 59, 'loss_rkl_per_dof': -26.85710334777832, 'loss_dsm': 0.5502445101737976, 'seconds': 5.5}
{'step': 60, 'loss_rkl_per_dof': -26.740720748901367, 'loss_dsm': 0.6071169972419739, 'seconds': 5.7, 'ess_per_n': 0.03207249194383621, 'log_w_std': 38.18300247192383, 'mean_Q': -0.1875, 'mean_Q2': 0.5}
{'step': 61, 'loss_rkl_per_dof': -26.83740997314453, 'loss_dsm': 0.4800223410129547, 'seconds': 4.6}
{'step': 62, 'loss_rkl_per_dof': -26.805391311645508, 'loss_dsm': 0.7237579822540283, 'seconds': 4.6}
{'step': 63, 'loss_rkl_per_dof': -26.81527328491211, 'loss_dsm': 0.5768032073974609, 'seconds': 4.7}
{'step': 64, 'loss_rkl_per_dof': -26.749967575073242, 'loss_dsm': 0.5920154452323914, 'seconds': 4.4}
{'step': 65, 'loss_rkl_per_dof': -26.79868507385254, 'loss_dsm': 0.7274724245071411, 'seconds': 4.6}
{'step': 66, 'loss_rkl_per_dof': -26.809526443481445, 'loss_dsm': 0.567396342754364, 'seconds': 4.7}
{'step': 67, 'loss_rkl_per_dof': -26.78335189819336, 'loss_dsm': 0.6824217438697815, 'seconds': 4.9}
{'step': 68, 'loss_rkl_per_dof': -26.8204345703125, 'loss_dsm': 0.658381462097168, 'seconds': 4.6}
{'step': 69, 'loss_rkl_per_dof': -26.792171478271484, 'loss_dsm': 0.6753309965133667, 'seconds': 4.4}
{'step': 70, 'loss_rkl_per_dof': -26.819164276123047, 'loss_dsm': 0.6028346419334412, 'seconds': 4.4}
{'step': 71, 'loss_rkl_per_dof': -26.86471176147461, 'loss_dsm': 0.6010116338729858, 'seconds': 4.4}
{'step': 72, 'loss_rkl_per_dof': -26.835758209228516, 'loss_dsm': 0.6660685539245605, 'seconds': 4.4}
{'step': 73, 'loss_rkl_per_dof': -26.773334503173828, 'loss_dsm': 0.6347633004188538, 'seconds': 4.5}
{'step': 74, 'loss_rkl_per_dof': -26.923301696777344, 'loss_dsm': 0.5554031133651733, 'seconds': 4.4}
{'step': 75, 'loss_rkl_per_dof': -26.817964553833008, 'loss_dsm': 0.6395657658576965, 'seconds': 4.4}
{'step': 76, 'loss_rkl_per_dof': -26.87828826904297, 'loss_dsm': 0.5870587229728699, 'seconds': 4.6}
{'step': 77, 'loss_rkl_per_dof': -26.894893646240234, 'loss_dsm': 0.6992217302322388, 'seconds': 4.7}
{'step': 78, 'loss_rkl_per_dof': -26.948360443115234, 'loss_dsm': 0.6719632148742676, 'seconds': 4.6}
{'step': 79, 'loss_rkl_per_dof': -26.92787742614746, 'loss_dsm': 0.5024389624595642, 'seconds': 4.4}
{'step': 80, 'loss_rkl_per_dof': -26.956562042236328, 'loss_dsm': 0.5777798295021057, 'seconds': 4.4, 'ess_per_n': 0.03409507870674133, 'log_w_std': 40.18269729614258, 'mean_Q': -0.09375, 'mean_Q2': 0.59375}
{'step': 81, 'loss_rkl_per_dof': -26.96351432800293, 'loss_dsm': 0.48276621103286743, 'seconds': 4.6}
{'step': 82, 'loss_rkl_per_dof': -26.976062774658203, 'loss_dsm': 0.6915098428726196, 'seconds': 4.4}
{'step': 83, 'loss_rkl_per_dof': -26.946229934692383, 'loss_dsm': 0.5892227292060852, 'seconds': 4.4}
{'step': 84, 'loss_rkl_per_dof': -26.96563720703125, 'loss_dsm': 0.4959043562412262, 'seconds': 4.5}
{'step': 85, 'loss_rkl_per_dof': -26.976947784423828, 'loss_dsm': 0.48233312368392944, 'seconds': 4.4}
{'step': 86, 'loss_rkl_per_dof': -27.00785255432129, 'loss_dsm': 0.5400837659835815, 'seconds': 4.4}
{'step': 87, 'loss_rkl_per_dof': -26.827213287353516, 'loss_dsm': 0.53815758228302, 'seconds': 4.6}
{'step': 88, 'loss_rkl_per_dof': -26.9605712890625, 'loss_dsm': 0.6754496097564697, 'seconds': 4.5}
{'step': 89, 'loss_rkl_per_dof': -26.98626708984375, 'loss_dsm': 0.7651247978210449, 'seconds': 4.7}
{'step': 90, 'loss_rkl_per_dof': -26.95990753173828, 'loss_dsm': 0.47152015566825867, 'seconds': 4.8}
{'step': 91, 'loss_rkl_per_dof': -26.987123489379883, 'loss_dsm': 0.6102919578552246, 'seconds': 4.5}
{'step': 92, 'loss_rkl_per_dof': -26.959564208984375, 'loss_dsm': 0.6611301898956299, 'seconds': 4.6}
{'step': 93, 'loss_rkl_per_dof': -27.00830841064453, 'loss_dsm': 0.6156144142150879, 'seconds': 5.0}
{'step': 94, 'loss_rkl_per_dof': -26.93399429321289, 'loss_dsm': 0.7448713183403015, 'seconds': 5.1}
{'step': 95, 'loss_rkl_per_dof': -26.931228637695312, 'loss_dsm': 0.5203330516815186, 'seconds': 4.8}
{'step': 96, 'loss_rkl_per_dof': -26.974834442138672, 'loss_dsm': 0.5728944540023804, 'seconds': 4.8}
{'step': 97, 'loss_rkl_per_dof': -26.905654907226562, 'loss_dsm': 0.5592884421348572, 'seconds': 4.7}
{'step': 98, 'loss_rkl_per_dof': -27.026199340820312, 'loss_dsm': 0.6272204518318176, 'seconds': 4.6}
{'step': 99, 'loss_rkl_per_dof': -26.971649169921875, 'loss_dsm': 0.6653409600257874, 'seconds': 4.7}
{'step': 100, 'loss_rkl_per_dof': -26.95509910583496, 'loss_dsm': 0.5896990299224854, 'seconds': 4.7, 'ess_per_n': 0.05127841234207153, 'log_w_std': 26.266708374023438, 'mean_Q': -0.03125, 'mean_Q2': 0.65625, 'saved': 'C:\\Users\\ompan\\OneDrive\\Desktop\\Lattice QCD Research\\dev\\InverseRG\\out\\diffusion_v2\\v2\\checkpoints\\score_net_rklft.pt'}
{'step': 101, 'loss_rkl_per_dof': -27.004657745361328, 'loss_dsm': 0.47843626141548157, 'seconds': 4.4}
{'step': 102, 'loss_rkl_per_dof': -26.981388092041016, 'loss_dsm': 0.7141401171684265, 'seconds': 4.6}
{'step': 103, 'loss_rkl_per_dof': -27.02266502380371, 'loss_dsm': 0.6287647485733032, 'seconds': 5.0}
{'step': 104, 'loss_rkl_per_dof': -26.91024398803711, 'loss_dsm': 0.5847893953323364, 'seconds': 4.4}
{'step': 105, 'loss_rkl_per_dof': -26.979597091674805, 'loss_dsm': 0.7330170273780823, 'seconds': 4.7}
{'step': 106, 'loss_rkl_per_dof': -26.931961059570312, 'loss_dsm': 0.5529966354370117, 'seconds': 4.5}
{'step': 107, 'loss_rkl_per_dof': -26.912933349609375, 'loss_dsm': 0.6039336919784546, 'seconds': 4.4}
{'step': 108, 'loss_rkl_per_dof': -26.939064025878906, 'loss_dsm': 0.6719534397125244, 'seconds': 4.7}
{'step': 109, 'loss_rkl_per_dof': -27.01082992553711, 'loss_dsm': 0.7665090560913086, 'seconds': 4.6}
{'step': 110, 'loss_rkl_per_dof': -27.00107765197754, 'loss_dsm': 0.4697023332118988, 'seconds': 4.4}
{'step': 111, 'loss_rkl_per_dof': -27.016334533691406, 'loss_dsm': 0.5964367985725403, 'seconds': 4.4}
{'step': 112, 'loss_rkl_per_dof': -26.999048233032227, 'loss_dsm': 0.6555591225624084, 'seconds': 4.4}
{'step': 113, 'loss_rkl_per_dof': -27.0490665435791, 'loss_dsm': 0.6190210580825806, 'seconds': 4.4}
{'step': 114, 'loss_rkl_per_dof': -26.97966957092285, 'loss_dsm': 0.7506306171417236, 'seconds': 4.5}
{'step': 115, 'loss_rkl_per_dof': -26.999568939208984, 'loss_dsm': 0.5159294605255127, 'seconds': 4.7}
{'step': 116, 'loss_rkl_per_dof': -26.954896926879883, 'loss_dsm': 0.5328102707862854, 'seconds': 4.6}
{'step': 117, 'loss_rkl_per_dof': -27.002338409423828, 'loss_dsm': 0.6468741297721863, 'seconds': 4.5}
{'step': 118, 'loss_rkl_per_dof': -27.05340003967285, 'loss_dsm': 0.673095703125, 'seconds': 4.5}
{'step': 119, 'loss_rkl_per_dof': -27.047515869140625, 'loss_dsm': 0.6747816205024719, 'seconds': 4.6}
{'step': 120, 'loss_rkl_per_dof': -26.961444854736328, 'loss_dsm': 0.5857270359992981, 'seconds': 4.7, 'ess_per_n': 0.05135515332221985, 'log_w_std': 48.95283889770508, 'mean_Q': 0.15625, 'mean_Q2': 0.78125, 'saved': 'C:\\Users\\ompan\\OneDrive\\Desktop\\Lattice QCD Research\\dev\\InverseRG\\out\\diffusion_v2\\v2\\checkpoints\\score_net_rklft.pt'}
{'step': 121, 'loss_rkl_per_dof': -27.06987190246582, 'loss_dsm': 0.4868049621582031, 'seconds': 4.5}
{'step': 122, 'loss_rkl_per_dof': -26.97122573852539, 'loss_dsm': 0.7221184968948364, 'seconds': 4.4}
{'step': 123, 'loss_rkl_per_dof': -27.018882751464844, 'loss_dsm': 0.5760048031806946, 'seconds': 4.4}
{'step': 124, 'loss_rkl_per_dof': -27.030925750732422, 'loss_dsm': 0.598731279373169, 'seconds': 4.6}
{'step': 125, 'loss_rkl_per_dof': -26.971763610839844, 'loss_dsm': 0.6598347425460815, 'seconds': 4.4}
{'step': 126, 'loss_rkl_per_dof': -27.012821197509766, 'loss_dsm': 0.5598856210708618, 'seconds': 4.4}
{'step': 127, 'loss_rkl_per_dof': -27.02862548828125, 'loss_dsm': 0.680137038230896, 'seconds': 4.7}
{'step': 128, 'loss_rkl_per_dof': -27.040958404541016, 'loss_dsm': 0.6168439984321594, 'seconds': 4.6}
{'step': 129, 'loss_rkl_per_dof': -27.061763763427734, 'loss_dsm': 0.6787692904472351, 'seconds': 4.4}
{'step': 130, 'loss_rkl_per_dof': -27.051918029785156, 'loss_dsm': 0.6974454522132874, 'seconds': 4.4}
{'step': 131, 'loss_rkl_per_dof': -27.01228141784668, 'loss_dsm': 0.6256421804428101, 'seconds': 4.4}
{'step': 132, 'loss_rkl_per_dof': -27.049762725830078, 'loss_dsm': 0.6743839383125305, 'seconds': 4.4}
{'step': 133, 'loss_rkl_per_dof': -27.045597076416016, 'loss_dsm': 0.7070490717887878, 'seconds': 4.3}
{'step': 134, 'loss_rkl_per_dof': -27.048303604125977, 'loss_dsm': 0.5971581339836121, 'seconds': 4.6}
{'step': 135, 'loss_rkl_per_dof': -27.019567489624023, 'loss_dsm': 0.5286298990249634, 'seconds': 4.5}
{'step': 136, 'loss_rkl_per_dof': -27.01884651184082, 'loss_dsm': 0.5690689086914062, 'seconds': 4.6}
{'step': 137, 'loss_rkl_per_dof': -26.875062942504883, 'loss_dsm': 0.5734082460403442, 'seconds': 4.4}
{'step': 138, 'loss_rkl_per_dof': -27.057552337646484, 'loss_dsm': 0.6367462873458862, 'seconds': 4.7}
{'step': 139, 'loss_rkl_per_dof': -26.95949363708496, 'loss_dsm': 0.54817134141922, 'seconds': 4.7}
{'step': 140, 'loss_rkl_per_dof': -27.053300857543945, 'loss_dsm': 0.6143380999565125, 'seconds': 4.5, 'ess_per_n': 0.0327104777097702, 'log_w_std': 27.399641036987305, 'mean_Q': 0.125, 'mean_Q2': 0.6875}
{'step': 141, 'loss_rkl_per_dof': -26.966960906982422, 'loss_dsm': 0.4869011640548706, 'seconds': 4.5}
{'step': 142, 'loss_rkl_per_dof': -27.064075469970703, 'loss_dsm': 0.7028589248657227, 'seconds': 4.5}
{'step': 143, 'loss_rkl_per_dof': -27.027618408203125, 'loss_dsm': 0.6030548810958862, 'seconds': 4.5}
{'step': 144, 'loss_rkl_per_dof': -26.99972152709961, 'loss_dsm': 0.5166743993759155, 'seconds': 4.4}
{'step': 145, 'loss_rkl_per_dof': -26.937646865844727, 'loss_dsm': 0.49224960803985596, 'seconds': 4.3}
{'step': 146, 'loss_rkl_per_dof': -27.007244110107422, 'loss_dsm': 0.5408383011817932, 'seconds': 4.4}
{'step': 147, 'loss_rkl_per_dof': -26.879541397094727, 'loss_dsm': 0.5265957117080688, 'seconds': 4.4}
{'step': 148, 'loss_rkl_per_dof': -27.0140438079834, 'loss_dsm': 0.6844301819801331, 'seconds': 4.3}
{'step': 149, 'loss_rkl_per_dof': -26.982166290283203, 'loss_dsm': 0.6476374864578247, 'seconds': 4.4}
{'step': 150, 'loss_rkl_per_dof': -26.965816497802734, 'loss_dsm': 0.7122161388397217, 'seconds': 4.5}
{'step': 151, 'loss_rkl_per_dof': -26.994060516357422, 'loss_dsm': 0.6097820997238159, 'seconds': 4.7}
{'step': 152, 'loss_rkl_per_dof': -26.999452590942383, 'loss_dsm': 0.6708729863166809, 'seconds': 4.5}
{'step': 153, 'loss_rkl_per_dof': -27.037044525146484, 'loss_dsm': 0.7147369384765625, 'seconds': 4.4}
{'step': 154, 'loss_rkl_per_dof': -26.967845916748047, 'loss_dsm': 0.6116909980773926, 'seconds': 4.4}
{'step': 155, 'loss_rkl_per_dof': -26.929431915283203, 'loss_dsm': 0.5284305214881897, 'seconds': 4.5}
{'step': 156, 'loss_rkl_per_dof': -27.030046463012695, 'loss_dsm': 0.5858158469200134, 'seconds': 4.4}
{'step': 157, 'loss_rkl_per_dof': -27.0233211517334, 'loss_dsm': 0.64844810962677, 'seconds': 4.5}
{'step': 158, 'loss_rkl_per_dof': -26.99909210205078, 'loss_dsm': 0.6838173866271973, 'seconds': 4.4}
{'step': 159, 'loss_rkl_per_dof': -27.06311798095703, 'loss_dsm': 0.6740298867225647, 'seconds': 4.5}
{'step': 160, 'loss_rkl_per_dof': -27.03732681274414, 'loss_dsm': 0.598940372467041, 'seconds': 4.5, 'ess_per_n': 0.031987614929676056, 'log_w_std': 19.21817398071289, 'mean_Q': -0.1875, 'mean_Q2': 0.8125}
{'step': 161, 'loss_rkl_per_dof': -27.062057495117188, 'loss_dsm': 0.49161577224731445, 'seconds': 4.5}
{'step': 162, 'loss_rkl_per_dof': -27.099740982055664, 'loss_dsm': 0.5439202189445496, 'seconds': 4.4}
{'step': 163, 'loss_rkl_per_dof': -27.0773983001709, 'loss_dsm': 0.5759710073471069, 'seconds': 4.6}
{'step': 164, 'loss_rkl_per_dof': -26.986440658569336, 'loss_dsm': 0.5977668762207031, 'seconds': 4.5}
{'step': 165, 'loss_rkl_per_dof': -26.955188751220703, 'loss_dsm': 0.7349632978439331, 'seconds': 4.6}
{'step': 166, 'loss_rkl_per_dof': -27.071884155273438, 'loss_dsm': 0.5520286560058594, 'seconds': 4.6}
{'step': 167, 'loss_rkl_per_dof': -27.061019897460938, 'loss_dsm': 0.6185497641563416, 'seconds': 4.3}
{'step': 168, 'loss_rkl_per_dof': -27.08371353149414, 'loss_dsm': 0.6620990633964539, 'seconds': 4.4}
{'step': 169, 'loss_rkl_per_dof': -27.059341430664062, 'loss_dsm': 0.7434813380241394, 'seconds': 4.6}
{'step': 170, 'loss_rkl_per_dof': -27.058855056762695, 'loss_dsm': 0.7330111861228943, 'seconds': 4.5}
{'step': 171, 'loss_rkl_per_dof': -27.057605743408203, 'loss_dsm': 0.6717231273651123, 'seconds': 4.4}
{'step': 172, 'loss_rkl_per_dof': -27.05167579650879, 'loss_dsm': 0.6922452449798584, 'seconds': 4.4}
{'step': 173, 'loss_rkl_per_dof': -27.085830688476562, 'loss_dsm': 0.5905317664146423, 'seconds': 4.5}
{'step': 174, 'loss_rkl_per_dof': -27.07608413696289, 'loss_dsm': 0.7581384181976318, 'seconds': 4.4}
{'step': 175, 'loss_rkl_per_dof': -27.151254653930664, 'loss_dsm': 0.6095837354660034, 'seconds': 4.4}
{'step': 176, 'loss_rkl_per_dof': -26.9609317779541, 'loss_dsm': 0.7032806873321533, 'seconds': 4.6}
{'step': 177, 'loss_rkl_per_dof': -27.03471565246582, 'loss_dsm': 0.6042001843452454, 'seconds': 4.6}
{'step': 178, 'loss_rkl_per_dof': -27.107606887817383, 'loss_dsm': 0.6945520639419556, 'seconds': 4.5}
{'step': 179, 'loss_rkl_per_dof': -27.01992416381836, 'loss_dsm': 0.5139343738555908, 'seconds': 4.8}
{'step': 180, 'loss_rkl_per_dof': -27.13292121887207, 'loss_dsm': 0.6131069660186768, 'seconds': 4.3, 'ess_per_n': 0.031342945992946625, 'log_w_std': 20.894075393676758, 'mean_Q': -0.0625, 'mean_Q2': 0.4375}
{'step': 181, 'loss_rkl_per_dof': -27.127464294433594, 'loss_dsm': 0.494592547416687, 'seconds': 4.8}
{'step': 182, 'loss_rkl_per_dof': -27.110816955566406, 'loss_dsm': 0.540582537651062, 'seconds': 4.5}
{'step': 183, 'loss_rkl_per_dof': -27.089719772338867, 'loss_dsm': 0.5788313150405884, 'seconds': 4.5}
{'step': 184, 'loss_rkl_per_dof': -27.06991195678711, 'loss_dsm': 0.5967750549316406, 'seconds': 4.4}
{'step': 185, 'loss_rkl_per_dof': -27.064678192138672, 'loss_dsm': 0.7263157367706299, 'seconds': 4.4}
{'step': 186, 'loss_rkl_per_dof': -27.122840881347656, 'loss_dsm': 0.5552860498428345, 'seconds': 4.5}
{'step': 187, 'loss_rkl_per_dof': -27.069921493530273, 'loss_dsm': 0.6188054084777832, 'seconds': 4.7}
{'step': 188, 'loss_rkl_per_dof': -27.10704231262207, 'loss_dsm': 0.6715342998504639, 'seconds': 4.5}
{'step': 189, 'loss_rkl_per_dof': -27.08102798461914, 'loss_dsm': 0.7792279124259949, 'seconds': 4.3}
{'step': 190, 'loss_rkl_per_dof': -27.04928207397461, 'loss_dsm': 0.47826096415519714, 'seconds': 4.4}
{'step': 191, 'loss_rkl_per_dof': -27.054447174072266, 'loss_dsm': 0.6054001450538635, 'seconds': 4.4}
{'step': 192, 'loss_rkl_per_dof': -27.020814895629883, 'loss_dsm': 0.6618183851242065, 'seconds': 4.4}
{'step': 193, 'loss_rkl_per_dof': -27.09426498413086, 'loss_dsm': 0.6222037076950073, 'seconds': 4.3}
{'step': 194, 'loss_rkl_per_dof': -27.05230712890625, 'loss_dsm': 0.7621053457260132, 'seconds': 4.4}
{'step': 195, 'loss_rkl_per_dof': -27.103872299194336, 'loss_dsm': 0.5199775099754333, 'seconds': 4.4}
{'step': 196, 'loss_rkl_per_dof': -27.027368545532227, 'loss_dsm': 0.5333836078643799, 'seconds': 4.7}
{'step': 197, 'loss_rkl_per_dof': -27.06093406677246, 'loss_dsm': 0.6309030055999756, 'seconds': 4.8}
{'step': 198, 'loss_rkl_per_dof': -27.137840270996094, 'loss_dsm': 0.5113047361373901, 'seconds': 4.8}
{'step': 199, 'loss_rkl_per_dof': -27.095163345336914, 'loss_dsm': 0.6122378706932068, 'seconds': 4.5}
{'step': 200, 'loss_rkl_per_dof': -27.04057502746582, 'loss_dsm': 0.5768753290176392, 'seconds': 4.4, 'ess_per_n': 0.061869289726018906, 'log_w_std': 41.18905258178711, 'mean_Q': -0.25, 'mean_Q2': 0.625, 'saved': 'C:\\Users\\ompan\\OneDrive\\Desktop\\Lattice QCD Research\\dev\\InverseRG\\out\\diffusion_v2\\v2\\checkpoints\\score_net_rklft.pt'}
best eval ESS/N: 0.0619 (initial 0.0312)
checkpoint: C:\Users\ompan\OneDrive\Desktop\Lattice QCD Research\dev\InverseRG\out\diffusion_v2\v2\checkpoints\score_net_rklft.pt
[2026-08-01 18:15:53] STAGE_RKLFT_DONE (21.3 min)
[2026-08-01 18:15:53] STAGE_VERIFY_RKLFT_START: C:\Users\ompan\OneDrive\Desktop\Lattice QCD Research\dev\InverseRG\.venv\Scripts\python.exe C:\Users\ompan\OneDrive\Desktop\Lattice QCD Research\dev\InverseRG\diffusion_v2\scripts\19_ode_reweighting.py --checkpoint C:\Users\ompan\OneDrive\Desktop\Lattice QCD Research\dev\InverseRG\out\diffusion_v2\v2\checkpoints\score_net_rklft.pt --cases 16:14.1464 16:55.0237 32:55.0237 32:218.58 --out C:\Users\ompan\OneDrive\Desktop\Lattice QCD Research\dev\InverseRG\out\diffusion_v2\v2\ess_chain\verify_rklft --sigma-min-coef 0.03
case L=16 beta=14.1464 ...
  {"n": 64, "ess_per_n": 0.015625029802322388, "log_weight_std": 24.22442054748535, "log_weight_range": 167.71630859375, "ess_per_n_fiber": 0.015625089406967163, "log_weight_std_fiber": 23.891666412353516, "log_weight_range_fiber": 156.4375, "fine_L": 16, "fine_beta": 14.1464, "coarse_L": 8, "coarse_beta": 3.9999887248909847, "imh_acceptance": 0.1111111111111111, "seconds_hmc_base": 1.8, "seconds_ode_sample": 144.5, "ode_steps": 120, "n_probes": 2}
case L=16 beta=55.0237 ...
  {"n": 64, "ess_per_n": 0.01585247740149498, "log_weight_std": 25.235872268676758, "log_weight_range": 169.4638671875, "ess_per_n_fiber": 0.015735359862446785, "log_weight_std_fiber": 24.072349548339844, "log_weight_range_fiber": 148.4208984375, "fine_L": 16, "fine_beta": 55.0237, "coarse_L": 8, "coarse_beta": 14.146404977472109, "imh_acceptance": 0.06349206349206349, "seconds_hmc_base": 8.1, "seconds_ode_sample": 144.8, "ode_steps": 120, "n_probes": 2}
case L=32 beta=55.0237 ...
  {"n": 64, "ess_per_n": 0.02194800041615963, "log_weight_std": 80.0376968383789, "log_weight_range": 386.34765625, "ess_per_n_fiber": 0.015625011175870895, "log_weight_std_fiber": 75.04693603515625, "log_weight_range_fiber": 386.5625, "fine_L": 32, "fine_beta": 55.0237, "coarse_L": 16, "coarse_beta": 14.146404977472109, "imh_acceptance": 0.031746031746031744, "seconds_hmc_base": 9.2, "seconds_ode_sample": 443.2, "ode_steps": 120, "n_probes": 2}
case L=32 beta=218.58 ...
  {"n": 64, "ess_per_n": 0.015625, "log_weight_std": 2203.008056640625, "log_weight_range": 12754.0, "ess_per_n_fiber": 0.015625, "log_weight_std_fiber": 2202.04296875, "log_weight_range_fiber": 12761.71875, "fine_L": 32, "fine_beta": 218.58, "coarse_L": 16, "coarse_beta": 55.02364659738549, "imh_acceptance": 0.047619047619047616, "seconds_hmc_base": 69.3, "seconds_ode_sample": 649.2, "ode_steps": 120, "n_probes": 2}
wrote C:\Users\ompan\OneDrive\Desktop\Lattice QCD Research\dev\InverseRG\out\diffusion_v2\v2\ess_chain\verify_rklft\report.md
[2026-08-01 18:40:26] STAGE_VERIFY_RKLFT_DONE (24.6 min)
[2026-08-01 18:40:26] report: C:\Users\ompan\OneDrive\Desktop\Lattice QCD Research\dev\InverseRG\out\diffusion_v2\v2\ess_chain\chain_report.md
[2026-08-01 18:40:26] CHAIN_DONE
