[2026-08-02 07:42:05] STAGE_FRONTIER_RKL2_START: C:\Users\ompan\OneDrive\Desktop\Lattice QCD Research\dev\InverseRG\.venv\Scripts\python.exe C:\Users\ompan\OneDrive\Desktop\Lattice QCD Research\dev\InverseRG\diffusion_v2\scripts\19_ode_reweighting.py --checkpoint C:\Users\ompan\OneDrive\Desktop\Lattice QCD Research\dev\InverseRG\out\diffusion_v2\v2\checkpoints\score_net_rkl2.pt --exact-ref --n-configs 256 --cases 8:2.0 8:4.0 8:8.0 8:14.1464 16:4.0 16:8.0 16:14.1464 16:25.0 16:55.0237 --out C:\Users\ompan\OneDrive\Desktop\Lattice QCD Research\dev\InverseRG\out\diffusion_v2\v2\ess_chain\frontier_rkl2
case L=8 beta=2.0 ...
  {"n": 256, "ess_per_n": 0.0039479685947299, "log_weight_std": 6.878293037414551, "log_weight_range": 41.68450927734375, "ess_per_n_fiber": 0.003962814807891846, "log_weight_std_fiber": 6.8813652992248535, "log_weight_range_fiber": 39.55293273925781, "fine_L": 8, "fine_beta": 2.0, "coarse_L": 4, "coarse_beta": 0.488104328097667, "imh_acceptance": 0.027450980392156862, "seconds_hmc_base": 2.2, "seconds_ode_sample": 429.8, "ode_steps": 120, "n_probes": 2}
case L=8 beta=4.0 ...
  {"n": 256, "ess_per_n": 0.003908670041710138, "log_weight_std": 7.164922714233398, "log_weight_range": 49.876861572265625, "ess_per_n_fiber": 0.003913644701242447, "log_weight_std_fiber": 6.228298664093018, "log_weight_range_fiber": 44.17805480957031, "fine_L": 8, "fine_beta": 4.0, "coarse_L": 4, "coarse_beta": 1.3471894926775612, "imh_acceptance": 0.0196078431372549, "seconds_hmc_base": 3.0, "seconds_ode_sample": 430.9, "ode_steps": 120, "n_probes": 2}
case L=8 beta=8.0 ...
  {"n": 256, "ess_per_n": 0.004464584402740002, "log_weight_std": 8.602952003479004, "log_weight_range": 58.10394287109375, "ess_per_n_fiber": 0.005806256551295519, "log_weight_std_fiber": 7.486079692840576, "log_weight_range_fiber": 51.930419921875, "fine_L": 8, "fine_beta": 8.0, "coarse_L": 4, "coarse_beta": 2.500394100600896, "imh_acceptance": 0.023529411764705882, "seconds_hmc_base": 3.0, "seconds_ode_sample": 460.2, "ode_steps": 120, "n_probes": 2}
case L=8 beta=14.1464 ...
  {"n": 256, "ess_per_n": 0.017808977514505386, "log_weight_std": 9.078514099121094, "log_weight_range": 62.818603515625, "ess_per_n_fiber": 0.009401589632034302, "log_weight_std_fiber": 8.600920677185059, "log_weight_range_fiber": 60.15521240234375, "fine_L": 8, "fine_beta": 14.1464, "coarse_L": 4, "coarse_beta": 3.9999887248909847, "imh_acceptance": 0.047058823529411764, "seconds_hmc_base": 3.2, "seconds_ode_sample": 456.3, "ode_steps": 120, "n_probes": 2}
case L=16 beta=4.0 ...
  {"n": 256, "ess_per_n": 0.003961801994591951, "log_weight_std": 14.159059524536133, "log_weight_range": 75.0167236328125, "ess_per_n_fiber": 0.004237988032400608, "log_weight_std_fiber": 12.36294174194336, "log_weight_range_fiber": 71.6700439453125, "fine_L": 16, "fine_beta": 4.0, "coarse_L": 8, "coarse_beta": 1.3471894926775612, "imh_acceptance": 0.0196078431372549, "seconds_hmc_base": 3.6, "seconds_ode_sample": 936.2, "ode_steps": 120, "n_probes": 2}
case L=16 beta=8.0 ...
  {"n": 256, "ess_per_n": 0.003941534552723169, "log_weight_std": 17.457412719726562, "log_weight_range": 134.239501953125, "ess_per_n_fiber": 0.005789662711322308, "log_weight_std_fiber": 15.868173599243164, "log_weight_range_fiber": 109.122314453125, "fine_L": 16, "fine_beta": 8.0, "coarse_L": 8, "coarse_beta": 2.500394100600896, "imh_acceptance": 0.023529411764705882, "seconds_hmc_base": 4.7, "seconds_ode_sample": 902.2, "ode_steps": 120, "n_probes": 2}
case L=16 beta=14.1464 ...
  {"n": 256, "ess_per_n": 0.004330110736191273, "log_weight_std": 18.023212432861328, "log_weight_range": 102.39306640625, "ess_per_n_fiber": 0.008486595004796982, "log_weight_std_fiber": 17.602022171020508, "log_weight_range_fiber": 93.635986328125, "fine_L": 16, "fine_beta": 14.1464, "coarse_L": 8, "coarse_beta": 3.9999887248909847, "imh_acceptance": 0.023529411764705882, "seconds_hmc_base": 4.2, "seconds_ode_sample": 847.7, "ode_steps": 120, "n_probes": 2}
case L=16 beta=25.0 ...
  {"n": 256, "ess_per_n": 0.007488068658858538, "log_weight_std": 19.878767013549805, "log_weight_range": 126.0, "ess_per_n_fiber": 0.008117829449474812, "log_weight_std_fiber": 18.133380889892578, "log_weight_range_fiber": 122.0166015625, "fine_L": 16, "fine_beta": 25.0, "coarse_L": 8, "coarse_beta": 6.664497345252339, "imh_acceptance": 0.027450980392156862, "seconds_hmc_base": 11.1, "seconds_ode_sample": 826.4, "ode_steps": 120, "n_probes": 2}
case L=16 beta=55.0237 ...
  {"n": 256, "ess_per_n": 0.0039322758093476295, "log_weight_std": 20.46872901916504, "log_weight_range": 156.541015625, "ess_per_n_fiber": 0.003937046974897385, "log_weight_std_fiber": 19.77659034729004, "log_weight_range_fiber": 158.5595703125, "fine_L": 16, "fine_beta": 55.0237, "coarse_L": 8, "coarse_beta": 14.146404977472109, "imh_acceptance": 0.0196078431372549, "seconds_hmc_base": 14.0, "seconds_ode_sample": 831.6, "ode_steps": 120, "n_probes": 2}
wrote C:\Users\ompan\OneDrive\Desktop\Lattice QCD Research\dev\InverseRG\out\diffusion_v2\v2\ess_chain\frontier_rkl2\report.md
[2026-08-02 09:25:00] STAGE_FRONTIER_RKL2_DONE (102.9 min)
[2026-08-02 09:25:00] STAGE_FRONTIER_V2_START: C:\Users\ompan\OneDrive\Desktop\Lattice QCD Research\dev\InverseRG\.venv\Scripts\python.exe C:\Users\ompan\OneDrive\Desktop\Lattice QCD Research\dev\InverseRG\diffusion_v2\scripts\19_ode_reweighting.py --exact-ref --n-configs 256 --cases 8:2.0 8:4.0 8:14.1464 16:4.0 16:14.1464 --out C:\Users\ompan\OneDrive\Desktop\Lattice QCD Research\dev\InverseRG\out\diffusion_v2\v2\ess_chain\frontier_v2
case L=8 beta=2.0 ...
  {"n": 256, "ess_per_n": 0.004295263439416885, "log_weight_std": 7.886305332183838, "log_weight_range": 44.32221984863281, "ess_per_n_fiber": 0.004535277374088764, "log_weight_std_fiber": 8.029645919799805, "log_weight_range_fiber": 44.359527587890625, "fine_L": 8, "fine_beta": 2.0, "coarse_L": 4, "coarse_beta": 0.488104328097667, "imh_acceptance": 0.023529411764705882, "seconds_hmc_base": 2.5, "seconds_ode_sample": 458.8, "ode_steps": 120, "n_probes": 2}
case L=8 beta=4.0 ...
  {"n": 256, "ess_per_n": 0.0046754335053265095, "log_weight_std": 7.139090538024902, "log_weight_range": 43.51512145996094, "ess_per_n_fiber": 0.007900601252913475, "log_weight_std_fiber": 6.726511001586914, "log_weight_range_fiber": 36.89497375488281, "fine_L": 8, "fine_beta": 4.0, "coarse_L": 4, "coarse_beta": 1.3471894926775612, "imh_acceptance": 0.011764705882352941, "seconds_hmc_base": 2.9, "seconds_ode_sample": 396.3, "ode_steps": 120, "n_probes": 2}
case L=8 beta=14.1464 ...
  {"n": 256, "ess_per_n": 0.011057864874601364, "log_weight_std": 8.193981170654297, "log_weight_range": 59.461181640625, "ess_per_n_fiber": 0.012041204608976841, "log_weight_std_fiber": 7.559599876403809, "log_weight_range_fiber": 53.24334716796875, "fine_L": 8, "fine_beta": 14.1464, "coarse_L": 4, "coarse_beta": 3.9999887248909847, "imh_acceptance": 0.023529411764705882, "seconds_hmc_base": 2.8, "seconds_ode_sample": 363.1, "ode_steps": 120, "n_probes": 2}
case L=16 beta=4.0 ...
  {"n": 256, "ess_per_n": 0.0052075013518333435, "log_weight_std": 13.757096290588379, "log_weight_range": 88.46429443359375, "ess_per_n_fiber": 0.007001375313848257, "log_weight_std_fiber": 12.755943298339844, "log_weight_range_fiber": 91.42315673828125, "fine_L": 16, "fine_beta": 4.0, "coarse_L": 8, "coarse_beta": 1.3471894926775612, "imh_acceptance": 0.027450980392156862, "seconds_hmc_base": 3.2, "seconds_ode_sample": 629.0, "ode_steps": 120, "n_probes": 2}
case L=16 beta=14.1464 ...
  {"n": 256, "ess_per_n": 0.003921630792319775, "log_weight_std": 22.330827713012695, "log_weight_range": 140.778564453125, "ess_per_n_fiber": 0.003940396010875702, "log_weight_std_fiber": 20.99183464050293, "log_weight_range_fiber": 144.345458984375, "fine_L": 16, "fine_beta": 14.1464, "coarse_L": 8, "coarse_beta": 3.9999887248909847, "imh_acceptance": 0.01568627450980392, "seconds_hmc_base": 2.9, "seconds_ode_sample": 550.6, "ode_steps": 120, "n_probes": 2}
wrote C:\Users\ompan\OneDrive\Desktop\Lattice QCD Research\dev\InverseRG\out\diffusion_v2\v2\ess_chain\frontier_v2\report.md
[2026-08-02 10:05:29] STAGE_FRONTIER_V2_DONE (40.5 min)
[2026-08-02 10:05:29] STAGE_SMC_START: C:\Users\ompan\OneDrive\Desktop\Lattice QCD Research\dev\InverseRG\.venv\Scripts\python.exe C:\Users\ompan\OneDrive\Desktop\Lattice QCD Research\dev\InverseRG\diffusion_v2\scripts\24_smc_ladder.py --n-configs 192
base: L=8 beta=1.3472 x 192
{"level": 1, "arm": "transport", "ess": 0.0053, "log_w_std": 11.28, "sec": 411.6}
{"level": 1, "arm": "smc", "ess": 0.0052, "log_w_std": 11.8, "sec": 406.8}
{"level": 2, "arm": "transport", "ess": 0.0053, "log_w_std": 29.78, "sec": 1124.0}
{"level": 2, "arm": "smc", "ess": 0.0052, "log_w_std": 37.34, "sec": 1093.0}
wrote out\diffusion_v2\v2\ess_chain\smc_ladder\report.md
[2026-08-02 10:56:11] STAGE_SMC_DONE (50.7 min)
[2026-08-02 10:56:11] report: C:\Users\ompan\OneDrive\Desktop\Lattice QCD Research\dev\InverseRG\out\diffusion_v2\v2\ess_chain\exactness_report.md
[2026-08-02 10:56:11] CHAIN_DONE
