checkpoint out/u1_2d/checkpoints/score_net.pt on cuda

coarse beta=14.1464 -> fine beta=55.0237 L=32, 256 configs [base 40s, lift 39s]
    0 sweeps   z:  +34.61  +10.17   +4.35   +2.42   +1.42
    2 sweeps   z:   -0.03   +1.07   +1.03   +1.09   +1.33
    5 sweeps   z:   -0.58   -0.66   -0.70   -0.36   +0.04
   10 sweeps   z:   +0.53   +0.79   +1.17   +1.64   +1.54
   20 sweeps   z:   -2.07   -1.70   -1.47   -1.47   -1.33
   40 sweeps   z:   -0.13   -0.03   +0.71   +0.68   +0.61

coarse beta=55.0237 -> fine beta=218.5802 L=32, 256 configs [base 78s, lift 36s]
    0 sweeps   z: -257.44 -177.11  -98.09  -62.35  -39.91
    2 sweeps   z:   -6.13   -4.77   -3.72   -1.37   +0.25
    5 sweeps   z:   -1.82   -0.26   +0.53   +0.64   +0.72
   10 sweeps   z:   -0.17   -0.00   +0.09   +0.48   +0.14
   20 sweeps   z:   -0.01   -1.08   -0.88   +0.29   +1.05
   40 sweeps   z:   -1.51   -1.70   -1.10   -1.23   -1.18

==============================================================================

L=32, fine beta=55.0237, N=256
  relative deviation, ppm
     sweeps       W1x1       W2x2       W4x4       W6x6       W8x8
          0      829.2       1573       4887       9150  1.308e+04
          2     0.7707      162.5       1212       4170  1.168e+04
          5      14.54      104.1      752.8       1247        301
         10      12.87        111       1244       5859  1.324e+04
         20      51.21      251.2       1690       5801  1.269e+04
         40      3.001      4.008      794.8       2545       5313
  N* (configs before bias > stat err)
     sweeps       W1x1       W2x2       W4x4       W6x6       W8x8
          0     0.2137      2.473      13.55      43.56      126.4
          2  2.812e+05        222      240.9        214      144.9
          5      759.3      588.7      519.3       1980   1.85e+05
         10      928.7      414.2      185.7      94.63      107.7
         20      59.62      88.54        118        118      144.8
         40   1.54e+04  3.422e+05      505.2      546.2      691.5

L=32, fine beta=218.5802, N=256
  relative deviation, ppm
     sweeps       W1x1       W2x2       W4x4       W6x6       W8x8
          0  1.041e+04  2.327e+04    4.6e+04   6.49e+04  8.659e+04
          2      38.94      188.2       1148       1323        544
          5      10.09      9.511      144.1      577.5       1498
         10      1.113    0.09087      25.98      473.7      328.7
         20    0.06663      43.39      265.4      287.4       2353
         40      9.036      62.04        310       1158       2626
  N* (configs before bias > stat err)
     sweeps       W1x1       W2x2       W4x4       W6x6       W8x8
          0   0.003863   0.008161    0.02661    0.06586     0.1607
          2      6.822      11.24       18.5      135.5       4125
          5       77.2       3877      920.3      620.3      492.8
         10       8971  4.704e+07  3.187e+04       1114  1.317e+04
         20  2.331e+06      220.2      333.3       2995      232.5
         40      111.9       88.8      211.7      170.4      183.8

wrote out\u1_2d\pre_post_retherm\pre_post_retherm.json
