
==============================================================================
coarse beta=14.1464 -> fine beta=55.024, L=32, 128 configs
   steps     sec    raw z W1x1   raw z W2x2   raw z W4x4   raw z W6x6   +10 z W1x1   +10 z W2x2   +10 z W4x4   +10 z W6x6
       8     2.7        -54.20       -62.84       -33.25       -36.27        -1.76        -1.73        -2.30        -2.78
      12     2.8        -13.54       -15.30       -13.49       -14.34        -1.41        -0.94        -0.83        -1.10
      18     4.0         +9.38        +8.13        -0.78        -2.90        -1.39        -0.86        -0.67        -0.94
      25     6.9        +23.73       +11.08        +1.62        -0.90        -1.39        -0.86        -0.68        -0.94
      40    11.2        +25.05        +8.46        +2.20        +0.72        -1.38        -0.86        -0.68        -0.95
      60    16.7        +21.79        +8.58        +3.03        +1.66        -1.39        -0.87        -0.69        -0.94
     100    28.0        +21.34        +6.84        +2.41        +1.10        -1.39        -0.87        -0.70        -0.95
     200    55.7        +18.25        +5.84        +1.94        +1.40        -1.39        -0.86        -0.68        -0.94

==============================================================================
coarse beta=55.0237 -> fine beta=218.580, L=32, 128 configs
   steps     sec    raw z W1x1   raw z W2x2   raw z W4x4   raw z W6x6   +10 z W1x1   +10 z W2x2   +10 z W4x4   +10 z W6x6
       8     2.3        -38.77       -41.96       -32.96       -35.86        -2.22        -2.99        -3.94        -4.33
      12     3.3        -36.51       -38.50       -31.13       -27.89        -1.32        -1.01        -1.17        -1.55
      18     5.0       -104.53       -88.25       -46.96       -32.10        -1.24        -0.81        -0.78        -1.06
      25     4.6       -148.05       -97.01       -49.75       -32.54        -1.22        -0.78        -0.74        -1.02
      40     7.4       -160.78      -105.02       -62.65       -33.91        -1.20        -0.76        -0.72        -1.01
      60    12.9       -138.32      -110.13       -73.28       -38.33        -1.23        -0.79        -0.75        -1.03
     100    21.8       -157.75      -124.98       -59.89       -39.85        -1.23        -0.79        -0.76        -1.04
     200    51.3       -126.13      -105.73       -54.41       -32.64        -1.21        -0.77        -0.72        -1.01

==============================================================================
KNEE
  coarse beta=14.1464: reference is 200 steps, worst raw |z| = 18.25, 55.7s
       8 steps: worst raw |z|    62.84 ( 3.44x reference), 20.47x cheaper
      12 steps: worst raw |z|    15.30 ( 0.84x reference), 20.09x cheaper
      18 steps: worst raw |z|     9.38 ( 0.51x reference), 14.07x cheaper
      25 steps: worst raw |z|    23.73 ( 1.30x reference),  8.05x cheaper
      40 steps: worst raw |z|    25.05 ( 1.37x reference),  4.98x cheaper
      60 steps: worst raw |z|    21.79 ( 1.19x reference),  3.33x cheaper
     100 steps: worst raw |z|    21.34 ( 1.17x reference),  1.99x cheaper
     200 steps: worst raw |z|    18.25 ( 1.00x reference),  1.00x cheaper
  coarse beta=55.0237: reference is 200 steps, worst raw |z| = 126.13, 51.3s
       8 steps: worst raw |z|    41.96 ( 0.33x reference), 22.78x cheaper
      12 steps: worst raw |z|    38.50 ( 0.31x reference), 15.50x cheaper
      18 steps: worst raw |z|   104.53 ( 0.83x reference), 10.27x cheaper
      25 steps: worst raw |z|   148.05 ( 1.17x reference), 11.10x cheaper
      40 steps: worst raw |z|   160.78 ( 1.27x reference),  6.93x cheaper
      60 steps: worst raw |z|   138.32 ( 1.10x reference),  3.99x cheaper
     100 steps: worst raw |z|   157.75 ( 1.25x reference),  2.36x cheaper
     200 steps: worst raw |z|   126.13 ( 1.00x reference),  1.00x cheaper

wrote out\u1_2d\sampler_steps\sampler_steps.json
