  no cached base; simulating coarse L=16 beta=14.1464

=== 32:55.0237 (coarse 16:14.1464), 64 configs ===
  ape    t_therm(slowest Wilson) = 301     blocking |err| = 3.14e+00  acc = 0.978  rel err at t=0 = +1.13e-03  build = 0.1s
  smear  t_therm(slowest Wilson) = > 500   blocking |err| = 3.14e+00  acc = 0.976  rel err at t=0 = -1.52e-04  build = 42.2s  sweeps = 200
  no cached base; simulating coarse L=16 beta=20

=== 32:78.4578 (coarse 16:20.0000), 64 configs ===
  ape    t_therm(slowest Wilson) = > 500   blocking |err| = 3.14e+00  acc = 0.979  rel err at t=0 = -1.01e-04  build = 0.1s
  smear  t_therm(slowest Wilson) = > 500   blocking |err| = 3.14e+00  acc = 0.978  rel err at t=0 = -5.34e-05  build = 40.9s  sweeps = 200
  no cached base; simulating coarse L=16 beta=30

=== 32:118.473 (coarse 16:30.0000), 64 configs ===
  ape    t_therm(slowest Wilson) = > 500   blocking |err| = 3.14e+00  acc = 0.977  rel err at t=0 = -8.66e-05  build = 0.1s
  smear  t_therm(slowest Wilson) = > 500   blocking |err| = 3.14e+00  acc = 0.977  rel err at t=0 = -1.69e-04  build = 45.2s  sweeps = 200
  no cached base; simulating coarse L=16 beta=45

=== 32:178.482 (coarse 16:45.0000), 64 configs ===
  ape    t_therm(slowest Wilson) = 429     blocking |err| = 3.14e+00  acc = 0.978  rel err at t=0 = -1.69e-04  build = 0.1s
  smear  t_therm(slowest Wilson) = > 500   blocking |err| = 3.14e+00  acc = 0.977  rel err at t=0 = -1.36e-04  build = 41.3s  sweeps = 200
  no cached base; simulating coarse L=16 beta=55.0236

=== 32:218.58 (coarse 16:55.0236), 64 configs ===
  ape    t_therm(slowest Wilson) = 152     blocking |err| = 3.14e+00  acc = 0.977  rel err at t=0 = -5.36e-05  build = 0.1s
  smear  t_therm(slowest Wilson) = > 500   blocking |err| = 3.14e+00  acc = 0.975  rel err at t=0 = -1.48e-04  build = 59.7s  sweeps = 200
  no cached base; simulating coarse L=16 beta=100

=== 32:398.492 (coarse 16:100.0000), 64 configs ===
