checkpoint out/u1_2d/checkpoints/score_net_big.pt
retherm 16 sweeps, sigma_min_beta_coef 0.1, n_corrector_steps=1, consistency_weight=1.0, enforce_coarse_charge=True, charge_projection_sigma=0.5, charge_projection_interval=10, physics_blend_coef=1.0, physics_blend_beta_min=5.0, corrector_snr=0.16

==============================================================================
coarse beta=14.1464 -> fine beta=55.024, L=32, 128 configs
   steps     sec    raw z W1x1   raw z W2x2   raw z W4x4   raw z W6x6   +10 z W1x1   +10 z W2x2   +10 z W4x4   +10 z W6x6
       8     3.0        -46.71       -56.99       -60.81       -78.12        -0.83        -1.39        -2.32        -3.06
      12     3.8        -22.80       -27.81       -30.52       -32.92        -0.50        -0.46        -0.33        -0.37
      18     5.8         -9.64       -14.66       -16.04       -15.91        -0.44        -0.28        +0.09        +0.28
      25     7.9         -1.60        -7.76        -9.89       -11.39        -0.44        -0.29        +0.09        +0.27
      40    12.6         -1.19        -6.49        -5.19        -4.39        -0.43        -0.28        +0.10        +0.28
      60    15.7         -1.27        -3.71        -2.37        -2.49        -0.43        -0.28        +0.09        +0.28
     100    22.5         -2.33        -3.37        -0.75        -1.01        -0.44        -0.29        +0.09        +0.27
     200    63.2         -1.03        -0.97        +0.78        +0.81        -0.43        -0.29        +0.09        +0.27

==============================================================================
coarse beta=55.0237 -> fine beta=218.580, L=32, 128 configs
   steps     sec    raw z W1x1   raw z W2x2   raw z W4x4   raw z W6x6   +10 z W1x1   +10 z W2x2   +10 z W4x4   +10 z W6x6
       8     2.6        -53.17       -61.66       -67.24       -92.11        -1.50        -3.10        -4.27        -4.50
      12     3.9        -23.97       -26.68       -31.33       -36.87        -0.58        -0.52        -0.29        -0.26
      18     5.7        -12.38       -15.33       -16.85       -19.65        -0.52        -0.35        -0.00        +0.10
      25     8.0        -12.56       -15.32       -14.79       -15.53        -0.51        -0.31        +0.09        +0.24
      40    12.7        -25.29       -26.01       -17.02       -13.83        -0.50        -0.31        +0.10        +0.25
      60    19.1        -24.89       -28.93       -16.84       -12.93        -0.50        -0.31        +0.09        +0.24
     100    32.9        -16.30       -17.40       -11.02        -9.54        -0.50        -0.31        +0.09        +0.24
     200    65.0         -4.33        -3.27        -3.05        -4.12        -0.50        -0.31        +0.09        +0.24

==============================================================================
KNEE, reported separately for the two products

  coarse beta=14.1464 -> fine 55.02: reference 200 steps, post worst |z| 0.43, raw worst |z| 1.03, 63.2s
     steps  post |z|   x ref   raw |z|   x ref  cheaper
         8      3.06    7.04     78.12   75.56    21.1x
        12      0.50    1.15     32.92   31.84    16.5x
        18      0.44    1.01     16.04   15.52    11.0x
        25      0.44    1.01     11.39   11.01     8.0x
        40      0.43    0.99      6.49    6.27     5.0x
        60      0.43    1.00      3.71    3.58     4.0x
       100      0.44    1.00      3.37    3.26     2.8x
       200      0.43    1.00      1.03    1.00     1.0x
    -> knee for the DELIVERED ensemble: 18 steps, 11.0x cheaper (within 10% of 200)
    -> knee for the SEED (raw lift): 200 steps, 1.0x cheaper (within 10% of 200)

  coarse beta=55.0237 -> fine 218.58: reference 200 steps, post worst |z| 0.50, raw worst |z| 4.33, 65.0s
     steps  post |z|   x ref   raw |z|   x ref  cheaper
         8      4.50    8.98     92.11   21.29    25.3x
        12      0.58    1.16     36.87    8.52    16.8x
        18      0.52    1.03     19.65    4.54    11.3x
        25      0.51    1.01     15.53    3.59     8.1x
        40      0.50    1.00     26.01    6.01     5.1x
        60      0.50    1.00     28.93    6.69     3.4x
       100      0.50    1.00     17.40    4.02     2.0x
       200      0.50    1.00      4.33    1.00     1.0x
    -> knee for the DELIVERED ensemble: 18 steps, 11.3x cheaper (within 10% of 200)
    -> knee for the SEED (raw lift): 200 steps, 1.0x cheaper (within 10% of 200)

  Adopt the SMALLER of the two knees, or keep the two uses on
  different settings and say so. The delivered-ensemble knee alone
  is not a licence to move the deployed config.

wrote out\u1_2d\sampler_steps_deployed\sampler_steps.json
