cuda | NVIDIA GeForce RTX 5060 Laptop GPU | sm_120 | 8.0 GiB | torch 2.11.0+cu128/cu12.8 | tf32 off

chain:
  L=  8  beta=    6.4002  model beta=    1.52
  L= 16  beta=   17.4685  model beta=    4.41
  L= 32  beta=   63.2180  model beta=   15.81
  L= 64  beta=  246.7335  model beta=   61.68
  L=128  beta=  980.9004  model beta=  245.23

==========================================================================
1 LIFT(S): start L=64 beta=246.7335  ->  L=128 beta=980.90
  start: generated by HMC [322s]
  start scores: z(plaq)=  -0.07  <Q^2>=2.5312 (approx exact 1.682)
    rung 1: L=128 beta=  980.900  z =   +17.00 /   +1.57 /   -2.17   <Q^2>=2.5312
  FINAL raw  z =   +17.00 /   +1.57 /   -2.17
  FINAL +10 z =    -2.31 /   -2.85 /   -2.45
  charge preserved through 1 lift(s): 100.0% of configurations

==========================================================================
2 LIFT(S): start L=32 beta=63.2180  ->  L=128 beta=980.90
  start: generated by HMC [148s]
  start scores: z(plaq)=  -0.41  <Q^2>=2.0000 (approx exact 1.640)
    rung 1: L= 64 beta=  246.733  z =   -17.82 /   -8.02 /   -2.77   <Q^2>=2.0000
    rung 2: L=128 beta=  980.900  z =   +22.13 /   +2.00 /   -2.78   <Q^2>=2.0000
  FINAL raw  z =   +22.13 /   +2.00 /   -2.78
  FINAL +10 z =    -1.34 /   -1.81 /   -3.02
  charge preserved through 2 lift(s): 100.0% of configurations

==========================================================================
3 LIFT(S): start L=16 beta=17.4685  ->  L=128 beta=980.90
  start: generated by HMC [119s]
  start scores: z(plaq)=  -0.28  <Q^2>=1.5938 (approx exact 1.470)
    rung 1: L= 32 beta=   63.218  z =    -4.55 /   -1.49 /   +0.15   <Q^2>=1.5938
    rung 2: L= 64 beta=  246.733  z =   -17.96 /   -7.36 /   -2.59   <Q^2>=1.5938
    rung 3: L=128 beta=  980.900  z =   +22.86 /   +3.00 /   -2.09   <Q^2>=1.5938
  FINAL raw  z =   +22.86 /   +3.00 /   -2.09
  FINAL +10 z =    -3.00 /   -1.52 /   -2.05
  charge preserved through 3 lift(s): 100.0% of configurations

==========================================================================
4 LIFT(S): start L=8 beta=6.4002  ->  L=128 beta=980.90
  start: u2_L8_beta6.4002.pt (exact coupling on disk)
  start scores: z(plaq)=  -0.73  <Q^2>=2.4062 (approx exact 1.065)
    rung 1: L= 16 beta=   17.469  z =    -0.93 /   +0.09 /   +0.79   <Q^2>=2.4062
    rung 2: L= 32 beta=   63.218  z =    -5.16 /   -2.82 /   -1.36   <Q^2>=2.3750
    rung 3: L= 64 beta=  246.733  z =   -15.11 /   -6.90 /   -2.31   <Q^2>=2.3750
    rung 4: L=128 beta=  980.900  z =   +21.23 /   +1.40 /   -3.63   <Q^2>=2.3750
  FINAL raw  z =   +21.23 /   +1.40 /   -3.63
  FINAL +10 z =    -1.24 /   -2.68 /   -3.71
  charge preserved through 4 lift(s): 96.9% of configurations

==========================================================================
COMPOUNDING at L=128, beta=980.90 (model beta 245.2), intermediate retherm = 10
  lifts  |z| raw W1x1  |z| raw W2x2  |z| post W1x1  ppm raw W1x1   Q kept
      1         17.00          1.57           2.31          43.2   100.0%
      2         22.13          2.00           1.34          45.2   100.0%
      3         22.86          3.00           3.00          45.1   100.0%
      4         21.23          1.40           1.24          44.4    96.9%

  NO COMPOUNDING within resolution: 4 lifts sits at 1.25x the 1-lift error.
  Each lift's error is not inherited -- consistent with the tail
  resetting local structure at every rung while topology, which is
  transported exactly, cannot degrade at all.

wrote out\u2_2d\multi_lift_L128_wide_dense\multi_lift.json
