cuda | NVIDIA GeForce RTX 5060 Laptop GPU | sm_120 | 8.0 GiB | torch 2.11.0+cu128/cu12.8 | tf32 off

chain:
  L=  8  beta=    6.4002  model beta=    1.52
  L= 16  beta=   17.4685  model beta=    4.41
  L= 32  beta=   63.2180  model beta=   15.81
  L= 64  beta=  246.7335  model beta=   61.68

==========================================================================
1 LIFT(S): start L=32 beta=63.2180  ->  L=64 beta=246.73
  start: generated by HMC [242s]
  start scores: z(plaq)=  +0.94  <Q^2>=2.1250 (approx exact 1.640)
    rung 1: L= 64 beta=  246.733  z =   -20.92 /   -9.23 /   -3.89   <Q^2>=2.1250
  FINAL raw  z =   -20.92 /   -9.23 /   -3.89
  FINAL +10 z =    -0.14 /   -0.97 /   -1.27
  charge preserved through 1 lift(s): 100.0% of configurations

==========================================================================
2 LIFT(S): start L=16 beta=17.4685  ->  L=64 beta=246.73
  start: generated by HMC [174s]
  start scores: z(plaq)=  -0.96  <Q^2>=1.3750 (approx exact 1.470)
    rung 1: L= 32 beta=   63.218  z =    -5.47 /   -2.40 /   -1.21   <Q^2>=1.3750
    rung 2: L= 64 beta=  246.733  z =   -23.77 /   -9.23 /   -3.14   <Q^2>=1.3750
  FINAL raw  z =   -23.77 /   -9.23 /   -3.14
  FINAL +10 z =    -2.21 /   -2.63 /   -2.40
  charge preserved through 2 lift(s): 100.0% of configurations

==========================================================================
3 LIFT(S): start L=8 beta=6.4002  ->  L=64 beta=246.73
  start: u2_L8_beta6.4002.pt (exact coupling on disk)
  start scores: z(plaq)=  -1.03  <Q^2>=1.8906 (approx exact 1.065)
    rung 1: L= 16 beta=   17.469  z =    +0.24 /   +0.73 /   +0.72   <Q^2>=1.8906
    rung 2: L= 32 beta=   63.218  z =    -6.73 /   -2.21 /   -0.85   <Q^2>=1.9688
    rung 3: L= 64 beta=  246.733  z =   -22.33 /   -9.58 /   -4.83   <Q^2>=1.9688
  FINAL raw  z =   -22.33 /   -9.58 /   -4.83
  FINAL +10 z =    -1.09 /   -0.12 /   -0.16
  charge preserved through 3 lift(s): 98.4% of configurations

==========================================================================
COMPOUNDING at L=64, beta=246.73 (model beta 61.7), intermediate retherm = 10
  lifts  |z| raw W1x1  |z| raw W2x2  |z| post W1x1  ppm raw W1x1   Q kept
      1         20.92          9.23           0.14        -251.3   100.0%
      2         23.77          9.23           2.21        -261.6   100.0%
      3         22.33          9.58           1.09        -251.8    98.4%

  NO COMPOUNDING within resolution: 3 lifts sits at 1.07x the 1-lift error.
  Each lift's error is not inherited -- consistent with the tail
  resetting local structure at every rung while topology, which is
  transported exactly, cannot degrade at all.

wrote out\u2_2d\multi_lift_incov_wide_dense\multi_lift.json
