
=== launch Thu Sep  3 11:31:26 2026: C:\Users\ompan\Desktop\Lattice QCD\inverse_rg_testing\.venv\Scripts\python.exe u2_2d/scripts/28_crossover_scan.py --checkpoint out/u2_2d/checkpoints/det_score_net_cov60.pt --fine-size 64 --n-chains 64 --n-couplings 8 --out-dir out\u2_2d\coverage_scan_relaxation\cov60 --tag crossover_L64_topo --topological-updates ===
C:\Users\ompan\Desktop\Lattice QCD\inverse_rg_testing\.venv\Lib\site-packages\torch\_utils.py:106: UserWarning: expandable_segments not supported on this platform (Triggered internally at C:\actions-runner\_work\pytorch\pytorch\pytorch\c10/cuda/CUDAAllocatorConfig.h:39.)
  untyped_storage = torch.UntypedStorage(self.size(), device=device)

=== launch Thu Sep  3 11:33:36 2026: C:\Users\ompan\Desktop\Lattice QCD\inverse_rg_testing\.venv\Scripts\python.exe u2_2d/scripts/28_crossover_scan.py --checkpoint out/u2_2d/checkpoints/det_score_net_cov60.pt --fine-size 64 --n-chains 64 --n-couplings 8 --out-dir out\u2_2d\coverage_scan_relaxation\cov60 --tag crossover_L64_topo --topological-updates ===
C:\Users\ompan\Desktop\Lattice QCD\inverse_rg_testing\.venv\Lib\site-packages\torch\_utils.py:106: UserWarning: expandable_segments not supported on this platform (Triggered internally at C:\actions-runner\_work\pytorch\pytorch\pytorch\c10/cuda/CUDAAllocatorConfig.h:39.)
  untyped_storage = torch.UntypedStorage(self.size(), device=device)

=== launch Thu Sep  3 11:34:40 2026: C:\Users\ompan\Desktop\Lattice QCD\inverse_rg_testing\.venv\Scripts\python.exe u2_2d/scripts/28_crossover_scan.py --checkpoint out/u2_2d/checkpoints/det_score_net_cov60.pt --fine-size 64 --n-chains 64 --n-couplings 8 --out-dir out\u2_2d\coverage_scan_relaxation\cov60 --tag crossover_L64_topo --topological-updates ===
C:\Users\ompan\Desktop\Lattice QCD\inverse_rg_testing\.venv\Lib\site-packages\torch\_utils.py:106: UserWarning: expandable_segments not supported on this platform (Triggered internally at C:\actions-runner\_work\pytorch\pytorch\pytorch\c10/cuda/CUDAAllocatorConfig.h:39.)
  untyped_storage = torch.UntypedStorage(self.size(), device=device)

=== launch Thu Sep  3 11:37:22 2026: C:\Users\ompan\Desktop\Lattice QCD\inverse_rg_testing\.venv\Scripts\python.exe u2_2d/scripts/28_crossover_scan.py --checkpoint out/u2_2d/checkpoints/det_score_net_cov60.pt --fine-size 64 --n-chains 64 --n-couplings 8 --out-dir out\u2_2d\coverage_scan_relaxation\cov60 --tag crossover_L64_topo --topological-updates ===
C:\Users\ompan\Desktop\Lattice QCD\inverse_rg_testing\.venv\Lib\site-packages\torch\_utils.py:106: UserWarning: expandable_segments not supported on this platform (Triggered internally at C:\actions-runner\_work\pytorch\pytorch\pytorch\c10/cuda/CUDAAllocatorConfig.h:39.)
  untyped_storage = torch.UntypedStorage(self.size(), device=device)
cuda | NVIDIA GeForce RTX 5060 Laptop GPU | sm_120 | 8.0 GiB | torch 2.11.0+cu128/cu12.8 | tf32 off
checkpoint out/u2_2d/checkpoints/det_score_net_cov60.pt
L_c = 32 -> L_f = 64; 8 couplings: 8.3757, 12.1743, 25.0485, 45.0584, 79.1213, 160.725, 275.229, 416.524
WINDING round: charge_step=1, interval=5
  b=   25.29 (model   6.35) <Q^2>ex=17.901  seed=   0.0 cold=   2.0 hot=   2.0  n= 400  iv=  6.6(cold)  flips= 4631  HMC healthy   [3015s]
  b=   41.46 (model  10.38) <Q^2>ex=10.532  seed=   0.0 cold=   2.3 hot=   2.0  n= 400  iv=  5.4(cold)  flips= 4499  HMC healthy   [3346s]
  b=   93.79 (model  23.45) <Q^2>ex=4.522  seed=   inf cold=   2.1 hot=1516.5  n= 400  iv=  5.8(cold)  flips= 4095  HMC healthy   [4156s]
  b=  174.03 (model  43.51) <Q^2>ex=2.413  seed=   0.0 cold=   2.2 hot= 436.7  n= 200  iv=  4.4(cold)  flips= 1863  HMC healthy   [2503s]

=== launch Thu Sep  3 15:54:21 2026: C:\Users\ompan\Desktop\Lattice QCD\inverse_rg_testing\.venv\Scripts\python.exe u2_2d/scripts/28_crossover_scan.py --checkpoint out/u2_2d/checkpoints/det_score_net_cov60.pt --fine-size 64 --n-chains 64 --n-couplings 8 --out-dir out\u2_2d\coverage_scan_relaxation\cov60 --tag crossover_L64_topo --topological-updates ===
C:\Users\ompan\Desktop\Lattice QCD\inverse_rg_testing\.venv\Lib\site-packages\torch\_utils.py:106: UserWarning: expandable_segments not supported on this platform (Triggered internally at C:\actions-runner\_work\pytorch\pytorch\pytorch\c10/cuda/CUDAAllocatorConfig.h:39.)
  untyped_storage = torch.UntypedStorage(self.size(), device=device)
cuda | NVIDIA GeForce RTX 5060 Laptop GPU | sm_120 | 8.0 GiB | torch 2.11.0+cu128/cu12.8 | tf32 off
checkpoint out/u2_2d/checkpoints/det_score_net_cov60.pt
L_c = 32 -> L_f = 64; 8 couplings: 8.3757, 12.1743, 25.0485, 45.0584, 79.1213, 160.725, 275.229, 416.524
WINDING round: charge_step=1, interval=5
  b=   25.29 (model   6.35) <Q^2>ex=17.901  seed=   0.0 cold=   2.0 hot=   2.0  n= 400  iv=  6.6(cold)  flips= 4631  HMC healthy   [3480s]
  b=   41.46 (model  10.38) <Q^2>ex=10.532  seed=   0.0 cold=   2.3 hot=   2.0  n= 400  iv=  5.4(cold)  flips= 4499  HMC healthy   [3797s]

=== launch Thu Sep  3 18:23:26 2026: C:\Users\ompan\Desktop\Lattice QCD\inverse_rg_testing\.venv\Scripts\python.exe u2_2d/scripts/28_crossover_scan.py --checkpoint out/u2_2d/checkpoints/det_score_net_cov60.pt --fine-size 64 --n-chains 64 --n-couplings 8 --out-dir out\u2_2d\coverage_scan_relaxation\cov60 --tag crossover_L64_topo --topological-updates ===
C:\Users\ompan\Desktop\Lattice QCD\inverse_rg_testing\.venv\Lib\site-packages\torch\_utils.py:106: UserWarning: expandable_segments not supported on this platform (Triggered internally at C:\actions-runner\_work\pytorch\pytorch\pytorch\c10/cuda/CUDAAllocatorConfig.h:39.)
  untyped_storage = torch.UntypedStorage(self.size(), device=device)

=== launch Thu Sep  3 21:02:38 2026: C:\Users\ompan\Desktop\Lattice QCD\inverse_rg_testing\.venv\Scripts\python.exe u2_2d/scripts/28_crossover_scan.py --checkpoint out/u2_2d/checkpoints/det_score_net_cov60.pt --fine-size 64 --n-chains 64 --n-couplings 8 --out-dir out\u2_2d\coverage_scan_relaxation\cov60 --tag crossover_L64_topo --topological-updates ===
C:\Users\ompan\Desktop\Lattice QCD\inverse_rg_testing\.venv\Lib\site-packages\torch\_utils.py:106: UserWarning: expandable_segments not supported on this platform (Triggered internally at C:\actions-runner\_work\pytorch\pytorch\pytorch\c10/cuda/CUDAAllocatorConfig.h:39.)
  untyped_storage = torch.UntypedStorage(self.size(), device=device)
cuda | NVIDIA GeForce RTX 5060 Laptop GPU | sm_120 | 8.0 GiB | torch 2.11.0+cu128/cu12.8 | tf32 off
checkpoint out/u2_2d/checkpoints/det_score_net_cov60.pt
L_c = 32 -> L_f = 64; 8 couplings: 8.3757, 12.1743, 25.0485, 45.0584, 79.1213, 160.725, 275.229, 416.524
WINDING round: charge_step=1, interval=5
  b=   25.29 (model   6.35) <Q^2>ex=17.901  seed=   0.0 cold=   2.0 hot=   2.0  n= 400  iv=  6.6(cold)  flips= 4631  HMC healthy   [2575s]
  b=   41.46 (model  10.38) <Q^2>ex=10.532  seed=   0.0 cold=   2.3 hot=   2.0  n= 400  iv=  5.4(cold)  flips= 4499  HMC healthy   [2597s]
  b=   93.79 (model  23.45) <Q^2>ex=4.522  seed=   inf cold=   2.1 hot=1516.5  n= 400  iv=  5.8(cold)  flips= 4095  HMC healthy   [3238s]
  b=  174.03 (model  43.51) <Q^2>ex=2.413  seed=   inf cold=   2.2 hot= 436.7  n= 200  iv=  4.4(cold)  flips= 1863  HMC healthy   [1916s]
  b=  310.38 (model  77.60) <Q^2>ex=1.346  seed=   inf cold=   2.1 hot=   inf  n= 200  iv=  4.8(cold)  flips= 1643  HMC healthy   [2320s]
  b=  636.85 (model 159.21) <Q^2>ex=0.654  seed=   inf cold=   2.2 hot=  54.0  n= 150  iv=  4.3(cold)  flips=  950  HMC healthy   [1939s]
  b= 1094.89 (model 273.72) <Q^2>ex=0.373  seed=   inf cold=   2.3 hot=  57.1  n= 150  iv=  4.3(cold)  flips=  681  HMC healthy   [1006s]
  b= 1660.08 (model 415.02) <Q^2>ex=0.215  seed=   inf cold=   2.4 hot=  18.3  n= 150  iv=  5.2(cold)  flips=  422  HMC healthy   [1205s]
wrote out\u2_2d\coverage_scan_relaxation\cov60\crossover_L64_topo.json
