
=== launch Thu Sep  3 09:40:23 2026: C:\Users\ompan\Desktop\Lattice QCD\inverse_rg_testing\.venv\Scripts\python.exe u2_2d/scripts/28_crossover_scan.py --checkpoint out/u2_2d/checkpoints/det_score_net_cov60.pt --fine-size 32 --n-chains 64 --n-couplings 14 --out-dir out\u2_2d\coverage_scan_relaxation\cov60 --tag crossover_topo --topological-updates ===
C:\Users\ompan\Desktop\Lattice QCD\inverse_rg_testing\.venv\Lib\site-packages\torch\_utils.py:106: UserWarning: expandable_segments not supported on this platform (Triggered internally at C:\actions-runner\_work\pytorch\pytorch\pytorch\c10/cuda/CUDAAllocatorConfig.h:39.)
  untyped_storage = torch.UntypedStorage(self.size(), device=device)
cuda | NVIDIA GeForce RTX 5060 Laptop GPU | sm_120 | 8.0 GiB | torch 2.11.0+cu128/cu12.8 | tf32 off
checkpoint out/u2_2d/checkpoints/det_score_net_cov60.pt
L_c = 16 -> L_f = 32; 14 couplings: 4.0544, 5.2793, 8.2179, 12.7822, 16.1931, 23.7962, 33.4572, 47.4445, 67.5917, 105.244, 135.861, 199.229, 267.858, 407.306
WINDING round: charge_step=1, interval=5
  b=   10.93 (model   2.79) <Q^2>ex=12.158  seed=   0.0 cold=   2.0 hot=   1.9  n= 400  iv=  4.7(cold)  flips= 5640  HMC healthy   [664s]
  b=   13.86 (model   3.52) <Q^2>ex=8.943  seed=   0.0 cold=   2.3 hot=   1.9  n= 400  iv=  3.9(cold)  flips= 4653  HMC healthy   [657s]
  b=   24.63 (model   6.18) <Q^2>ex=4.608  seed=   0.0 cold=   2.2 hot=   2.1  n= 400  iv=  4.2(cold)  flips= 4105  HMC healthy   [681s]
  b=   44.00 (model  11.01) <Q^2>ex=2.473  seed=   0.0 cold=   2.2 hot=   2.1  n= 400  iv=  4.0(cold)  flips= 3757  HMC healthy   [757s]
  b=   58.03 (model  14.52) <Q^2>ex=1.853  seed=   0.0 cold=   2.1 hot=   2.2  n= 400  iv=  4.1(cold)  flips= 3585  HMC healthy   [786s]
  b=   88.76 (model  22.19) <Q^2>ex=1.196  seed=   0.0 cold=   2.2 hot=   2.0  n= 400  iv=  4.1(cold)  flips= 3227  HMC healthy   [874s]
  b=  127.55 (model  31.89) <Q^2>ex=0.827  seed=   0.0 cold=   2.3 hot= 150.9  n= 200  iv=  3.6(cold)  flips= 1422  HMC healthy   [468s]
  b=  183.59 (model  45.90) <Q^2>ex=0.571  seed=   0.0 cold=   2.2 hot= 423.9  n= 200  iv=  3.7(cold)  flips= 1172  HMC healthy   [523s]
  b=  264.24 (model  66.06) <Q^2>ex=0.391  seed=   0.0 cold=   2.6 hot= 262.9  n= 200  iv=  3.8(cold)  flips=  887  HMC healthy   [463s]
  b=  414.90 (model 103.73) <Q^2>ex=0.217  seed= 443.7 cold=   2.4 hot=  95.0  n= 200  iv=  3.9(cold)  flips=  488  HMC healthy   [466s]

=== launch Thu Sep  3 11:31:26 2026: C:\Users\ompan\Desktop\Lattice QCD\inverse_rg_testing\.venv\Scripts\python.exe u2_2d/scripts/28_crossover_scan.py --checkpoint out/u2_2d/checkpoints/det_score_net_cov60.pt --fine-size 32 --n-chains 64 --n-couplings 14 --out-dir out\u2_2d\coverage_scan_relaxation\cov60 --tag crossover_topo --topological-updates ===
C:\Users\ompan\Desktop\Lattice QCD\inverse_rg_testing\.venv\Lib\site-packages\torch\_utils.py:106: UserWarning: expandable_segments not supported on this platform (Triggered internally at C:\actions-runner\_work\pytorch\pytorch\pytorch\c10/cuda/CUDAAllocatorConfig.h:39.)
  untyped_storage = torch.UntypedStorage(self.size(), device=device)

=== launch Thu Sep  3 11:33:35 2026: C:\Users\ompan\Desktop\Lattice QCD\inverse_rg_testing\.venv\Scripts\python.exe u2_2d/scripts/28_crossover_scan.py --checkpoint out/u2_2d/checkpoints/det_score_net_cov60.pt --fine-size 32 --n-chains 64 --n-couplings 14 --out-dir out\u2_2d\coverage_scan_relaxation\cov60 --tag crossover_topo --topological-updates ===
C:\Users\ompan\Desktop\Lattice QCD\inverse_rg_testing\.venv\Lib\site-packages\torch\_utils.py:106: UserWarning: expandable_segments not supported on this platform (Triggered internally at C:\actions-runner\_work\pytorch\pytorch\pytorch\c10/cuda/CUDAAllocatorConfig.h:39.)
  untyped_storage = torch.UntypedStorage(self.size(), device=device)

=== launch Thu Sep  3 11:34:39 2026: C:\Users\ompan\Desktop\Lattice QCD\inverse_rg_testing\.venv\Scripts\python.exe u2_2d/scripts/28_crossover_scan.py --checkpoint out/u2_2d/checkpoints/det_score_net_cov60.pt --fine-size 32 --n-chains 64 --n-couplings 14 --out-dir out\u2_2d\coverage_scan_relaxation\cov60 --tag crossover_topo --topological-updates ===
C:\Users\ompan\Desktop\Lattice QCD\inverse_rg_testing\.venv\Lib\site-packages\torch\_utils.py:106: UserWarning: expandable_segments not supported on this platform (Triggered internally at C:\actions-runner\_work\pytorch\pytorch\pytorch\c10/cuda/CUDAAllocatorConfig.h:39.)
  untyped_storage = torch.UntypedStorage(self.size(), device=device)
