
=== launch Thu Sep  3 14:37:44 2026: C:\Users\ompan\Desktop\Lattice QCD\inverse_rg_testing\.venv\Scripts\python.exe u2_2d/scripts/28_crossover_scan.py --checkpoint out/u2_2d/checkpoints/det_score_net.pt --fine-size 32 --n-chains 64 --n-couplings 14 --out-dir out\u2_2d\coverage_scan_relaxation\default --tag crossover ===
C:\Users\ompan\Desktop\Lattice QCD\inverse_rg_testing\.venv\Lib\site-packages\torch\_utils.py:106: UserWarning: expandable_segments not supported on this platform (Triggered internally at C:\actions-runner\_work\pytorch\pytorch\pytorch\c10/cuda/CUDAAllocatorConfig.h:39.)
  untyped_storage = torch.UntypedStorage(self.size(), device=device)
cuda | NVIDIA GeForce RTX 5060 Laptop GPU | sm_120 | 8.0 GiB | torch 2.11.0+cu128/cu12.8 | tf32 off
checkpoint out/u2_2d/checkpoints/det_score_net.pt
L_c = 16 -> L_f = 32; 14 couplings: 4.0544, 5.2793, 8.2179, 12.7822, 16.1931, 23.7962, 33.4572, 47.4445, 67.5917, 105.244, 135.861, 199.229, 267.858, 407.306
PLAIN round: no topological updates in any arm
  b=   10.93 (model   2.79) <Q^2>ex=12.158  seed=   0.0 cold=   2.7 hot=   2.1  n= 400  iv=  6.0(cold)  flips= 4109  HMC healthy   [251s]
  b=   13.86 (model   3.52) <Q^2>ex=8.943  seed=   0.0 cold=   2.3 hot=   2.2  n= 400  iv=  6.9(cold)  flips=  801  HMC healthy   [276s]
  b=   24.63 (model   6.18) <Q^2>ex=4.608  seed=  10.6 cold=   2.2 hot=   1.9  n= 400  iv=  5.0(cold)  flips=    0  Q frozen      [352s]
  b=   44.00 (model  11.01) <Q^2>ex=2.473  seed=   0.0 cold=   2.3 hot=   2.1  n= 400  iv=  5.4(cold)  flips=    0  Q frozen      [436s]
  b=   58.03 (model  14.52) <Q^2>ex=1.853  seed=   0.0 cold=   2.3 hot=   0.0  n= 400  iv=  4.7(cold)  flips=    0  Q frozen      [477s]
  b=   88.76 (model  22.19) <Q^2>ex=1.196  seed=  27.9 cold=   2.2 hot= 487.5  n= 400  iv=  5.5(cold)  flips=    0  Q frozen      [591s]
  b=  127.55 (model  31.89) <Q^2>ex=0.827  seed=  26.4 cold=   2.5 hot=1529.5  n= 200  iv=  4.3(cold)  flips=    0  Q frozen      [366s]
  b=  183.59 (model  45.90) <Q^2>ex=0.571  seed=   0.0 cold=   2.3 hot=   inf  n= 200  iv=  4.3(cold)  flips=    0  Q frozen      [434s]

=== launch Thu Sep  3 15:54:22 2026: C:\Users\ompan\Desktop\Lattice QCD\inverse_rg_testing\.venv\Scripts\python.exe u2_2d/scripts/28_crossover_scan.py --checkpoint out/u2_2d/checkpoints/det_score_net.pt --fine-size 32 --n-chains 64 --n-couplings 14 --out-dir out\u2_2d\coverage_scan_relaxation\default --tag crossover ===
C:\Users\ompan\Desktop\Lattice QCD\inverse_rg_testing\.venv\Lib\site-packages\torch\_utils.py:106: UserWarning: expandable_segments not supported on this platform (Triggered internally at C:\actions-runner\_work\pytorch\pytorch\pytorch\c10/cuda/CUDAAllocatorConfig.h:39.)
  untyped_storage = torch.UntypedStorage(self.size(), device=device)
cuda | NVIDIA GeForce RTX 5060 Laptop GPU | sm_120 | 8.0 GiB | torch 2.11.0+cu128/cu12.8 | tf32 off
checkpoint out/u2_2d/checkpoints/det_score_net.pt
L_c = 16 -> L_f = 32; 14 couplings: 4.0544, 5.2793, 8.2179, 12.7822, 16.1931, 23.7962, 33.4572, 47.4445, 67.5917, 105.244, 135.861, 199.229, 267.858, 407.306
PLAIN round: no topological updates in any arm
  b=   10.93 (model   2.79) <Q^2>ex=12.158  seed=   0.0 cold=   2.4 hot=   1.9  n= 400  iv=  5.6(cold)  flips= 4110  HMC healthy   [253s]
  b=   13.86 (model   3.52) <Q^2>ex=8.943  seed=   6.5 cold=   2.2 hot=   2.1  n= 400  iv=  5.4(cold)  flips=  837  HMC healthy   [288s]
  b=   24.63 (model   6.18) <Q^2>ex=4.608  seed=   0.0 cold=   2.2 hot=   2.1  n= 400  iv=  5.5(cold)  flips=    0  Q frozen      [376s]
  b=   44.00 (model  11.01) <Q^2>ex=2.473  seed=   0.0 cold=   2.4 hot=   2.2  n= 400  iv=  5.1(cold)  flips=    0  Q frozen      [470s]
  b=   58.03 (model  14.52) <Q^2>ex=1.853  seed=   0.0 cold=   2.4 hot=   2.2  n= 400  iv=  5.0(cold)  flips=    0  Q frozen      [475s]
  b=   88.76 (model  22.19) <Q^2>ex=1.196  seed=  17.9 cold=   2.4 hot= 263.7  n= 400  iv=  4.6(cold)  flips=    0  Q frozen      [586s]
  b=  127.55 (model  31.89) <Q^2>ex=0.827  seed=  23.0 cold=   2.6 hot=   inf  n= 200  iv=  4.1(cold)  flips=    0  Q frozen      [344s]
  b=  183.59 (model  45.90) <Q^2>ex=0.571  seed=   inf cold=   2.2 hot=   inf  n= 200  iv=  4.2(cold)  flips=    0  Q frozen      [421s]
  b=  264.24 (model  66.06) <Q^2>ex=0.391  seed=  49.4 cold=   2.8 hot=   inf  n= 200  iv=  3.9(cold)  flips=    0  Q frozen      [501s]
  b=  414.90 (model 103.73) <Q^2>ex=0.217  seed=  77.4 cold=   2.2 hot=   inf  n= 200  iv=  3.8(cold)  flips=    0  Q frozen      [650s]
  b=  537.38 (model 134.35) <Q^2>ex=0.132  seed= 461.5 cold=   2.5 hot=   inf  n= 200  iv=  4.0(cold)  flips=    0  Q frozen      [749s]
  b=  790.87 (model 197.72) <Q^2>ex=0.043  seed=   inf cold=   2.5 hot=1057.4  n= 150  iv=  3.3(cold)  flips=    0  Q frozen      [671s]
  b= 1065.40 (model 266.35) <Q^2>ex=0.012  seed=   inf cold=   2.5 hot= 474.0  n= 150  iv=  3.7(cold)  flips=    0  Q frozen      [792s]
  b= 1623.19 (model 405.80) <Q^2>ex=0.001  seed=   inf cold=   3.0 hot= 181.8  n= 150  iv=  3.7(cold)  flips=    0  Q frozen      [932s]
wrote out\u2_2d\coverage_scan_relaxation\default\crossover.json
