
=== launch Thu Sep  3 18:00:05 2026: C:\Users\ompan\Desktop\Lattice QCD\inverse_rg_testing\.venv\Scripts\python.exe u2_2d/scripts/28_crossover_scan.py --checkpoint out/u2_2d/checkpoints/det_score_net.pt --fine-size 32 --n-chains 64 --n-couplings 14 --out-dir out\u2_2d\coverage_scan_relaxation\default --tag crossover_topo --topological-updates ===
C:\Users\ompan\Desktop\Lattice QCD\inverse_rg_testing\.venv\Lib\site-packages\torch\_utils.py:106: UserWarning: expandable_segments not supported on this platform (Triggered internally at C:\actions-runner\_work\pytorch\pytorch\pytorch\c10/cuda/CUDAAllocatorConfig.h:39.)
  untyped_storage = torch.UntypedStorage(self.size(), device=device)
cuda | NVIDIA GeForce RTX 5060 Laptop GPU | sm_120 | 8.0 GiB | torch 2.11.0+cu128/cu12.8 | tf32 off
checkpoint out/u2_2d/checkpoints/det_score_net.pt
L_c = 16 -> L_f = 32; 14 couplings: 4.0544, 5.2793, 8.2179, 12.7822, 16.1931, 23.7962, 33.4572, 47.4445, 67.5917, 105.244, 135.861, 199.229, 267.858, 407.306
WINDING round: charge_step=1, interval=5
  b=   10.93 (model   2.79) <Q^2>ex=12.158  seed=   inf cold=   2.1 hot=   1.8  n= 400  iv=  5.2(cold)  flips= 5712  HMC healthy   [757s]

=== launch Thu Sep  3 18:23:26 2026: C:\Users\ompan\Desktop\Lattice QCD\inverse_rg_testing\.venv\Scripts\python.exe u2_2d/scripts/28_crossover_scan.py --checkpoint out/u2_2d/checkpoints/det_score_net.pt --fine-size 32 --n-chains 64 --n-couplings 14 --out-dir out\u2_2d\coverage_scan_relaxation\default --tag crossover_topo --topological-updates ===
C:\Users\ompan\Desktop\Lattice QCD\inverse_rg_testing\.venv\Lib\site-packages\torch\_utils.py:106: UserWarning: expandable_segments not supported on this platform (Triggered internally at C:\actions-runner\_work\pytorch\pytorch\pytorch\c10/cuda/CUDAAllocatorConfig.h:39.)
  untyped_storage = torch.UntypedStorage(self.size(), device=device)
cuda | NVIDIA GeForce RTX 5060 Laptop GPU | sm_120 | 8.0 GiB | torch 2.11.0+cu128/cu12.8 | tf32 off
checkpoint out/u2_2d/checkpoints/det_score_net.pt
L_c = 16 -> L_f = 32; 14 couplings: 4.0544, 5.2793, 8.2179, 12.7822, 16.1931, 23.7962, 33.4572, 47.4445, 67.5917, 105.244, 135.861, 199.229, 267.858, 407.306
WINDING round: charge_step=1, interval=5
  b=   10.93 (model   2.79) <Q^2>ex=12.158  seed=   inf cold=   2.1 hot=   1.8  n= 400  iv=  5.2(cold)  flips= 5712  HMC healthy   [1043s]
  b=   13.86 (model   3.52) <Q^2>ex=8.943  seed=   4.7 cold=   2.1 hot=   2.0  n= 400  iv=  4.3(cold)  flips= 4672  HMC healthy   [1178s]
  b=   24.63 (model   6.18) <Q^2>ex=4.608  seed=  13.2 cold=   2.2 hot=   1.9  n= 400  iv=  4.0(cold)  flips= 4203  HMC healthy   [1208s]

=== launch Fri Sep  4 07:22:48 2026: C:\Users\ompan\Desktop\Lattice QCD\inverse_rg_testing\.venv\Scripts\python.exe u2_2d/scripts/28_crossover_scan.py --checkpoint out/u2_2d/checkpoints/det_score_net.pt --fine-size 32 --n-chains 64 --n-couplings 14 --out-dir out\u2_2d\coverage_scan_relaxation\default --tag crossover_topo --topological-updates ===
C:\Users\ompan\Desktop\Lattice QCD\inverse_rg_testing\.venv\Lib\site-packages\torch\_utils.py:106: UserWarning: expandable_segments not supported on this platform (Triggered internally at C:\actions-runner\_work\pytorch\pytorch\pytorch\c10/cuda/CUDAAllocatorConfig.h:39.)
  untyped_storage = torch.UntypedStorage(self.size(), device=device)
cuda | NVIDIA GeForce RTX 5060 Laptop GPU | sm_120 | 8.0 GiB | torch 2.11.0+cu128/cu12.8 | tf32 off
checkpoint out/u2_2d/checkpoints/det_score_net.pt
L_c = 16 -> L_f = 32; 14 couplings: 4.0544, 5.2793, 8.2179, 12.7822, 16.1931, 23.7962, 33.4572, 47.4445, 67.5917, 105.244, 135.861, 199.229, 267.858, 407.306
WINDING round: charge_step=1, interval=5
  b=   10.93 (model   2.79) <Q^2>ex=12.158  seed=   inf cold=   2.1 hot=   1.8  n= 400  iv=  5.2(cold)  flips= 5712  HMC healthy   [452s]
  b=   13.86 (model   3.52) <Q^2>ex=8.943  seed=   4.7 cold=   2.1 hot=   2.0  n= 400  iv=  4.3(cold)  flips= 4672  HMC healthy   [440s]
  b=   24.63 (model   6.18) <Q^2>ex=4.608  seed=  13.2 cold=   2.2 hot=   1.9  n= 400  iv=  4.0(cold)  flips= 4203  HMC healthy   [491s]
  b=   44.00 (model  11.01) <Q^2>ex=2.473  seed=   inf cold=   2.1 hot=   2.1  n= 400  iv=  3.8(cold)  flips= 3776  HMC healthy   [548s]
  b=   58.03 (model  14.52) <Q^2>ex=1.853  seed=   0.0 cold=   2.3 hot=   2.1  n= 400  iv=  4.6(cold)  flips= 3569  HMC healthy   [580s]
  b=   88.76 (model  22.19) <Q^2>ex=1.196  seed=  19.1 cold=   2.1 hot=  12.6  n= 400  iv=  4.2(cold)  flips= 3245  HMC healthy   [635s]
  b=  127.55 (model  31.89) <Q^2>ex=0.827  seed=  32.6 cold=   2.3 hot= 222.3  n= 200  iv=  3.3(cold)  flips= 1428  HMC healthy   [332s]
  b=  183.59 (model  45.90) <Q^2>ex=0.571  seed=   inf cold=   2.1 hot= 386.3  n= 200  iv=  3.4(cold)  flips= 1162  HMC healthy   [375s]
  b=  264.24 (model  66.06) <Q^2>ex=0.391  seed=  43.2 cold=   2.6 hot= 428.9  n= 200  iv=  3.7(cold)  flips=  895  HMC healthy   [413s]
  b=  414.90 (model 103.73) <Q^2>ex=0.217  seed=   0.0 cold=   2.3 hot=   inf  n= 200  iv=  3.9(cold)  flips=  533  HMC healthy   [458s]
  b=  537.38 (model 134.35) <Q^2>ex=0.132  seed= 600.7 cold=   2.5 hot= 149.3  n= 200  iv=  3.7(cold)  flips=  334  HMC healthy   [517s]
  b=  790.87 (model 197.72) <Q^2>ex=0.043  seed=   inf cold=   2.5 hot=  41.6  n= 150  iv=  3.0(cold)  flips=   84  HMC healthy   [441s]
  b= 1065.40 (model 266.35) <Q^2>ex=0.012  seed=   inf cold=   2.6 hot=  46.5  n= 150  iv=  3.3(cold)  flips=   36  HMC healthy   [505s]
  b= 1623.19 (model 405.80) <Q^2>ex=0.001  seed=   inf cold=   2.8 hot=  27.8  n= 150  iv=  3.7(cold)  flips=    2  HMC healthy   [588s]
wrote out\u2_2d\coverage_scan_relaxation\default\crossover_topo.json
