
=== launch Sun Sep  6 15:59:56 2026: C:\Users\ompan\Desktop\Lattice QCD\inverse_rg_testing\.venv\Scripts\python.exe u2_2d/scripts/28_crossover_scan.py --checkpoint out/u2_2d/checkpoints/det_score_net_wide_dense.pt --fine-size 64 --n-chains 64 --n-couplings 8 --out-dir out\u2_2d\coverage_scan_relaxation\wide_dense --tag crossover_L64_topo --topological-updates ===
C:\Users\ompan\Desktop\Lattice QCD\inverse_rg_testing\.venv\Lib\site-packages\torch\_utils.py:106: UserWarning: expandable_segments not supported on this platform (Triggered internally at C:\actions-runner\_work\pytorch\pytorch\pytorch\c10/cuda/CUDAAllocatorConfig.h:39.)
  untyped_storage = torch.UntypedStorage(self.size(), device=device)
cuda | NVIDIA GeForce RTX 5060 Laptop GPU | sm_120 | 8.0 GiB | torch 2.11.0+cu128/cu12.8 | tf32 off
checkpoint out/u2_2d/checkpoints/det_score_net_wide_dense.pt
L_c = 32 -> L_f = 64; 8 couplings: 8.3757, 12.1743, 25.0485, 45.0584, 79.1213, 160.725, 275.229, 416.524
WINDING round: charge_step=1, interval=5
  b=   25.29 (model   6.35) <Q^2>ex=17.901  seed=  18.9 cold=   nan hot=   inf  n= 400  iv=  5.2(diff)  flips= 4620  HMC healthy   [3279s]
  b=   41.46 (model  10.38) <Q^2>ex=10.532  seed=  35.2 cold=   nan hot=   nan  n= 400  iv=  4.8(diff)  flips= 4500  HMC healthy   [4009s]
  b=   93.79 (model  23.45) <Q^2>ex=4.522  seed=  39.6 cold=   nan hot=   nan  n= 400  iv=  5.2(diff)  flips= 4146  HMC healthy   [4969s]
  b=  174.03 (model  43.51) <Q^2>ex=2.413  seed=   0.0 cold=   nan hot=   nan  n= 200  iv=  4.0(diff)  flips= 1864  HMC healthy   [2963s]
  b=  310.38 (model  77.60) <Q^2>ex=1.346  seed=  41.5 cold=   nan hot=   inf  n= 200  iv=  3.8(diff)  flips= 1637  HMC healthy   [3054s]
  b=  636.85 (model 159.21) <Q^2>ex=0.654  seed=  65.5 cold=   nan hot=   nan  n= 150  iv=  3.9(diff)  flips=  894  HMC healthy   [2657s]
  b= 1094.89 (model 273.72) <Q^2>ex=0.373  seed=   inf cold=   nan hot=   nan  n= 150  iv=  4.4(diff)  flips=  658  HMC healthy   [4283s]
  b= 1660.08 (model 415.02) <Q^2>ex=0.215  seed=  70.3 cold=   nan hot=   nan  n= 150  iv=  5.9(diff)  flips=  416  HMC healthy   [5107s]
wrote out\u2_2d\coverage_scan_relaxation\wide_dense\crossover_L64_topo.json

=== launch Mon Sep  7 21:14:35 2026: C:\Users\ompan\Desktop\Lattice QCD\inverse_rg_testing\.venv\Scripts\python.exe u2_2d/scripts/28_crossover_scan.py --checkpoint out/u2_2d/checkpoints/det_score_net_wide_dense.pt --fine-size 64 --n-chains 64 --n-couplings 8 --out-dir out\u2_2d\coverage_scan_relaxation\wide_dense --tag crossover_L64_topo --topological-updates ===
cuda | NVIDIA GeForce RTX 5060 Laptop GPU | sm_120 | 8.0 GiB | torch 2.11.0+cu128/cu12.8 | tf32 off
checkpoint out/u2_2d/checkpoints/det_score_net_wide_dense.pt
L_c = 32 -> L_f = 64; 8 couplings: 8.3757, 12.1743, 25.0485, 45.0584, 79.1213, 160.725, 275.229, 416.524
WINDING round: charge_step=1, interval=5
  b=   25.29 (model   6.35) <Q^2>ex=17.901  seed=  18.9 cold=   nan hot=   inf  n= 400  iv=  5.2(diff)  flips= 4620  HMC healthy   [2620s]
  b=   41.46 (model  10.38) <Q^2>ex=10.532  seed=  35.2 cold=   nan hot=   nan  n= 400  iv=  4.8(diff)  flips= 4500  HMC healthy   [2837s]
  b=   93.79 (model  23.45) <Q^2>ex=4.522  seed=  39.6 cold=   nan hot=   nan  n= 400  iv=  5.2(diff)  flips= 4146  HMC healthy   [3522s]
  b=  174.03 (model  43.51) <Q^2>ex=2.413  seed=   0.0 cold=   nan hot=   nan  n= 200  iv=  4.0(diff)  flips= 1864  HMC healthy   [2112s]
  b=  310.38 (model  77.60) <Q^2>ex=1.346  seed=  41.5 cold=   nan hot=   inf  n= 200  iv=  3.8(diff)  flips= 1637  HMC healthy   [1363s]
  b=  636.85 (model 159.21) <Q^2>ex=0.654  seed=  65.5 cold=   nan hot=   nan  n= 150  iv=  3.9(diff)  flips=  894  HMC healthy   [1250s]
  b= 1094.89 (model 273.72) <Q^2>ex=0.373  seed=   inf cold=   nan hot=   nan  n= 150  iv=  4.4(diff)  flips=  658  HMC healthy   [1534s]
  b= 1660.08 (model 415.02) <Q^2>ex=0.215  seed=  70.3 cold=   nan hot=   nan  n= 150  iv=  5.9(diff)  flips=  416  HMC healthy   [1833s]
wrote out\u2_2d\coverage_scan_relaxation\wide_dense\crossover_L64_topo.json
