
=== launch Sat Sep  5 20:52:50 2026: C:\Users\ompan\Desktop\Lattice QCD\inverse_rg_testing\.venv\Scripts\python.exe u2_2d/scripts/28_crossover_scan.py --checkpoint out/u2_2d/checkpoints/det_score_net_wide_dense.pt --fine-size 32 --n-chains 64 --n-couplings 14 --out-dir out\u2_2d\coverage_scan_relaxation\wide_dense --tag crossover ===
C:\Users\ompan\Desktop\Lattice QCD\inverse_rg_testing\.venv\Lib\site-packages\torch\_utils.py:106: UserWarning: expandable_segments not supported on this platform (Triggered internally at C:\actions-runner\_work\pytorch\pytorch\pytorch\c10/cuda/CUDAAllocatorConfig.h:39.)
  untyped_storage = torch.UntypedStorage(self.size(), device=device)
cuda | NVIDIA GeForce RTX 5060 Laptop GPU | sm_120 | 8.0 GiB | torch 2.11.0+cu128/cu12.8 | tf32 off
checkpoint out/u2_2d/checkpoints/det_score_net_wide_dense.pt
L_c = 16 -> L_f = 32; 14 couplings: 4.0544, 5.2793, 8.2179, 12.7822, 16.1931, 23.7962, 33.4572, 47.4445, 67.5917, 105.244, 135.861, 199.229, 267.858, 407.306
PLAIN round: no topological updates in any arm
Traceback (most recent call last):
  File "C:\Users\ompan\Desktop\Lattice QCD\inverse_rg_testing\u2_2d\scripts\28_crossover_scan.py", line 717, in <module>
    raise SystemExit(main())
                     ~~~~^^
  File "C:\Users\ompan\Desktop\Lattice QCD\inverse_rg_testing\u2_2d\scripts\28_crossover_scan.py", line 559, in main
    save_ensemble(cache, fine.cpu(), {"beta": beta, "lattice_size": size,
    ~~~~~~~~~~~~~^^^^^^^^^^^^^^^^^^^^^^^^^^^^^^^^^^^^^^^^^^^^^^^^^^^^^^^^
                                      "base_beta": base_beta})
                                      ^^^^^^^^^^^^^^^^^^^^^^^^
  File "C:\Users\ompan\Desktop\Lattice QCD\inverse_rg_testing\u1_2d\utils.py", line 96, in save_ensemble
    tmp.replace(path)
    ~~~~~~~~~~~^^^^^^
  File "C:\Users\ompan\AppData\Local\Programs\Python\Python313\Lib\pathlib\_local.py", line 780, in replace
    os.replace(self, target)
    ~~~~~~~~~~^^^^^^^^^^^^^^
PermissionError: [WinError 32] The process cannot access the file because it is being used by another process: 'out\\u2_2d\\coverage_scan_relaxation\\wide_dense\\seeds\\seed_L32_beta10.9299_n64.pt.tmp' -> 'out\\u2_2d\\coverage_scan_relaxation\\wide_dense\\seeds\\seed_L32_beta10.9299_n64.pt'
