
=== launch Sat Sep  5 00:19:22 2026: C:\Users\ompan\Desktop\Lattice QCD\inverse_rg_testing\.venv\Scripts\python.exe u2_2d/scripts/28_crossover_scan.py --checkpoint out/u2_2d/checkpoints/det_score_net_wide.pt --fine-size 32 --n-chains 64 --n-couplings 14 --out-dir out\u2_2d\coverage_scan_relaxation\wide --tag crossover_topo --topological-updates ===
C:\Users\ompan\Desktop\Lattice QCD\inverse_rg_testing\.venv\Lib\site-packages\torch\_utils.py:106: UserWarning: expandable_segments not supported on this platform (Triggered internally at C:\actions-runner\_work\pytorch\pytorch\pytorch\c10/cuda/CUDAAllocatorConfig.h:39.)
  untyped_storage = torch.UntypedStorage(self.size(), device=device)
cuda | NVIDIA GeForce RTX 5060 Laptop GPU | sm_120 | 8.0 GiB | torch 2.11.0+cu128/cu12.8 | tf32 off
checkpoint out/u2_2d/checkpoints/det_score_net_wide.pt
L_c = 16 -> L_f = 32; 14 couplings: 4.0544, 5.2793, 8.2179, 12.7822, 16.1931, 23.7962, 33.4572, 47.4445, 67.5917, 105.244, 135.861, 199.229, 267.858, 407.306
WINDING round: charge_step=1, interval=5
  b=   10.93 (model   2.79) <Q^2>ex=12.158  seed=   0.0 cold=   2.1 hot=   1.9  n= 400  iv=  4.6(cold)  flips= 5730  HMC healthy   [454s]
  b=   13.86 (model   3.52) <Q^2>ex=8.943  seed=   5.4 cold=   2.1 hot=   1.9  n= 400  iv=  3.9(cold)  flips= 4654  HMC healthy   [451s]
  b=   24.63 (model   6.18) <Q^2>ex=4.608  seed=   7.1 cold=   2.1 hot=   1.9  n= 400  iv=  3.9(cold)  flips= 4166  HMC healthy   [462s]
  b=   44.00 (model  11.01) <Q^2>ex=2.473  seed=   0.0 cold=   2.2 hot=   2.1  n= 400  iv=  3.9(cold)  flips= 3749  HMC healthy   [504s]
  b=   58.03 (model  14.52) <Q^2>ex=1.853  seed=   0.0 cold=   2.1 hot=   2.2  n= 400  iv=  4.2(cold)  flips= 3575  HMC healthy   [515s]
  b=   88.76 (model  22.19) <Q^2>ex=1.196  seed=  28.3 cold=   2.1 hot=  12.2  n= 400  iv=  3.9(cold)  flips= 3238  HMC healthy   [576s]
  b=  127.55 (model  31.89) <Q^2>ex=0.827  seed=  35.7 cold=   2.4 hot= 304.7  n= 200  iv=  3.5(cold)  flips= 1393  HMC healthy   [327s]
  b=  183.59 (model  45.90) <Q^2>ex=0.571  seed=   inf cold=   2.0 hot= 367.5  n= 200  iv=  3.2(cold)  flips= 1137  HMC healthy   [340s]
  b=  264.24 (model  66.06) <Q^2>ex=0.391  seed=  93.8 cold=   2.7 hot=   inf  n= 200  iv=  3.5(cold)  flips=  872  HMC healthy   [416s]
  b=  414.90 (model 103.73) <Q^2>ex=0.217  seed=   inf cold=   2.2 hot=  89.7  n= 200  iv=  4.2(cold)  flips=  507  HMC healthy   [541s]
  b=  537.38 (model 134.35) <Q^2>ex=0.132  seed=   0.0 cold=   2.5 hot= 148.1  n= 200  iv=  3.8(cold)  flips=  325  HMC healthy   [579s]
  b=  790.87 (model 197.72) <Q^2>ex=0.043  seed= 151.8 cold=   2.6 hot=  38.4  n= 150  iv=  3.5(cold)  flips=   81  HMC healthy   [513s]
  b= 1065.40 (model 266.35) <Q^2>ex=0.012  seed=  53.7 cold=   2.6 hot=  35.4  n= 150  iv=  3.4(cold)  flips=   13  HMC healthy   [557s]
  b= 1623.19 (model 405.80) <Q^2>ex=0.001  seed=   inf cold=   2.9 hot=  26.8  n= 150  iv=  3.3(cold)  flips=    0  Q frozen      [666s]
wrote out\u2_2d\coverage_scan_relaxation\wide\crossover_topo.json
