
=== launch Sat Sep  5 20:52:51 2026: C:\Users\ompan\Desktop\Lattice QCD\inverse_rg_testing\.venv\Scripts\python.exe u2_2d/scripts/28_crossover_scan.py --checkpoint out/u2_2d/checkpoints/det_score_net_wide_dense.pt --fine-size 32 --n-chains 64 --n-couplings 14 --out-dir out\u2_2d\coverage_scan_relaxation\wide_dense --tag crossover_topo --topological-updates ===
C:\Users\ompan\Desktop\Lattice QCD\inverse_rg_testing\.venv\Lib\site-packages\torch\_utils.py:106: UserWarning: expandable_segments not supported on this platform (Triggered internally at C:\actions-runner\_work\pytorch\pytorch\pytorch\c10/cuda/CUDAAllocatorConfig.h:39.)
  untyped_storage = torch.UntypedStorage(self.size(), device=device)
cuda | NVIDIA GeForce RTX 5060 Laptop GPU | sm_120 | 8.0 GiB | torch 2.11.0+cu128/cu12.8 | tf32 off
checkpoint out/u2_2d/checkpoints/det_score_net_wide_dense.pt
L_c = 16 -> L_f = 32; 14 couplings: 4.0544, 5.2793, 8.2179, 12.7822, 16.1931, 23.7962, 33.4572, 47.4445, 67.5917, 105.244, 135.861, 199.229, 267.858, 407.306
WINDING round: charge_step=1, interval=5
  b=   10.93 (model   2.79) <Q^2>ex=12.158  seed=   inf cold=   2.1 hot=   1.9  n= 400  iv=  4.7(cold)  flips= 5672  HMC healthy   [564s]
  b=   13.86 (model   3.52) <Q^2>ex=8.943  seed=  20.4 cold=   2.2 hot=   1.9  n= 400  iv=  3.8(cold)  flips= 4624  HMC healthy   [593s]
  b=   24.63 (model   6.18) <Q^2>ex=4.608  seed=   0.0 cold=   2.1 hot=   2.0  n= 400  iv=  4.4(cold)  flips= 4101  HMC healthy   [637s]
  b=   44.00 (model  11.01) <Q^2>ex=2.473  seed=1733.7 cold=   2.1 hot=   2.0  n= 400  iv=  3.8(cold)  flips= 3765  HMC healthy   [693s]
  b=   58.03 (model  14.52) <Q^2>ex=1.853  seed=   0.0 cold=   2.2 hot=   2.1  n= 400  iv=  4.0(cold)  flips= 3614  HMC healthy   [707s]
  b=   88.76 (model  22.19) <Q^2>ex=1.196  seed=   inf cold=   2.1 hot=   2.3  n= 400  iv=  3.9(cold)  flips= 3211  HMC healthy   [682s]
  b=  127.55 (model  31.89) <Q^2>ex=0.827  seed=   0.0 cold=   2.3 hot= 215.5  n= 200  iv=  3.1(cold)  flips= 1411  HMC healthy   [599s]
  b=  183.59 (model  45.90) <Q^2>ex=0.571  seed=   0.0 cold=   2.1 hot= 402.7  n= 200  iv=  3.6(cold)  flips= 1117  HMC healthy   [701s]
  b=  264.24 (model  66.06) <Q^2>ex=0.391  seed=   inf cold=   2.7 hot= 233.6  n= 200  iv=  3.7(cold)  flips=  911  HMC healthy   [787s]
  b=  414.90 (model 103.73) <Q^2>ex=0.217  seed= 228.4 cold=   2.4 hot=  84.4  n= 200  iv=  3.8(cold)  flips=  543  HMC healthy   [891s]
  b=  537.38 (model 134.35) <Q^2>ex=0.132  seed=  50.5 cold=   2.5 hot= 150.6  n= 200  iv=  4.3(cold)  flips=  341  HMC healthy   [979s]
  b=  790.87 (model 197.72) <Q^2>ex=0.043  seed= 130.5 cold=   2.4 hot=  56.2  n= 150  iv=  3.5(cold)  flips=   70  HMC healthy   [848s]
  b= 1065.40 (model 266.35) <Q^2>ex=0.012  seed=   inf cold=   2.7 hot=  47.9  n= 150  iv=  3.4(cold)  flips=   22  HMC healthy   [953s]
  b= 1623.19 (model 405.80) <Q^2>ex=0.001  seed=   inf cold=   2.8 hot=  24.9  n= 150  iv=  4.0(cold)  flips=    0  Q frozen      [1052s]
wrote out\u2_2d\coverage_scan_relaxation\wide_dense\crossover_topo.json

=== launch Sun Sep  6 12:58:32 2026: C:\Users\ompan\Desktop\Lattice QCD\inverse_rg_testing\.venv\Scripts\python.exe u2_2d/scripts/28_crossover_scan.py --checkpoint out/u2_2d/checkpoints/det_score_net_wide_dense.pt --fine-size 32 --n-chains 64 --n-couplings 14 --out-dir out\u2_2d\coverage_scan_relaxation\wide_dense --tag crossover_topo --topological-updates ===
C:\Users\ompan\Desktop\Lattice QCD\inverse_rg_testing\.venv\Lib\site-packages\torch\_utils.py:106: UserWarning: expandable_segments not supported on this platform (Triggered internally at C:\actions-runner\_work\pytorch\pytorch\pytorch\c10/cuda/CUDAAllocatorConfig.h:39.)
  untyped_storage = torch.UntypedStorage(self.size(), device=device)
cuda | NVIDIA GeForce RTX 5060 Laptop GPU | sm_120 | 8.0 GiB | torch 2.11.0+cu128/cu12.8 | tf32 off
checkpoint out/u2_2d/checkpoints/det_score_net_wide_dense.pt
L_c = 16 -> L_f = 32; 14 couplings: 4.0544, 5.2793, 8.2179, 12.7822, 16.1931, 23.7962, 33.4572, 47.4445, 67.5917, 105.244, 135.861, 199.229, 267.858, 407.306
WINDING round: charge_step=1, interval=5
  b=   10.93 (model   2.79) <Q^2>ex=12.158  seed=   inf cold=   2.1 hot=   nan  n= 400  iv=  4.7(cold)  flips= 5672  HMC healthy   [589s]
  b=   13.86 (model   3.52) <Q^2>ex=8.943  seed=   0.0 cold=   1.9 hot=   nan  n= 400  iv=  4.8(cold)  flips= 4717  HMC healthy   [722s]
  b=   24.63 (model   6.18) <Q^2>ex=4.608  seed=   0.0 cold=   nan hot=   nan  n= 400  iv=  4.2(diff)  flips= 4167  HMC healthy   [765s]
  b=   44.00 (model  11.01) <Q^2>ex=2.473  seed=   0.0 cold=   nan hot=   nan  n= 400  iv=  3.6(diff)  flips= 3826  HMC healthy   [832s]
  b=   58.03 (model  14.52) <Q^2>ex=1.853  seed=   0.0 cold=   nan hot=   nan  n= 400  iv=  4.6(diff)  flips= 3573  HMC healthy   [840s]
  b=   88.76 (model  22.19) <Q^2>ex=1.196  seed=   inf cold=   nan hot=   nan  n= 400  iv=  4.2(diff)  flips= 3182  HMC healthy   [940s]
  b=  127.55 (model  31.89) <Q^2>ex=0.827  seed=   0.0 cold=   nan hot=   inf  n= 200  iv=  3.3(diff)  flips= 1423  HMC healthy   [514s]
  b=  183.59 (model  45.90) <Q^2>ex=0.571  seed=  48.8 cold=   nan hot=   nan  n= 200  iv=  3.2(diff)  flips= 1149  HMC healthy   [568s]
  b=  264.24 (model  66.06) <Q^2>ex=0.391  seed=   inf cold=   nan hot=   inf  n= 200  iv=  3.6(diff)  flips=  884  HMC healthy   [686s]
  b=  414.90 (model 103.73) <Q^2>ex=0.217  seed=   0.0 cold=   nan hot=   nan  n= 200  iv=  3.8(diff)  flips=  507  HMC healthy   [819s]
  b=  537.38 (model 134.35) <Q^2>ex=0.132  seed=   0.0 cold=   nan hot=   nan  n= 200  iv=  3.8(diff)  flips=  325  HMC healthy   [866s]
  b=  790.87 (model 197.72) <Q^2>ex=0.043  seed=   inf cold=   nan hot=   nan  n= 150  iv=  3.5(diff)  flips=   81  HMC healthy   [747s]
  b= 1065.40 (model 266.35) <Q^2>ex=0.012  seed=   inf cold=   nan hot=   nan  n= 150  iv=  3.3(diff)  flips=   13  HMC healthy   [939s]
