[Fri 07/24/2026 17:00:19.14] VERIFY_CHAIN_START 
STAGE_CACHECOPY
STAGE_STUDY (2 shards)
[17:00:19] start study-shard1 (torch_threads=5): diffusion/scripts/06_generalization_study.py --out-dir c:\Users\ompan\OneDrive\Desktop\Lattice QCD Research\dev\InverseRG\out\diffusion\demo_v6\generalization_blend_verify --checkpoint out/diffusion/demo_v6/checkpoints/score_net.pt --seed 20260718 --physics-blend 1.0 --sigma-floor-coef 0.1 --cases A_bc0.25,A_bc0.5,A_bc0.75,A_bc1,A_bc1.5,A_bc2,A_bc3,A_bc4,A_bc5,A_bc6,A_bc8,D_bc14.1464,D_bc20,D_bc30,D_bc40,D_bc55.0237,B_bt6,B_bt10,B_bt16,B_bt20,B_bt30,B_bt55.0237,B_bc2_bt8
[17:00:19] start study-shard2 (torch_threads=5): diffusion/scripts/06_generalization_study.py --out-dir c:\Users\ompan\OneDrive\Desktop\Lattice QCD Research\dev\InverseRG\out\diffusion\demo_v6\generalization_blend_verify_shard2 --checkpoint out/diffusion/demo_v6/checkpoints/score_net.pt --seed 20260718 --physics-blend 1.0 --sigma-floor-coef 0.1 --cases E_bc1.2,E_bc2.7,E_bc3.4,E_bc4.5,E_bc5.8,E_bc9,E_bc11.8,E_bc18,E_bc35,E_bc45,F_L32_bc100,F_L32_bc218.58,F_L64_bc55.0237,C_L64,C_L128
23 cases, output -> c:\Users\ompan\OneDrive\Desktop\Lattice QCD Research\dev\InverseRG\out\diffusion\demo_v6\generalization_blend_verify
[1/23] A_bc0.25: already done, skipping
[2/23] A_bc0.5: already done, skipping
[3/23] A_bc0.75: already done, skipping
[4/23] A_bc1: already done, skipping
[5/23] A_bc1.5: already done, skipping
[6/23] A_bc2: already done, skipping
[7/23] A_bc3: already done, skipping
[8/23] A_bc4: already done, skipping
[9/23] A_bc5: already done, skipping
[10/23] A_bc6: already done, skipping
[11/23] A_bc8: already done, skipping
[12/23] D_bc14.1464: already done, skipping
[13/23] D_bc20: already done, skipping
[14/23] D_bc30: already done, skipping
[15/23] D_bc40: already done, skipping
[16/23] D_bc55.0237: base L=16 beta=55.0237 -> L=32 beta=218.58 (matched pair 55.0237 -> 218.5802 (beyond training range))
    generated 128 configs L=32 beta=218.58 in 491s
    case done in 510s
[17/23] B_bt6: base L=16 beta=4 -> L=32 beta=6 (mismatch: matched target is 14.1464)
    generated 128 configs L=32 beta=6 in 526s
    case done in 541s
[18/23] B_bt10: base L=16 beta=4 -> L=32 beta=10 (mismatch: matched target is 14.1464)
    generated 128 configs L=32 beta=10 in 694s
    case done in 717s
[19/23] B_bt16: base L=16 beta=4 -> L=32 beta=16 (mismatch: matched target is 14.1464)
    generated 128 configs L=32 beta=16 in 504s
    case done in 515s
[20/23] B_bt20: base L=16 beta=4 -> L=32 beta=20 (mismatch: matched target is 14.1464)
    generated 128 configs L=32 beta=20 in 221s
    case done in 230s
[21/23] B_bt30: base L=16 beta=4 -> L=32 beta=30 (mismatch: matched target is 14.1464)
    generated 128 configs L=32 beta=30 in 219s
    case done in 228s
[22/23] B_bt55.0237: base L=16 beta=4 -> L=32 beta=55.0237 (mismatch: matched target is 14.1464)
    generated 128 configs L=32 beta=55.0237 in 209s
    case done in 218s
[23/23] B_bc2_bt8: base L=16 beta=2 -> L=32 beta=8 (tree-level beta_f = 4 beta_c; matched target is 6.1052)
    generated 128 configs L=32 beta=8 in 198s
    case done in 208s
summary: c:\Users\ompan\OneDrive\Desktop\Lattice QCD Research\dev\InverseRG\out\diffusion\demo_v6\generalization_blend_verify\summary.json
tables:  c:\Users\ompan\OneDrive\Desktop\Lattice QCD Research\dev\InverseRG\out\diffusion\demo_v6\generalization_blend_verify\summary_tables.md
[17:53:15] done study-shard1
15 cases, output -> c:\Users\ompan\OneDrive\Desktop\Lattice QCD Research\dev\InverseRG\out\diffusion\demo_v6\generalization_blend_verify_shard2
[1/15] E_bc1.2: already done, skipping
[2/15] E_bc2.7: already done, skipping
[3/15] E_bc3.4: already done, skipping
[4/15] E_bc4.5: already done, skipping
[5/15] E_bc5.8: already done, skipping
[6/15] E_bc9: already done, skipping
[7/15] E_bc11.8: already done, skipping
[8/15] E_bc18: already done, skipping
[9/15] E_bc35: already done, skipping
[10/15] E_bc45: already done, skipping
[11/15] F_L32_bc100: already done, skipping
[12/15] F_L32_bc218.58: already done, skipping
[13/15] F_L64_bc55.0237: already done, skipping
[14/15] C_L64: already done, skipping
[15/15] C_L128: base L=64 beta=4 -> L=128 beta=14.1464 (size scan rung)
    generated 64 configs L=128 beta=14.1464 in 2233s
    case done in 2309s
summary: c:\Users\ompan\OneDrive\Desktop\Lattice QCD Research\dev\InverseRG\out\diffusion\demo_v6\generalization_blend_verify_shard2\summary.json
tables:  c:\Users\ompan\OneDrive\Desktop\Lattice QCD Research\dev\InverseRG\out\diffusion\demo_v6\generalization_blend_verify_shard2\summary_tables.md
[17:53:15] done study-shard2
STAGE_MERGE
[17:53:16] start study-report (torch_threads=5): diffusion/scripts/06_generalization_study.py --out-dir c:\Users\ompan\OneDrive\Desktop\Lattice QCD Research\dev\InverseRG\out\diffusion\demo_v6\generalization_blend_verify --report-only
summary: c:\Users\ompan\OneDrive\Desktop\Lattice QCD Research\dev\InverseRG\out\diffusion\demo_v6\generalization_blend_verify\summary.json
tables:  c:\Users\ompan\OneDrive\Desktop\Lattice QCD Research\dev\InverseRG\out\diffusion\demo_v6\generalization_blend_verify\summary_tables.md
[17:53:23] done study-report
STAGE_S2_AND_THERM (parallel, NO baseline reuse -- matches current data lineage)
[17:53:23] start study-s2 (torch_threads=5): diffusion/scripts/06_generalization_study.py --out-dir c:\Users\ompan\OneDrive\Desktop\Lattice QCD Research\dev\InverseRG\out\diffusion\demo_v6\generalization_blend_verify\seeds\s2 --checkpoint out/diffusion/demo_v6/checkpoints/score_net.pt --seed 314159 --physics-blend 1.0 --sigma-floor-coef 0.1 --cases E_bc1.2,E_bc2.7,E_bc3.4,E_bc4.5,E_bc5.8,E_bc9,E_bc11.8,E_bc18,E_bc35,E_bc45,F_L32_bc100,F_L32_bc218.58,F_L64_bc55.0237
[17:53:23] start therm (torch_threads=5): diffusion/scripts/05_hmc_thermalization.py --config diffusion/configs/demo_v6.yaml --generalization c:\Users\ompan\OneDrive\Desktop\Lattice QCD Research\dev\InverseRG\out\diffusion\demo_v6\generalization_blend_verify --parts A,D,E,F --checkpoint out/diffusion/demo_v6/checkpoints/score_net.pt --physics-blend 1.0 --sigma-floor-coef 0.1 --out c:\Users\ompan\OneDrive\Desktop\Lattice QCD Research\dev\InverseRG\out\diffusion\demo_v6\generalization_blend_verify\thermalization
13 cases, output -> c:\Users\ompan\OneDrive\Desktop\Lattice QCD Research\dev\InverseRG\out\diffusion\demo_v6\generalization_blend_verify\seeds\s2
[1/13] E_bc1.2: base L=16 beta=1.2 -> L=32 beta=3.6012 (out-of-sample matched pair 1.2 -> 3.6012)
    generated 128 configs L=32 beta=3.6012 in 519s
    case done in 532s
[2/13] E_bc2.7: base L=16 beta=2.7 -> L=32 beta=8.79549 (out-of-sample matched pair 2.7 -> 8.7955)
    generated 128 configs L=32 beta=8.79549 in 572s
    case done in 593s
[3/13] E_bc3.4: base L=16 beta=3.4 -> L=32 beta=11.6638 (out-of-sample matched pair 3.4 -> 11.6638)
    generated 128 configs L=32 beta=11.6638 in 471s
    case done in 499s
[4/13] E_bc4.5: base L=16 beta=4.5 -> L=32 beta=16.2057 (out-of-sample matched pair 4.5 -> 16.2057)
    generated 128 configs L=32 beta=16.2057 in 517s
    case done in 539s
[5/13] E_bc5.8: base L=16 beta=5.8 -> L=32 beta=21.5051 (out-of-sample matched pair 5.8 -> 21.5051)
study-s2 FAILED rc=1
