queued: 36 L=32, 65 L=16/L=8
[ 0.09h] ok      L16b407.306 in   5.7 min  (1/101 done, 34+63 queued)
[ 0.09h] ok      L16b398.985 in   5.7 min  (2/101 done, 34+63 queued)
[ 0.18h] ok      L16b328.665 in   5.4 min  (3/101 done, 34+61 queued)
[ 0.19h] ok      L16b382.123 in   5.9 min  (4/101 done, 34+60 queued)
[ 0.27h] ok      L16b325.625 in   5.2 min  (5/101 done, 34+59 queued)
[ 0.28h] ok      L16b267.858 in   5.2 min  (6/101 done, 34+58 queued)
[ 0.36h] ok      L16b259.756 in   5.3 min  (7/101 done, 34+57 queued)
[ 0.38h] ok      L16b227.317 in   6.0 min  (8/101 done, 34+56 queued)
[ 0.45h] ok      L16b219.641 in   5.5 min  (9/101 done, 34+55 queued)
[ 0.48h] ok      L16b199.229 in   6.0 min  (10/101 done, 34+54 queued)
[ 0.55h] ok      L16b178.465 in   6.0 min  (11/101 done, 34+53 queued)
[ 0.58h] ok      L16b175.176 in   5.9 min  (12/101 done, 34+52 queued)
[ 0.65h] ok      L16b173.021 in   5.7 min  (13/101 done, 34+51 queued)
[ 0.67h] ok      L32b348.923 in  40.0 min  (14/101 done, 34+50 queued)
[ 0.67h] ok      L16b135.861 in   5.7 min  (15/101 done, 33+50 queued)
[ 0.68h] ok      L32b368.788 in  40.5 min  (16/101 done, 33+49 queued)
[ 0.74h] ok      L16b124.263 in   5.4 min  (17/101 done, 32+49 queued)
[ 0.76h] ok      L16b118.401 in   5.3 min  (18/101 done, 32+48 queued)
[ 0.82h] ok       L16b107.02 in   5.2 min  (19/101 done, 32+47 queued)
[ 0.85h] ok      L16b105.244 in   5.3 min  (20/101 done, 32+46 queued)
[ 0.91h] ok       L16b91.854 in   5.0 min  (21/101 done, 32+45 queued)
[ 0.93h] ok      L16b84.6771 in   4.8 min  (22/101 done, 32+44 queued)
[ 0.98h] ok      L16b74.4426 in   4.7 min  (23/101 done, 32+43 queued)
[ 1.01h] ok      L16b67.5917 in   4.8 min  (24/101 done, 32+42 queued)
[ 1.06h] ok      L16b67.4077 in   4.8 min  (25/101 done, 32+41 queued)
[ 1.08h] ok       L16b56.915 in   4.4 min  (26/101 done, 32+40 queued)
[ 1.14h] ok      L16b54.5735 in   4.4 min  (27/101 done, 32+39 queued)
[ 1.16h] ok      L16b52.8118 in   4.4 min  (28/101 done, 32+38 queued)
[ 1.22h] ok      L16b51.0255 in   5.0 min  (29/101 done, 32+37 queued)
[ 1.25h] ok      L16b47.4445 in   5.4 min  (30/101 done, 32+36 queued)
[ 1.34h] ok      L16b45.8361 in   7.5 min  (31/101 done, 32+35 queued)
[ 1.48h] ok      L16b45.4637 in  14.0 min  (32/101 done, 32+34 queued)
[ 1.50h] ok      L32b303.046 in  49.9 min  (33/101 done, 32+33 queued)
[ 1.51h] ok      L32b301.663 in  49.9 min  (34/101 done, 31+33 queued)
[ 1.53h] ok      L16b36.2022 in  11.1 min  (35/101 done, 30+33 queued)
[ 1.55h] ok      L16b33.4572 in   3.9 min  (36/101 done, 30+32 queued)
[ 1.59h] ok      L16b32.4034 in   3.9 min  (37/101 done, 30+31 queued)
[ 1.61h] ok      L16b28.5476 in   3.8 min  (38/101 done, 30+30 queued)
[ 1.66h] ok      L16b23.7962 in   3.8 min  (39/101 done, 30+29 queued)
[ 1.67h] ok      L16b23.6203 in   3.8 min  (40/101 done, 30+28 queued)
[ 1.72h] ok      L16b19.9186 in   3.6 min  (41/101 done, 30+27 queued)
[ 1.73h] ok      L16b17.9556 in   3.5 min  (42/101 done, 30+26 queued)
[ 1.78h] ok      L16b17.4088 in   3.5 min  (43/101 done, 30+25 queued)
[ 1.79h] ok      L16b16.1931 in   3.5 min  (44/101 done, 30+24 queued)
[ 1.83h] ok      L16b16.1038 in   3.6 min  (45/101 done, 30+23 queued)
[ 1.85h] ok      L16b15.6045 in   3.5 min  (46/101 done, 30+22 queued)
[ 1.89h] ok      L16b14.9277 in   3.5 min  (47/101 done, 30+21 queued)
[ 1.91h] ok      L16b14.8468 in   3.5 min  (48/101 done, 30+20 queued)
[ 1.95h] ok      L16b12.7822 in   3.4 min  (49/101 done, 30+19 queued)
[ 1.96h] ok      L16b10.5929 in   3.4 min  (50/101 done, 30+18 queued)
[ 2.01h] ok      L16b10.3822 in   3.3 min  (51/101 done, 30+17 queued)
[ 2.02h] ok        L16b10.35 in   3.3 min  (52/101 done, 30+16 queued)
[ 2.06h] ok       L16b9.7754 in   3.3 min  (53/101 done, 30+15 queued)
[ 2.07h] ok      L32b275.229 in  34.0 min  (54/101 done, 30+14 queued)
[ 2.08h] ok       L16b9.7216 in   3.3 min  (55/101 done, 29+14 queued)
[ 2.08h] ok      L32b297.926 in  35.1 min  (56/101 done, 29+13 queued)
[ 2.11h] ok       L16b9.4813 in   3.2 min  (57/101 done, 28+13 queued)
[ 2.13h] ok       L16b9.4479 in   3.2 min  (58/101 done, 28+12 queued)
[ 2.17h] ok       L16b8.2179 in   3.2 min  (59/101 done, 28+11 queued)
[ 2.18h] ok       L16b8.0115 in   3.3 min  (60/101 done, 28+10 queued)
[ 2.23h] ok       L16b5.2793 in   3.6 min  (61/101 done, 28+9 queued)
[ 2.24h] ok       L16b5.1446 in   3.6 min  (62/101 done, 28+8 queued)
[ 2.29h] ok       L16b4.3415 in   3.8 min  (63/101 done, 28+7 queued)
[ 2.31h] ok       L16b4.1819 in   3.8 min  (64/101 done, 28+6 queued)
[ 2.32h] ok       L8b13.0449 in   1.0 min  (65/101 done, 28+5 queued)
[ 2.34h] ok       L8b12.5129 in   1.0 min  (66/101 done, 28+4 queued)
[ 2.35h] ok       L16b4.0544 in   3.8 min  (67/101 done, 28+3 queued)
[ 2.36h] ok        L8b9.7255 in   1.0 min  (68/101 done, 28+2 queued)
[ 2.37h] ok        L8b8.5207 in   1.0 min  (69/101 done, 28+1 queued)
[ 2.37h] ok        L8b6.7687 in   1.0 min  (70/101 done, 27+0 queued)
[ 2.39h] ok        L8b6.4002 in   1.1 min  (71/101 done, 27+0 queued)
[ 2.54h] ok      L32b201.673 in  28.2 min  (72/101 done, 27+0 queued)
[ 2.56h] ok      L32b195.867 in  28.4 min  (73/101 done, 26+0 queued)
[ 2.80h] ok      L32b160.725 in  26.0 min  (74/101 done, 25+0 queued)
[ 2.94h] ok      L32b109.384 in  24.0 min  (75/101 done, 24+0 queued)
[ 2.96h] ok      L32b105.423 in  24.1 min  (76/101 done, 23+0 queued)
[ 3.18h] ok      L32b79.1213 in  22.3 min  (77/101 done, 22+0 queued)
[ 3.29h] ok       L32b69.666 in  20.8 min  (78/101 done, 21+0 queued)
[ 3.30h] ok      L32b67.4996 in  20.7 min  (79/101 done, 20+0 queued)
[ 3.51h] ok      L32b65.1294 in  20.0 min  (80/101 done, 19+0 queued)
[ 3.62h] ok      L32b60.2041 in  20.0 min  (81/101 done, 18+0 queued)
[ 3.63h] ok      L32b58.1503 in  19.4 min  (82/101 done, 17+0 queued)
[ 3.84h] ok      L32b50.6966 in  19.9 min  (83/101 done, 16+0 queued)
[ 3.95h] ok      L32b48.9485 in  19.3 min  (84/101 done, 15+0 queued)
[ 3.95h] ok      L32b50.1067 in  19.8 min  (85/101 done, 14+0 queued)
[ 4.15h] ok      L32b46.4473 in  18.8 min  (86/101 done, 13+0 queued)
[ 4.26h] ok      L32b40.9962 in  18.1 min  (87/101 done, 12+0 queued)
[ 4.26h] ok      L32b45.0584 in  18.7 min  (88/101 done, 11+0 queued)
[ 4.44h] ok      L32b29.9653 in  17.2 min  (89/101 done, 10+0 queued)
[ 4.53h] ok       L32b27.793 in  16.5 min  (90/101 done, 9+0 queued)
[ 4.53h] ok      L32b25.0485 in  16.5 min  (91/101 done, 8+0 queued)
[ 4.72h] ok      L32b23.3695 in  16.5 min  (92/101 done, 7+0 queued)
[ 4.80h] ok      L32b19.4844 in  15.9 min  (93/101 done, 6+0 queued)
[ 4.80h] ok       L32b19.391 in  15.9 min  (94/101 done, 5+0 queued)
[ 4.98h] ok      L32b18.5155 in  15.8 min  (95/101 done, 4+0 queued)
[ 5.04h] ok      L32b12.1743 in  14.5 min  (96/101 done, 3+0 queued)
[ 5.04h] ok      L32b10.4346 in  14.6 min  (97/101 done, 2+0 queued)
[ 5.22h] ok      L32b10.2429 in  14.4 min  (98/101 done, 1+0 queued)
[ 5.28h] ok         L32b8.91 in  13.9 min  (99/101 done, 0+0 queued)
[ 5.28h] ok      L32b10.0876 in  14.4 min  (100/101 done, 0+0 queued)
[ 5.38h] ok       L32b8.3757 in   9.9 min  (101/101 done, 0+0 queued)
all rungs finished in 5.38 h (101 ok, 0 failed)
cpu | torch 2.2.2 | 1 threads
merged 101 shard summaries -> /Users/deeptimanpanda/Documents/inverse_rg_testing/out/u2_2d/data_random/summary.json (101 rungs)
MERGE-DONE 0
