================ exactness2 launch Sun 08/02/2026 18:27:56.20 ================ 
[2026-08-02 18:27:56] STAGE_WAIT_AUDIT_DONE
[2026-08-02 18:27:56] STAGE_CERT_EASY_START: C:\Users\ompan\OneDrive\Desktop\Lattice QCD Research\dev\InverseRG\.venv\Scripts\python.exe C:\Users\ompan\OneDrive\Desktop\Lattice QCD Research\dev\InverseRG\diffusion_v2\scripts\19_ode_reweighting.py --checkpoint C:\Users\ompan\OneDrive\Desktop\Lattice QCD Research\dev\InverseRG\out\diffusion_v2\checkpoints\score_net_rkl2.pt --cases 8:2 --n-configs 256 --exact-ref --out C:\Users\ompan\OneDrive\Desktop\Lattice QCD Research\dev\InverseRG\out\diffusion_v2\exactness2\cert_easy
case L=8 beta=2.0 ...
  {"n": 256, "ess_per_n": 0.0039479685947299, "log_weight_std": 6.878293037414551, "log_weight_range": 41.68450927734375, "ess_per_n_fiber": 0.003962814807891846, "log_weight_std_fiber": 6.8813652992248535, "log_weight_range_fiber": 39.55293273925781, "free_energy_certificate": {"log_mean_w": 188.10775728087415, "exact_delta_F": 287.0446936122223, "gap": -98.93693633134816, "sem": 0.992809325689666, "n": 256, "kl_from_mean_log_w": 120.16269346392596, "kl_sem": 0.43008534508820206, "kl_per_site": 0.9387710426869216}, "fine_L": 8, "fine_beta": 2.0, "coarse_L": 4, "coarse_beta": 0.488104328097667, "imh_acceptance": 0.027450980392156862, "seconds_hmc_base": 3.0, "seconds_ode_sample": 333.8, "ode_steps": 120, "n_probes": 2}
wrote C:\Users\ompan\OneDrive\Desktop\Lattice QCD Research\dev\InverseRG\out\diffusion_v2\exactness2\cert_easy\report.md
[2026-08-02 18:33:41] STAGE_CERT_EASY_DONE (5.8 min)
[2026-08-02 18:33:41] STAGE_AIS_RICH_START: C:\Users\ompan\OneDrive\Desktop\Lattice QCD Research\dev\InverseRG\.venv\Scripts\python.exe C:\Users\ompan\OneDrive\Desktop\Lattice QCD Research\dev\InverseRG\diffusion_v2\scripts\28_ais_transport.py --checkpoint C:\Users\ompan\OneDrive\Desktop\Lattice QCD Research\dev\InverseRG\out\diffusion_v2\checkpoints\score_net_rkl2.pt --cases 16:14.1464 16:55.0237 32:55.0237 32:218.58 --n-configs 96 --n-bridge 48 --out C:\Users\ompan\OneDrive\Desktop\Lattice QCD Research\dev\InverseRG\out\diffusion_v2\ais_transport_rich
case L=16 beta=14.1464 ...
  {"before_std": 17.0, "after_std_heldout": 1120.38, "ess_heldout": 0.021, "r2": 0.793, "acc": 0.79, "sec": [236.8, 24.0]}
case L=16 beta=55.0237 ...
  {"before_std": 17.6, "after_std_heldout": 18.44, "ess_heldout": 0.026, "r2": 0.336, "acc": 0.99, "sec": [235.4, 45.8]}
case L=32 beta=55.0237 ...
  {"before_std": 36.4, "after_std_heldout": 18650.61, "ess_heldout": 0.021, "r2": 0.709, "acc": 0.9, "sec": [659.2, 59.2]}
case L=32 beta=218.58 ...
  {"before_std": 117.5, "after_std_heldout": 45.35, "ess_heldout": 0.021, "r2": 0.845, "acc": 0.99, "sec": [648.3, 112.4]}
wrote C:\Users\ompan\OneDrive\Desktop\Lattice QCD Research\dev\InverseRG\out\diffusion_v2\ais_transport_rich\report.md
[2026-08-02 19:07:27] STAGE_AIS_RICH_DONE (33.8 min)
[2026-08-02 19:07:27] STAGE_BURNIN_L64_START: C:\Users\ompan\OneDrive\Desktop\Lattice QCD Research\dev\InverseRG\.venv\Scripts\python.exe C:\Users\ompan\OneDrive\Desktop\Lattice QCD Research\dev\InverseRG\diffusion_v2\scripts\16_h2h_burnin_scan.py --betas 55.0237 --burn-ins 1600,6400 --lattice-size 64 --n-chains 16 --n-prod 320 --baseline-summary C:\Users\ompan\OneDrive\Desktop\Lattice QCD Research\dev\InverseRG\out\diffusion_v2\diffusion_vs_instanton\L64\summary.json --out-dir C:\Users\ompan\OneDrive\Desktop\Lattice QCD Research\dev\InverseRG\out\diffusion_v2\diffusion_vs_instanton\L64\burnin_scan
beta=55.0237 burn-in=1600 ...
  max wilson |z|=6.5, Q^2 z=+1.3, 135s
beta=55.0237 burn-in=6400 ...
  max wilson |z|=6.3, Q^2 z=+0.6, 497s
report: C:\Users\ompan\OneDrive\Desktop\Lattice QCD Research\dev\InverseRG\out\diffusion_v2\diffusion_vs_instanton\L64\burnin_scan\report.md
[2026-08-02 19:18:20] STAGE_BURNIN_L64_DONE (10.9 min)
[2026-08-02 19:18:20] report: C:\Users\ompan\OneDrive\Desktop\Lattice QCD Research\dev\InverseRG\out\diffusion_v2\exactness2\report.md
[2026-08-02 19:18:20] CHAIN_DONE
