[12:45:54] START w1_06_figures
[12:50:07] OK    w1_06_figures
[12:50:07] START w1_11_wilson_dist
[12:50:21] OK    w1_11_wilson_dist
[12:50:21] START w1_22_dist_L32
[12:51:16] OK    w1_22_dist_L32
[12:51:16] START w1_22_dist_L64
[12:57:06] OK    w1_22_dist_L64
[12:57:07] START w1_29_honest
[12:59:47] OK    w1_29_honest
[12:59:47] START w1_33_retherm_scan
[13:00:23] OK    w1_33_retherm_scan
[13:00:23] START w1_u1_07_scaling
[13:00:28] FAIL  w1_u1_07_scaling  (see out/u2_2d/_rerun_logs/w1_u1_07_scaling.err)
    return io.open(self, mode, buffering, encoding, errors, newline)
           ~~~~~~~^^^^^^^^^^^^^^^^^^^^^^^^^^^^^^^^^^^^^^^^^^^^^^^^^^
FileNotFoundError: [Errno 2] No such file or directory: 'out\\u1_2d\\demo\\generalization\\summary.json'
[13:00:28] START w1_u1_51_volume
[13:00:34] OK    w1_u1_51_volume
[13:00:34] WAVE 1 DONE
